Archive member included to satisfy reference by file (symbol)

/opt/gcc-arm-none-eabi-6-2017-q2-update/bin/../lib/gcc/arm-none-eabi/6.3.1/thumb/v7-m/libgcc.a(_arm_addsubdf3.o)
                              /tmp/ccwBA5JV.ltrans2.ltrans.o (__aeabi_dsub)
/opt/gcc-arm-none-eabi-6-2017-q2-update/bin/../lib/gcc/arm-none-eabi/6.3.1/thumb/v7-m/libgcc.a(_arm_muldivdf3.o)
                              /tmp/ccwBA5JV.ltrans0.ltrans.o (__aeabi_dmul)
/opt/gcc-arm-none-eabi-6-2017-q2-update/bin/../lib/gcc/arm-none-eabi/6.3.1/thumb/v7-m/libgcc.a(_arm_fixdfsi.o)
                              /tmp/ccwBA5JV.ltrans2.ltrans.o (__aeabi_d2iz)
/opt/gcc-arm-none-eabi-6-2017-q2-update/bin/../lib/gcc/arm-none-eabi/6.3.1/thumb/v7-m/libgcc.a(_arm_fixunsdfsi.o)
                              /tmp/ccwBA5JV.ltrans0.ltrans.o (__aeabi_d2uiz)
/opt/gcc-arm-none-eabi-6-2017-q2-update/bin/../lib/gcc/arm-none-eabi/6.3.1/thumb/v7-m/libgcc.a(_arm_truncdfsf2.o)
                              /tmp/ccwBA5JV.ltrans2.ltrans.o (__aeabi_d2f)
/opt/gcc-arm-none-eabi-6-2017-q2-update/bin/../lib/gcc/arm-none-eabi/6.3.1/thumb/v7-m/libgcc.a(_arm_cmpsf2.o)
                              /tmp/ccwBA5JV.ltrans2.ltrans.o (__aeabi_fcmplt)
/opt/gcc-arm-none-eabi-6-2017-q2-update/bin/../lib/gcc/arm-none-eabi/6.3.1/thumb/v7-m/libgcc.a(_arm_fixsfsi.o)
                              /tmp/ccwBA5JV.ltrans2.ltrans.o (__aeabi_f2iz)

Discarded input sections

 .data          0x0000000000000000        0x0 build/obj/crt0_v7m.o
 .bss           0x0000000000000000        0x0 build/obj/crt0_v7m.o
 .data          0x0000000000000000        0x0 build/obj/chcoreasm_v7m.o
 .bss           0x0000000000000000        0x0 build/obj/chcoreasm_v7m.o
 .text          0x0000000000000000        0x0 build/obj/crt1.o (symbol from plugin)
 .text          0x0000000000000000        0x0 /tmp/ccwBA5JV.ltrans0.ltrans.o
 .data          0x0000000000000000        0x0 /tmp/ccwBA5JV.ltrans0.ltrans.o
 .bss           0x0000000000000000        0x0 /tmp/ccwBA5JV.ltrans0.ltrans.o
 .text          0x0000000000000000        0x0 /tmp/ccwBA5JV.ltrans1.ltrans.o
 .data          0x0000000000000000        0x0 /tmp/ccwBA5JV.ltrans1.ltrans.o
 .bss           0x0000000000000000        0x0 /tmp/ccwBA5JV.ltrans1.ltrans.o
 .text          0x0000000000000000        0x0 /tmp/ccwBA5JV.ltrans2.ltrans.o
 .data          0x0000000000000000        0x0 /tmp/ccwBA5JV.ltrans2.ltrans.o
 .bss           0x0000000000000000        0x0 /tmp/ccwBA5JV.ltrans2.ltrans.o
 .text          0x0000000000000000        0x0 build/obj/vectors.o (symbol from plugin)
 .text          0x0000000000000000        0x0 build/obj/chsys.o (symbol from plugin)
 .text          0x0000000000000000        0x0 build/obj/chdebug.o (symbol from plugin)
 .text          0x0000000000000000        0x0 build/obj/chtrace.o (symbol from plugin)
 .text          0x0000000000000000        0x0 build/obj/chvt.o (symbol from plugin)
 .text          0x0000000000000000        0x0 build/obj/chschd.o (symbol from plugin)
 .text          0x0000000000000000        0x0 build/obj/chthreads.o (symbol from plugin)
 .text          0x0000000000000000        0x0 build/obj/chregistry.o (symbol from plugin)
 .text          0x0000000000000000        0x0 build/obj/chsem.o (symbol from plugin)
 .text          0x0000000000000000        0x0 build/obj/chmtx.o (symbol from plugin)
 .text          0x0000000000000000        0x0 build/obj/chcond.o (symbol from plugin)
 .text          0x0000000000000000        0x0 build/obj/chevents.o (symbol from plugin)
 .text          0x0000000000000000        0x0 build/obj/chmsg.o (symbol from plugin)
 .text          0x0000000000000000        0x0 build/obj/chdynamic.o (symbol from plugin)
 .text          0x0000000000000000        0x0 build/obj/chmboxes.o (symbol from plugin)
 .text          0x0000000000000000        0x0 build/obj/chmemcore.o (symbol from plugin)
 .text          0x0000000000000000        0x0 build/obj/chheap.o (symbol from plugin)
 .text          0x0000000000000000        0x0 build/obj/chmempools.o (symbol from plugin)
 .text          0x0000000000000000        0x0 build/obj/chcore.o (symbol from plugin)
 .text          0x0000000000000000        0x0 build/obj/chcore_v7m.o (symbol from plugin)
 .text          0x0000000000000000        0x0 build/obj/osal.o (symbol from plugin)
 .text          0x0000000000000000        0x0 build/obj/hal.o (symbol from plugin)
 .text          0x0000000000000000        0x0 build/obj/hal_st.o (symbol from plugin)
 .text          0x0000000000000000        0x0 build/obj/hal_buffers.o (symbol from plugin)
 .text          0x0000000000000000        0x0 build/obj/hal_queues.o (symbol from plugin)
 .text          0x0000000000000000        0x0 build/obj/hal_mmcsd.o (symbol from plugin)
 .text          0x0000000000000000        0x0 build/obj/hal_adc.o (symbol from plugin)
 .text          0x0000000000000000        0x0 build/obj/hal_icu.o (symbol from plugin)
 .text          0x0000000000000000        0x0 build/obj/hal_pal.o (symbol from plugin)
[...]
Memory Configuration

Name             Origin             Length             Attributes
flash0           0x0000000008000000 0x0000000000020000
flash1           0x0000000000000000 0x0000000000000000
flash2           0x0000000000000000 0x0000000000000000
flash3           0x0000000000000000 0x0000000000000000
flash4           0x0000000000000000 0x0000000000000000
flash5           0x0000000000000000 0x0000000000000000
flash6           0x0000000000000000 0x0000000000000000
flash7           0x0000000000000000 0x0000000000000000
ram0             0x0000000020000000 0x0000000000002000
ram1             0x0000000000000000 0x0000000000000000
ram2             0x0000000000000000 0x0000000000000000
ram3             0x0000000000000000 0x0000000000000000
ram4             0x0000000000000000 0x0000000000000000
ram5             0x0000000000000000 0x0000000000000000
ram6             0x0000000000000000 0x0000000000000000
ram7             0x0000000000000000 0x0000000000000000
*default*        0x0000000000000000 0xffffffffffffffff

Linker script and memory map

LOAD build/obj/crt0_v7m.o
LOAD build/obj/chcoreasm_v7m.o
LOAD build/obj/crt1.o
LOAD /tmp/ccwBA5JV.ltrans0.ltrans.o
LOAD /tmp/ccwBA5JV.ltrans1.ltrans.o
LOAD /tmp/ccwBA5JV.ltrans2.ltrans.o
LOAD build/obj/vectors.o
LOAD build/obj/chsys.o
LOAD build/obj/chdebug.o
LOAD build/obj/chtrace.o
LOAD build/obj/chvt.o
LOAD build/obj/chschd.o
LOAD build/obj/chthreads.o
LOAD build/obj/chregistry.o
LOAD build/obj/chsem.o
LOAD build/obj/chmtx.o
LOAD build/obj/chcond.o
LOAD build/obj/chevents.o
LOAD build/obj/chmsg.o
LOAD build/obj/chdynamic.o
LOAD build/obj/chmboxes.o
LOAD build/obj/chmemcore.o
LOAD build/obj/chheap.o
LOAD build/obj/chmempools.o
LOAD build/obj/chcore.o
LOAD build/obj/chcore_v7m.o
LOAD build/obj/osal.o
LOAD build/obj/hal.o
LOAD build/obj/hal_st.o
LOAD build/obj/hal_buffers.o
LOAD build/obj/hal_queues.o
LOAD build/obj/hal_mmcsd.o
LOAD build/obj/hal_adc.o
LOAD build/obj/hal_icu.o
LOAD build/obj/hal_pal.o
LOAD build/obj/hal_serial.o
LOAD build/obj/hal_spi.o
LOAD build/obj/nvic.o
LOAD build/obj/hal_lld.o
LOAD build/obj/hal_adc_lld.o
LOAD build/obj/stm32_dma.o
LOAD build/obj/hal_pal_lld.o
LOAD build/obj/hal_spi_lld.o
LOAD build/obj/hal_st_lld.o
LOAD build/obj/hal_icu_lld.o
LOAD build/obj/hal_serial_lld.o
LOAD build/obj/board.o
LOAD build/obj/ch_test.o
LOAD build/obj/test_root.o
LOAD build/obj/test_sequence_001.o
LOAD build/obj/test_sequence_002.o
LOAD build/obj/test_sequence_003.o
LOAD build/obj/test_sequence_004.o
LOAD build/obj/test_sequence_005.o
LOAD build/obj/test_sequence_006.o
LOAD build/obj/test_sequence_007.o
LOAD build/obj/test_sequence_008.o
LOAD build/obj/test_sequence_009.o
LOAD build/obj/test_sequence_010.o
LOAD build/obj/test_sequence_011.o
LOAD build/obj/test_sequence_012.o
LOAD build/obj/test_sequence_013.o
LOAD build/obj/memstreams.o
LOAD build/obj/chprintf.o
LOAD build/obj/main.o

.mstack         0x0000000020000000      0x400
                0x0000000020000000                . = ALIGN (0x8)
                0x0000000020000000                __main_stack_base__ = .
                0x0000000020000400                . = (. + __main_stack_size__)
 *fill*         0x0000000020000000      0x400 
                0x0000000020000400                . = ALIGN (0x8)
                0x0000000020000400                __main_stack_end__ = .

.pstack         0x0000000020000400      0x400
                0x0000000020000400                __process_stack_base__ = .
                0x0000000020000400                __main_thread_stack_base__ = .
                0x0000000020000800                . = (. + __process_stack_size__)
 *fill*         0x0000000020000400      0x400 
                0x0000000020000800                . = ALIGN (0x8)
                0x0000000020000800                __process_stack_end__ = .
                0x0000000020000800                __main_thread_stack_end__ = .

.vectors        0x0000000008000000      0x160
 *(.vectors)
 .vectors       0x0000000008000000      0x160 /tmp/ccwBA5JV.ltrans0.ltrans.o
                0x0000000008000000                _vectors

.xtors          0x0000000008000160        0x0
                0x0000000008000160                __init_array_start = .
 *(SORT(.init_array.*))
 *(.init_array)
                0x0000000008000160                __init_array_end = .
                0x0000000008000160                __fini_array_start = .
 *(.fini_array)
 *(SORT(.fini_array.*))
                0x0000000008000160                __fini_array_end = .

.text           0x0000000008000160     0x2a58
 *(.text)
 .text          0x0000000008000160       0xd4 build/obj/crt0_v7m.o
                0x0000000008000160                Reset_Handler
 .text          0x0000000008000234       0x28 build/obj/chcoreasm_v7m.o
                0x0000000008000234                _port_switch
                0x0000000008000244                _port_thread_start
                0x0000000008000254                _port_switch_from_isr
                0x0000000008000258                _port_exit_from_isr
 .text          0x000000000800025c      0x370 /opt/gcc-arm-none-eabi-6-2017-q2-update/bin/../lib/gcc/arm-none-eabi/6.3.1/thumb/v7-m/libgcc.a(_arm_addsubdf3.o)
                0x000000000800025c                __aeabi_drsub
                0x0000000008000264                __aeabi_dsub
                0x0000000008000264                __subdf3
                0x0000000008000268                __adddf3
                0x0000000008000268                __aeabi_dadd
                0x00000000080004e0                __aeabi_ui2d
                0x00000000080004e0                __floatunsidf
                0x0000000008000500                __floatsidf
                0x0000000008000500                __aeabi_i2d
                0x0000000008000524                __extendsfdf2
                0x0000000008000524                __aeabi_f2d
                0x0000000008000560                __aeabi_ul2d
                0x0000000008000560                __floatundidf
                0x0000000008000570                __floatdidf
                0x0000000008000570                __aeabi_l2d
 .text          0x00000000080005cc      0x424 /opt/gcc-arm-none-eabi-6-2017-q2-update/bin/../lib/gcc/arm-none-eabi/6.3.1/thumb/v7-m/libgcc.a(_arm_muldivdf3.o)
                0x00000000080005cc                __aeabi_dmul
                0x00000000080005cc                __muldf3
                0x0000000008000820                __aeabi_ddiv
                0x0000000008000820                __divdf3
 .text          0x00000000080009f0       0x50 /opt/gcc-arm-none-eabi-6-2017-q2-update/bin/../lib/gcc/arm-none-eabi/6.3.1/thumb/v7-m/libgcc.a(_arm_fixdfsi.o)
                0x00000000080009f0                __fixdfsi
                0x00000000080009f0                __aeabi_d2iz
 .text          0x0000000008000a40       0x40 /opt/gcc-arm-none-eabi-6-2017-q2-update/bin/../lib/gcc/arm-none-eabi/6.3.1/thumb/v7-m/libgcc.a(_arm_fixunsdfsi.o)
                0x0000000008000a40                __fixunsdfsi
                0x0000000008000a40                __aeabi_d2uiz
 .text          0x0000000008000a80       0xa0 /opt/gcc-arm-none-eabi-6-2017-q2-update/bin/../lib/gcc/arm-none-eabi/6.3.1/thumb/v7-m/libgcc.a(_arm_truncdfsf2.o)
                0x0000000008000a80                __aeabi_d2f
                0x0000000008000a80                __truncdfsf2
 .text          0x0000000008000b20       0xec /opt/gcc-arm-none-eabi-6-2017-q2-update/bin/../lib/gcc/arm-none-eabi/6.3.1/thumb/v7-m/libgcc.a(_arm_cmpsf2.o)
                0x0000000008000b20                __gtsf2
                0x0000000008000b20                __gesf2
                0x0000000008000b28                __lesf2
                0x0000000008000b28                __ltsf2
                0x0000000008000b30                __nesf2
                0x0000000008000b30                __eqsf2
                0x0000000008000b30                __cmpsf2
                0x0000000008000b90                __aeabi_cfrcmple
                0x0000000008000b98                __aeabi_cfcmple
                0x0000000008000b98                __aeabi_cfcmpeq
                0x0000000008000ba8                __aeabi_fcmpeq
                0x0000000008000bbc                __aeabi_fcmplt
                0x0000000008000bd0                __aeabi_fcmple
                0x0000000008000be4                __aeabi_fcmpge
                0x0000000008000bf8                __aeabi_fcmpgt
 .text          0x0000000008000c0c       0x4c /opt/gcc-arm-none-eabi-6-2017-q2-update/bin/../lib/gcc/arm-none-eabi/6.3.1/thumb/v7-m/libgcc.a(_arm_fixsfsi.o)
                0x0000000008000c0c                __fixsfsi
                0x0000000008000c0c                __aeabi_f2iz
 *(.text.*)
 *fill*         0x0000000008000c58        0x8 
 .text.notify3  0x0000000008000c60       0x10 /tmp/ccwBA5JV.ltrans0.ltrans.o
 .text.icuwidthcb
                0x0000000008000c70       0x80 /tmp/ccwBA5JV.ltrans0.ltrans.o
 .text.VectorAC
                0x0000000008000cf0        0x4 /tmp/ccwBA5JV.ltrans0.ltrans.o
 *fill*         0x0000000008000cf4        0xc 
 .text.Thread1  0x0000000008000d00       0x64 /tmp/ccwBA5JV.ltrans0.ltrans.o
 *fill*         0x0000000008000d64        0xc 
 .text.VectorDC
                0x0000000008000d70      0x1b8 /tmp/ccwBA5JV.ltrans0.ltrans.o
 *fill*         0x0000000008000f28        0x8 
 .text.startup.main
                0x0000000008000f30      0x918 /tmp/ccwBA5JV.ltrans0.ltrans.o
                0x0000000008000f30                main
 *fill*         0x0000000008001848        0x8 
 .text.__early_init
                0x0000000008001850       0x7c /tmp/ccwBA5JV.ltrans0.ltrans.o
                0x0000000008001850                __early_init
 *fill*         0x00000000080018cc        0x4 
 .text.SVC_Handler
                0x00000000080018d0       0x1c /tmp/ccwBA5JV.ltrans1.ltrans.o
                0x00000000080018d0                SVC_Handler
 *fill*         0x00000000080018ec        0x4 
 .text.chCoreAllocAlignedWithOffset
                0x00000000080018f0       0x44 /tmp/ccwBA5JV.ltrans1.ltrans.o
                0x00000000080018f0                chCoreAllocAlignedWithOffset
 *fill*         0x0000000008001934        0xc 
 .text.wakeup   0x0000000008001940       0x70 /tmp/ccwBA5JV.ltrans1.ltrans.o
 .text._idle_thread.lto_priv.45
                0x00000000080019b0        0x4 /tmp/ccwBA5JV.ltrans1.ltrans.o
                0x00000000080019b0                _idle_thread.lto_priv.45
 *fill*         0x00000000080019b4        0xc 
 .text._port_irq_epilogue
                0x00000000080019c0       0x5c /tmp/ccwBA5JV.ltrans1.ltrans.o
                0x00000000080019c0                _port_irq_epilogue
 *fill*         0x0000000008001a1c        0x4 
 .text.VectorA4
                0x0000000008001a20       0x98 /tmp/ccwBA5JV.ltrans1.ltrans.o
                0x0000000008001a20                VectorA4
 *fill*         0x0000000008001ab8        0x8 
 .text.VectorB0
                0x0000000008001ac0       0xa0 /tmp/ccwBA5JV.ltrans1.ltrans.o
                0x0000000008001ac0                VectorB0
 .text.Vector84
                0x0000000008001b60       0x3c /tmp/ccwBA5JV.ltrans1.ltrans.o
                0x0000000008001b60                Vector84
 *fill*         0x0000000008001b9c        0x4 
 .text.Vector80
                0x0000000008001ba0       0x3c /tmp/ccwBA5JV.ltrans1.ltrans.o
                0x0000000008001ba0                Vector80
 *fill*         0x0000000008001bdc        0x4 
 .text.Vector7C
                0x0000000008001be0       0x3c /tmp/ccwBA5JV.ltrans1.ltrans.o
                0x0000000008001be0                Vector7C
 *fill*         0x0000000008001c1c        0x4 
 .text.Vector78
                0x0000000008001c20       0x3c /tmp/ccwBA5JV.ltrans1.ltrans.o
                0x0000000008001c20                Vector78
 *fill*         0x0000000008001c5c        0x4 
 .text.Vector74
                0x0000000008001c60       0x3c /tmp/ccwBA5JV.ltrans1.ltrans.o
                0x0000000008001c60                Vector74
 *fill*         0x0000000008001c9c        0x4 
 .text.Vector70
                0x0000000008001ca0       0x3c /tmp/ccwBA5JV.ltrans1.ltrans.o
                0x0000000008001ca0                Vector70
 *fill*         0x0000000008001cdc        0x4 
 .text.Vector6C
                0x0000000008001ce0       0x34 /tmp/ccwBA5JV.ltrans1.ltrans.o
                0x0000000008001ce0                Vector6C
 *fill*         0x0000000008001d14        0xc 
 .text.chSchDoReschedule
                0x0000000008001d20       0x40 /tmp/ccwBA5JV.ltrans1.ltrans.o
                0x0000000008001d20                chSchDoReschedule
 .text.chSchGoSleepS
                0x0000000008001d60       0x28 /tmp/ccwBA5JV.ltrans1.ltrans.o
                0x0000000008001d60                chSchGoSleepS
 *fill*         0x0000000008001d88        0x8 
 .text.chSchGoSleepTimeoutS
                0x0000000008001d90      0x148 /tmp/ccwBA5JV.ltrans1.ltrans.o
 *fill*         0x0000000008001ed8        0x8 
 .text.chThdEnqueueTimeoutS
                0x0000000008001ee0       0x28 /tmp/ccwBA5JV.ltrans1.ltrans.o
 *fill*         0x0000000008001f08        0x8 
 .text.oqWriteTimeout
                0x0000000008001f10       0xb4 /tmp/ccwBA5JV.ltrans1.ltrans.o
 *fill*         0x0000000008001fc4        0xc 
 .text._writet.lto_priv.52
                0x0000000008001fd0        0x8 /tmp/ccwBA5JV.ltrans1.ltrans.o
                0x0000000008001fd0                _writet.lto_priv.52
 *fill*         0x0000000008001fd8        0x8 
 .text._write.lto_priv.46
                0x0000000008001fe0        0xc /tmp/ccwBA5JV.ltrans1.ltrans.o
                0x0000000008001fe0                _write.lto_priv.46
 *fill*         0x0000000008001fec        0x4 
 .text.oqPutTimeout
                0x0000000008001ff0       0x54 /tmp/ccwBA5JV.ltrans1.ltrans.o
 *fill*         0x0000000008002044        0xc 
 .text._putt.lto_priv.50
                0x0000000008002050        0x8 /tmp/ccwBA5JV.ltrans1.ltrans.o
                0x0000000008002050                _putt.lto_priv.50
 *fill*         0x0000000008002058        0x8 
 .text._put.lto_priv.48
                0x0000000008002060        0xc /tmp/ccwBA5JV.ltrans1.ltrans.o
                0x0000000008002060                _put.lto_priv.48
 *fill*         0x000000000800206c        0x4 
 .text.iqReadTimeout
                0x0000000008002070       0xb8 /tmp/ccwBA5JV.ltrans1.ltrans.o
 *fill*         0x0000000008002128        0x8 
 .text._readt.lto_priv.53
                0x0000000008002130        0x8 /tmp/ccwBA5JV.ltrans1.ltrans.o
                0x0000000008002130                _readt.lto_priv.53
 *fill*         0x0000000008002138        0x8 
 .text._read.lto_priv.47
                0x0000000008002140        0xc /tmp/ccwBA5JV.ltrans1.ltrans.o
                0x0000000008002140                _read.lto_priv.47
 *fill*         0x000000000800214c        0x4 
 .text.iqGetTimeout
                0x0000000008002150       0x54 /tmp/ccwBA5JV.ltrans1.ltrans.o
 *fill*         0x00000000080021a4        0xc 
 .text._gett.lto_priv.51
                0x00000000080021b0        0x8 /tmp/ccwBA5JV.ltrans1.ltrans.o
                0x00000000080021b0                _gett.lto_priv.51
 *fill*         0x00000000080021b8        0x8 
 .text._get.lto_priv.49
                0x00000000080021c0        0xc /tmp/ccwBA5JV.ltrans1.ltrans.o
                0x00000000080021c0                _get.lto_priv.49
 *fill*         0x00000000080021cc        0x4 
 .text.chThdSleep
                0x00000000080021d0       0x18 /tmp/ccwBA5JV.ltrans1.ltrans.o
                0x00000000080021d0                chThdSleep
 *fill*         0x00000000080021e8        0x8 
 .text.chSchReadyI
                0x00000000080021f0       0x2c /tmp/ccwBA5JV.ltrans1.ltrans.o
                0x00000000080021f0                chSchReadyI
 *fill*         0x000000000800221c        0x4 
 .text.adc_lld_serve_rx_interrupt.lto_priv.44
                0x0000000008002220      0x114 /tmp/ccwBA5JV.ltrans1.ltrans.o
                0x0000000008002220                adc_lld_serve_rx_interrupt.lto_priv.44
 *fill*         0x0000000008002334        0xc 
 .text.chThdExit
                0x0000000008002340       0x50 /tmp/ccwBA5JV.ltrans1.ltrans.o
                0x0000000008002340                chThdExit
 .text._unhandled_exception
                0x0000000008002390        0x4 /tmp/ccwBA5JV.ltrans1.ltrans.o
                0x0000000008002390                Vector58
                0x0000000008002390                VectorE8
                0x0000000008002390                Vector9C
                0x0000000008002390                DebugMon_Handler
                0x0000000008002390                Vector5C
                0x0000000008002390                Vector11C
                0x0000000008002390                HardFault_Handler
                0x0000000008002390                Vector8C
                0x0000000008002390                SysTick_Handler
                0x0000000008002390                PendSV_Handler
                0x0000000008002390                NMI_Handler
                0x0000000008002390                Vector110
                0x0000000008002390                Vector120
                0x0000000008002390                VectorC8
                0x0000000008002390                Vector94
                0x0000000008002390                VectorA8
                0x0000000008002390                VectorB4
                0x0000000008002390                UsageFault_Handler
                0x0000000008002390                VectorEC
                0x0000000008002390                Vector40
                0x0000000008002390                VectorF8
                0x0000000008002390                Vector108
                0x0000000008002390                VectorBC
                0x0000000008002390                Vector150
                0x0000000008002390                Vector124
                0x0000000008002390                Vector148
                0x0000000008002390                Vector118
                0x0000000008002390                Vector64
                0x0000000008002390                VectorCC
                0x0000000008002390                Vector54
                0x0000000008002390                Vector98
                0x0000000008002390                VectorD8
                0x0000000008002390                Vector138
                0x0000000008002390                Vector24
                0x0000000008002390                VectorD0
                0x0000000008002390                Vector140
                0x0000000008002390                VectorE4
                0x0000000008002390                VectorC0
                0x0000000008002390                Vector158
                0x0000000008002390                Vector130
                0x0000000008002390                Vector134
                0x0000000008002390                VectorF0
                0x0000000008002390                Vector12C
                0x0000000008002390                Vector13C
                0x0000000008002390                Vector100
                0x0000000008002390                VectorE0
                0x0000000008002390                VectorF4
                0x0000000008002390                MemManage_Handler
                0x0000000008002390                VectorA0
                0x0000000008002390                VectorC4
                0x0000000008002390                Vector90
                0x0000000008002390                Vector114
                0x0000000008002390                Vector60
                0x0000000008002390                Vector1C
                0x0000000008002390                Vector48
                0x0000000008002390                VectorD4
                0x0000000008002390                Vector4C
                0x0000000008002390                Vector144
                0x0000000008002390                Vector15C
                0x0000000008002390                Vector68
                0x0000000008002390                _unhandled_exception
                0x0000000008002390                Vector88
                0x0000000008002390                Vector104
                0x0000000008002390                Vector10C
                0x0000000008002390                Vector14C
                0x0000000008002390                BusFault_Handler
                0x0000000008002390                Vector50
                0x0000000008002390                Vector154
                0x0000000008002390                Vector44
                0x0000000008002390                Vector28
                0x0000000008002390                VectorB8
                0x0000000008002390                VectorFC
                0x0000000008002390                Vector34
                0x0000000008002390                Vector128
                0x0000000008002390                Vector20
 *fill*         0x0000000008002394        0xc 
 .text.__init_ram_areas
                0x00000000080023a0       0x64 /tmp/ccwBA5JV.ltrans1.ltrans.o
                0x00000000080023a0                __init_ram_areas
 *fill*         0x0000000008002404        0xc 
 .text.__default_exit
                0x0000000008002410        0x4 /tmp/ccwBA5JV.ltrans1.ltrans.o
                0x0000000008002410                __default_exit
 *fill*         0x0000000008002414        0xc 
 .text.__late_init
                0x0000000008002420        0x4 /tmp/ccwBA5JV.ltrans1.ltrans.o
                0x0000000008002420                __late_init
 *fill*         0x0000000008002424        0xc 
 .text.__core_init
                0x0000000008002430        0x4 /tmp/ccwBA5JV.ltrans1.ltrans.o
                0x0000000008002430                __core_init
 *fill*         0x0000000008002434        0xc 
 .text.chSchWakeupS.constprop.43
                0x0000000008002440       0x5c /tmp/ccwBA5JV.ltrans2.ltrans.o
                0x0000000008002440                chSchWakeupS.constprop.43
 *fill*         0x000000000800249c        0x4 
 .text.chEvtBroadcastFlagsI.constprop.36
                0x00000000080024a0       0x64 /tmp/ccwBA5JV.ltrans2.ltrans.o
                0x00000000080024a0                chEvtBroadcastFlagsI.constprop.36
 *fill*         0x0000000008002504        0xc 
 .text.adc_lld_start_conversion.constprop.22
                0x0000000008002510       0x7c /tmp/ccwBA5JV.ltrans2.ltrans.o
                0x0000000008002510                adc_lld_start_conversion.constprop.22
 *fill*         0x000000000800258c        0x4 
 .text._pal_lld_setgroupmode.constprop.6
                0x0000000008002590       0x6c /tmp/ccwBA5JV.ltrans2.ltrans.o
                0x0000000008002590                _pal_lld_setgroupmode.constprop.6
 *fill*         0x00000000080025fc        0x4 
 .text.chprintf.constprop.0
                0x0000000008002600      0x5b8 /tmp/ccwBA5JV.ltrans2.ltrans.o
                0x0000000008002600                chprintf.constprop.0
 *(.glue_7t)
 .glue_7t       0x0000000008002bb8        0x0 linker stubs
 *(.glue_7)
 .glue_7        0x0000000008002bb8        0x0 linker stubs
 *(.gcc*)

.vfp11_veneer   0x0000000008002bb8        0x0
 .vfp11_veneer  0x0000000008002bb8        0x0 linker stubs

.v4_bx          0x0000000008002bb8        0x0
 .v4_bx         0x0000000008002bb8        0x0 linker stubs

.iplt           0x0000000008002bb8        0x0
 .iplt          0x0000000008002bb8        0x0 build/obj/crt0_v7m.o

.rodata         0x0000000008002bb8      0x1d0
                0x0000000008002bb8                . = ALIGN (0x4)
                0x0000000008002bb8                __rodata_base__ = .
 *(.rodata)
 *(.rodata.*)
 .rodata.Thread1.str1.4
                0x0000000008002bb8        0x8 /tmp/ccwBA5JV.ltrans0.ltrans.o
 .rodata._stm32_dma_streams
                0x0000000008002bc0       0x8c /tmp/ccwBA5JV.ltrans0.ltrans.o
 .rodata.adcgrpcfg
                0x0000000008002c4c       0x28 /tmp/ccwBA5JV.ltrans0.ltrans.o
 .rodata.ch_debug
                0x0000000008002c74       0x16 /tmp/ccwBA5JV.ltrans0.ltrans.o
 *fill*         0x0000000008002c8a        0x2 
 .rodata.main.str1.4
                0x0000000008002c8c       0x1a /tmp/ccwBA5JV.ltrans0.ltrans.o
 *fill*         0x0000000008002ca6        0x2 
 .rodata.vmt    0x0000000008002ca8       0x20 /tmp/ccwBA5JV.ltrans0.ltrans.o
 .rodata.ram_areas
                0x0000000008002cc8       0x80 /tmp/ccwBA5JV.ltrans1.ltrans.o
 .rodata.cfgtab.6830
                0x0000000008002d48       0x12 /tmp/ccwBA5JV.ltrans2.ltrans.o
 *fill*         0x0000000008002d5a        0x2 
 .rodata.chprintf.constprop.0.str1.4
                0x0000000008002d5c        0x8 /tmp/ccwBA5JV.ltrans2.ltrans.o
                                         0x13 (size before relaxing)
 .rodata.pow10  0x0000000008002d64       0x24 /tmp/ccwBA5JV.ltrans2.ltrans.o
                0x0000000008002d88                . = ALIGN (0x4)
                0x0000000008002d88                __rodata_end__ = .

.rel.dyn        0x0000000008002d88        0x0
 .rel.iplt      0x0000000008002d88        0x0 build/obj/crt0_v7m.o

.ARM.extab
 *(.ARM.extab* .gnu.linkonce.armextab.*)

.ARM.exidx      0x0000000008002d88        0x0
                0x0000000008002d88                __exidx_start = .
 *(.ARM.exidx* .gnu.linkonce.armexidx.*)
                0x0000000008002d88                __exidx_end = .

.eh_frame_hdr
 *(.eh_frame_hdr)

.eh_frame
 *(.eh_frame)
                0x0000000020000000                __ram0_start__ = ORIGIN (ram0)
                0x0000000000002000                __ram0_size__ = LENGTH (ram0)
                0x0000000020002000                __ram0_end__ = (__ram0_start__ + __ram0_size__)
                0x0000000000000000                __ram1_start__ = ORIGIN (ram1)
                0x0000000000000000                __ram1_size__ = LENGTH (ram1)
                0x0000000000000000                __ram1_end__ = (__ram1_start__ + __ram1_size__)
                0x0000000000000000                __ram2_start__ = ORIGIN (ram2)
                0x0000000000000000                __ram2_size__ = LENGTH (ram2)
                0x0000000000000000                __ram2_end__ = (__ram2_start__ + __ram2_size__)
                0x0000000000000000                __ram3_start__ = ORIGIN (ram3)
                0x0000000000000000                __ram3_size__ = LENGTH (ram3)
                0x0000000000000000                __ram3_end__ = (__ram3_start__ + __ram3_size__)
                0x0000000000000000                __ram4_start__ = ORIGIN (ram4)
                0x0000000000000000                __ram4_size__ = LENGTH (ram4)
                0x0000000000000000                __ram4_end__ = (__ram4_start__ + __ram4_size__)
                0x0000000000000000                __ram5_start__ = ORIGIN (ram5)
                0x0000000000000000                __ram5_size__ = LENGTH (ram5)
                0x0000000000000000                __ram5_end__ = (__ram5_start__ + __ram5_size__)
                0x0000000000000000                __ram6_start__ = ORIGIN (ram6)
                0x0000000000000000                __ram6_size__ = LENGTH (ram6)
                0x0000000000000000                __ram6_end__ = (__ram6_start__ + __ram6_size__)
                0x0000000000000000                __ram7_start__ = ORIGIN (ram7)
                0x0000000000000000                __ram7_size__ = LENGTH (ram7)
                0x0000000000000000                __ram7_end__ = (__ram7_start__ + __ram7_size__)

.data           0x0000000020000800       0x1c load address 0x0000000008002d88
                0x0000000020000800                . = ALIGN (0x4)
                [!provide]                        PROVIDE (_textdata, LOADADDR (.data))
                [!provide]                        PROVIDE (_data, .)
                0x0000000008002d88                _textdata_start = LOADADDR (.data)
                0x0000000020000800                _data_start = .
 *(.data)
 *(.data.*)
 .data.icucfg   0x0000000020000800       0x1c /tmp/ccwBA5JV.ltrans0.ltrans.o
 *(.ramtext)
                0x000000002000081c                . = ALIGN (0x4)
                [!provide]                        PROVIDE (_edata, .)
                0x000000002000081c                _data_end = .

.igot.plt       0x000000002000081c        0x0 load address 0x0000000008002da4
 .igot.plt      0x000000002000081c        0x0 build/obj/crt0_v7m.o

.bss            0x0000000020000820      0x444 load address 0x0000000008002da4
                0x0000000020000820                . = ALIGN (0x4)
                0x0000000020000820                _bss_start = .
 *(.bss)
 *(.bss.*)
 .bss.HR        0x0000000020000820        0x1 /tmp/ccwBA5JV.ltrans0.ltrans.o
 *fill*         0x0000000020000821        0x3 
 .bss.ICUD1     0x0000000020000824       0x18 /tmp/ccwBA5JV.ltrans0.ltrans.o
                0x0000000020000824                ICUD1
 .bss.SPID1     0x000000002000083c       0x30 /tmp/ccwBA5JV.ltrans0.ltrans.o
 .bss.TEMP      0x000000002000086c        0x1 /tmp/ccwBA5JV.ltrans0.ltrans.o
 *fill*         0x000000002000086d        0x3 
 .bss._stm32_dma_isr_redir
                0x0000000020000870       0x38 /tmp/ccwBA5JV.ltrans0.ltrans.o
                0x0000000020000870                _stm32_dma_isr_redir
 .bss.bit_counter
                0x00000000200008a8        0x1 /tmp/ccwBA5JV.ltrans0.ltrans.o
 *fill*         0x00000000200008a9        0x7 
 .bss.blinker   0x00000000200008b0      0x148 /tmp/ccwBA5JV.ltrans0.ltrans.o
 .bss.ch_idle_thread_wa
                0x00000000200009f8       0xd8 /tmp/ccwBA5JV.ltrans0.ltrans.o
 .bss.ch_memcore
                0x0000000020000ad0        0x8 /tmp/ccwBA5JV.ltrans0.ltrans.o
                0x0000000020000ad0                ch_memcore
 .bss.default_heap
                0x0000000020000ad8       0x20 /tmp/ccwBA5JV.ltrans0.ltrans.o
 .bss.delay     0x0000000020000af8        0x1 /tmp/ccwBA5JV.ltrans0.ltrans.o
 *fill*         0x0000000020000af9        0x3 
 .bss.dma_streams_mask
                0x0000000020000afc        0x4 /tmp/ccwBA5JV.ltrans0.ltrans.o
 .bss.samples1  0x0000000020000b00       0x40 /tmp/ccwBA5JV.ltrans0.ltrans.o
 .bss.tmp       0x0000000020000b40        0x1 /tmp/ccwBA5JV.ltrans0.ltrans.o
 *fill*         0x0000000020000b41        0x3 
 .bss.ADCD1     0x0000000020000b44       0x34 /tmp/ccwBA5JV.ltrans2.ltrans.o
                0x0000000020000b44                ADCD1
 .bss.SD3       0x0000000020000b78       0x7c /tmp/ccwBA5JV.ltrans2.ltrans.o
                0x0000000020000b78                SD3
 .bss.ch        0x0000000020000bf4       0x70 /tmp/ccwBA5JV.ltrans2.ltrans.o
                0x0000000020000bf4                ch
 *(COMMON)
                0x0000000020000c64                . = ALIGN (0x4)
                0x0000000020000c64                _bss_end = .
                [!provide]                        PROVIDE (end, .)

.ram0_init      0x0000000020000c64        0x0 load address 0x0000000008002da4
                0x0000000020000c64                . = ALIGN (0x4)
                0x0000000008002da4                __ram0_init_text__ = LOADADDR (.ram0_init)
                0x0000000020000c64                __ram0_init__ = .
 *(.ram0_init)
 *(.ram0_init.*)
                0x0000000020000c64                . = ALIGN (0x4)

.ram0           0x0000000020000c64        0x0 load address 0x0000000008002da4
                0x0000000020000c64                . = ALIGN (0x4)
                0x0000000020000c64                __ram0_clear__ = .
 *(.ram0_clear)
 *(.ram0_clear.*)
                0x0000000020000c64                . = ALIGN (0x4)
                0x0000000020000c64                __ram0_noinit__ = .
 *(.ram0)
 *(.ram0.*)
                0x0000000020000c64                . = ALIGN (0x4)
                0x0000000020000c64                __ram0_free__ = .

.ram1_init      0x0000000000000000        0x0 load address 0x0000000008002da4
                0x0000000000000000                . = ALIGN (0x4)
                0x0000000008002da4                __ram1_init_text__ = LOADADDR (.ram1_init)
                0x0000000000000000                __ram1_init__ = .
 *(.ram1_init)
 *(.ram1_init.*)
                0x0000000000000000                . = ALIGN (0x4)

.ram1           0x0000000000000000        0x0 load address 0x0000000008002da4
                0x0000000000000000                . = ALIGN (0x4)
                0x0000000000000000                __ram1_clear__ = .
 *(.ram1_clear)
 *(.ram1_clear.*)
                0x0000000000000000                . = ALIGN (0x4)
                0x0000000000000000                __ram1_noinit__ = .
 *(.ram1)
 *(.ram1.*)
                0x0000000000000000                . = ALIGN (0x4)
                0x0000000000000000                __ram1_free__ = .

.ram2_init      0x0000000000000000        0x0 load address 0x0000000008002da4
                0x0000000000000000                . = ALIGN (0x4)
                0x0000000008002da4                __ram2_init_text__ = LOADADDR (.ram2_init)
                0x0000000000000000                __ram2_init__ = .
 *(.ram2_init)
 *(.ram2_init.*)
                0x0000000000000000                . = ALIGN (0x4)

.ram2           0x0000000000000000        0x0 load address 0x0000000008002da4
                0x0000000000000000                . = ALIGN (0x4)
                0x0000000000000000                __ram2_clear__ = .
 *(.ram2_clear)
 *(.ram2_clear.*)
                0x0000000000000000                . = ALIGN (0x4)
                0x0000000000000000                __ram2_noinit__ = .
 *(.ram2)
 *(.ram2.*)
                0x0000000000000000                . = ALIGN (0x4)
                0x0000000000000000                __ram2_free__ = .

.ram3_init      0x0000000000000000        0x0 load address 0x0000000008002da4
                0x0000000000000000                . = ALIGN (0x4)
                0x0000000008002da4                __ram3_init_text__ = LOADADDR (.ram3_init)
                0x0000000000000000                __ram3_init__ = .
 *(.ram3_init)
 *(.ram3_init.*)
                0x0000000000000000                . = ALIGN (0x4)

.ram3           0x0000000000000000        0x0 load address 0x0000000008002da4
                0x0000000000000000                . = ALIGN (0x4)
                0x0000000000000000                __ram3_clear__ = .
 *(.ram3_clear)
 *(.ram3_clear.*)
                0x0000000000000000                . = ALIGN (0x4)
                0x0000000000000000                __ram3_noinit__ = .
 *(.ram3)
 *(.ram3.*)
                0x0000000000000000                . = ALIGN (0x4)
                0x0000000000000000                __ram3_free__ = .

.ram4_init      0x0000000000000000        0x0 load address 0x0000000008002da4
                0x0000000000000000                . = ALIGN (0x4)
                0x0000000008002da4                __ram4_init_text__ = LOADADDR (.ram4_init)
                0x0000000000000000                __ram4_init__ = .
 *(.ram4_init)
 *(.ram4_init.*)
                0x0000000000000000                . = ALIGN (0x4)

.ram4           0x0000000000000000        0x0 load address 0x0000000008002da4
                0x0000000000000000                . = ALIGN (0x4)
                0x0000000000000000                __ram4_clear__ = .
 *(.ram4_clear)
 *(.ram4_clear.*)
                0x0000000000000000                . = ALIGN (0x4)
                0x0000000000000000                __ram4_noinit__ = .
 *(.ram4)
 *(.ram4.*)
                0x0000000000000000                . = ALIGN (0x4)
                0x0000000000000000                __ram4_free__ = .

.ram5_init      0x0000000000000000        0x0 load address 0x0000000008002da4
                0x0000000000000000                . = ALIGN (0x4)
                0x0000000008002da4                __ram5_init_text__ = LOADADDR (.ram5_init)
                0x0000000000000000                __ram5_init__ = .
 *(.ram5_init)
 *(.ram5_init.*)
                0x0000000000000000                . = ALIGN (0x4)

.ram5           0x0000000000000000        0x0 load address 0x0000000008002da4
                0x0000000000000000                . = ALIGN (0x4)
                0x0000000000000000                __ram5_clear__ = .
 *(.ram5_clear)
 *(.ram5_clear.*)
                0x0000000000000000                . = ALIGN (0x4)
                0x0000000000000000                __ram5_noinit__ = .
 *(.ram5)
 *(.ram5.*)
                0x0000000000000000                . = ALIGN (0x4)
                0x0000000000000000                __ram5_free__ = .

.ram6_init      0x0000000000000000        0x0 load address 0x0000000008002da4
                0x0000000000000000                . = ALIGN (0x4)
                0x0000000008002da4                __ram6_init_text__ = LOADADDR (.ram6_init)
                0x0000000000000000                __ram6_init__ = .
 *(.ram6_init)
 *(.ram6_init.*)
                0x0000000000000000                . = ALIGN (0x4)

.ram6           0x0000000000000000        0x0 load address 0x0000000008002da4
                0x0000000000000000                . = ALIGN (0x4)
                0x0000000000000000                __ram6_clear__ = .
 *(.ram6_clear)
 *(.ram6_clear.*)
                0x0000000000000000                . = ALIGN (0x4)
                0x0000000000000000                __ram6_noinit__ = .
 *(.ram6)
 *(.ram6.*)
                0x0000000000000000                . = ALIGN (0x4)
                0x0000000000000000                __ram6_free__ = .

.ram7_init      0x0000000000000000        0x0 load address 0x0000000008002da4
                0x0000000000000000                . = ALIGN (0x4)
                0x0000000008002da4                __ram7_init_text__ = LOADADDR (.ram7_init)
                0x0000000000000000                __ram7_init__ = .
 *(.ram7_init)
 *(.ram7_init.*)
                0x0000000000000000                . = ALIGN (0x4)

.ram7           0x0000000000000000        0x0 load address 0x0000000008002da4
                0x0000000000000000                . = ALIGN (0x4)
                0x0000000000000000                __ram7_clear__ = .
 *(.ram7_clear)
 *(.ram7_clear.*)
                0x0000000000000000                . = ALIGN (0x4)
                0x0000000000000000                __ram7_noinit__ = .
 *(.ram7)
 *(.ram7.*)
                0x0000000000000000                . = ALIGN (0x4)
                0x0000000000000000                __ram7_free__ = .

.heap           0x0000000020000c64     0x139c
                0x0000000020000c68                . = ALIGN (0x8)
 *fill*         0x0000000020000c64        0x4 
                0x0000000020000c68                __heap_base__ = .
                0x0000000020002000                . = (ORIGIN (HEAP_RAM) + LENGTH (HEAP_RAM))
 *fill*         0x0000000020000c68     0x1398 
                0x0000000020002000                __heap_end__ = .
                0x0000000000000400                __process_stack_size__ = 0x400
                0x0000000000000400                __main_stack_size__ = 0x400
START GROUP
LOAD /opt/gcc-arm-none-eabi-6-2017-q2-update/bin/../lib/gcc/arm-none-eabi/6.3.1/thumb/v7-m/libgcc.a
LOAD /opt/gcc-arm-none-eabi-6-2017-q2-update/bin/../lib/gcc/arm-none-eabi/6.3.1/../../../../arm-none-eabi/lib/thumb/v7-m/libg.a
LOAD /opt/gcc-arm-none-eabi-6-2017-q2-update/bin/../lib/gcc/arm-none-eabi/6.3.1/../../../../arm-none-eabi/lib/thumb/v7-m/libc.a
END GROUP
OUTPUT(build/ch.elf elf32-littlearm)

.ARM.attributes
                0x0000000000000000       0x2d
 .ARM.attributes
                0x0000000000000000       0x21 build/obj/crt0_v7m.o
 .ARM.attributes
                0x0000000000000021       0x21 build/obj/chcoreasm_v7m.o
 .ARM.attributes
                0x0000000000000042       0x31 /tmp/ccwBA5JV.ltrans0.ltrans.o
 .ARM.attributes
                0x0000000000000073       0x31 /tmp/ccwBA5JV.ltrans1.ltrans.o
 .ARM.attributes
                0x00000000000000a4       0x31 /tmp/ccwBA5JV.ltrans2.ltrans.o
 .ARM.attributes
                0x00000000000000d5       0x1d /opt/gcc-arm-none-eabi-6-2017-q2-update/bin/../lib/gcc/arm-none-eabi/6.3.1/thumb/v7-m/libgcc.a(_arm_addsubdf3.o)
 .ARM.attributes
                0x00000000000000f2       0x1d /opt/gcc-arm-none-eabi-6-2017-q2-update/bin/../lib/gcc/arm-none-eabi/6.3.1/thumb/v7-m/libgcc.a(_arm_muldivdf3.o)
 .ARM.attributes
                0x000000000000010f       0x1d /opt/gcc-arm-none-eabi-6-2017-q2-update/bin/../lib/gcc/arm-none-eabi/6.3.1/thumb/v7-m/libgcc.a(_arm_fixdfsi.o)
 .ARM.attributes
                0x000000000000012c       0x1d /opt/gcc-arm-none-eabi-6-2017-q2-update/bin/../lib/gcc/arm-none-eabi/6.3.1/thumb/v7-m/libgcc.a(_arm_fixunsdfsi.o)
 .ARM.attributes
                0x0000000000000149       0x1d /opt/gcc-arm-none-eabi-6-2017-q2-update/bin/../lib/gcc/arm-none-eabi/6.3.1/thumb/v7-m/libgcc.a(_arm_truncdfsf2.o)
 .ARM.attributes
                0x0000000000000166       0x1d /opt/gcc-arm-none-eabi-6-2017-q2-update/bin/../lib/gcc/arm-none-eabi/6.3.1/thumb/v7-m/libgcc.a(_arm_cmpsf2.o)
 .ARM.attributes
                0x0000000000000183       0x1d /opt/gcc-arm-none-eabi-6-2017-q2-update/bin/../lib/gcc/arm-none-eabi/6.3.1/thumb/v7-m/libgcc.a(_arm_fixsfsi.o)

.comment        0x0000000000000000       0x7f
 .comment       0x0000000000000000       0x7f /tmp/ccwBA5JV.ltrans0.ltrans.o
                                         0x80 (size before relaxing)
 .comment       0x000000000000007f       0x80 /tmp/ccwBA5JV.ltrans1.ltrans.o
 .comment       0x000000000000007f       0x80 /tmp/ccwBA5JV.ltrans2.ltrans.o

.debug_info     0x0000000000000000     0x8a75
 .debug_info    0x0000000000000000     0x3c81 /tmp/ccwBA5JV.ltrans0.ltrans.o
 .debug_info    0x0000000000003c81     0x3663 /tmp/ccwBA5JV.ltrans1.ltrans.o
 .debug_info    0x00000000000072e4     0x1791 /tmp/ccwBA5JV.ltrans2.ltrans.o

.debug_abbrev   0x0000000000000000      0xeeb
 .debug_abbrev  0x0000000000000000      0x4fa /tmp/ccwBA5JV.ltrans0.ltrans.o
 .debug_abbrev  0x00000000000004fa      0x64e /tmp/ccwBA5JV.ltrans1.ltrans.o
 .debug_abbrev  0x0000000000000b48      0x3a3 /tmp/ccwBA5JV.ltrans2.ltrans.o

.debug_loc      0x0000000000000000     0x3533
 .debug_loc     0x0000000000000000      0xc9b /tmp/ccwBA5JV.ltrans0.ltrans.o
 .debug_loc     0x0000000000000c9b     0x1598 /tmp/ccwBA5JV.ltrans1.ltrans.o
 .debug_loc     0x0000000000002233     0x1300 /tmp/ccwBA5JV.ltrans2.ltrans.o

.debug_aranges  0x0000000000000000      0x1d0
 .debug_aranges
                0x0000000000000000       0x48 /tmp/ccwBA5JV.ltrans0.ltrans.o
 .debug_aranges
                0x0000000000000048      0x148 /tmp/ccwBA5JV.ltrans1.ltrans.o
 .debug_aranges
                0x0000000000000190       0x40 /tmp/ccwBA5JV.ltrans2.ltrans.o

.debug_ranges   0x0000000000000000     0x1428
 .debug_ranges  0x0000000000000000      0xc88 /tmp/ccwBA5JV.ltrans0.ltrans.o
 .debug_ranges  0x0000000000000c88      0x5a8 /tmp/ccwBA5JV.ltrans1.ltrans.o
 .debug_ranges  0x0000000000001230      0x1f8 /tmp/ccwBA5JV.ltrans2.ltrans.o

.debug_line     0x0000000000000000     0x23a5
 .debug_line    0x0000000000000000     0x1010 /tmp/ccwBA5JV.ltrans0.ltrans.o
 .debug_line    0x0000000000001010      0xd36 /tmp/ccwBA5JV.ltrans1.ltrans.o
 .debug_line    0x0000000000001d46      0x65f /tmp/ccwBA5JV.ltrans2.ltrans.o

.debug_str      0x0000000000000000     0x1bac
 .debug_str     0x0000000000000000     0x12a3 /tmp/ccwBA5JV.ltrans0.ltrans.o
                                       0x13c6 (size before relaxing)
 .debug_str     0x00000000000012a3      0x654 /tmp/ccwBA5JV.ltrans1.ltrans.o
                                        0xf6d (size before relaxing)
 .debug_str     0x00000000000018f7      0x2b5 /tmp/ccwBA5JV.ltrans2.ltrans.o
                                        0xaf1 (size before relaxing)

.debug_frame    0x0000000000000000      0x87c
 .debug_frame   0x0000000000000000       0xd0 /tmp/ccwBA5JV.ltrans0.ltrans.o
 .debug_frame   0x00000000000000d0      0x464 /tmp/ccwBA5JV.ltrans1.ltrans.o
 .debug_frame   0x0000000000000534       0xf4 /tmp/ccwBA5JV.ltrans2.ltrans.o
 .debug_frame   0x0000000000000628       0xac /opt/gcc-arm-none-eabi-6-2017-q2-update/bin/../lib/gcc/arm-none-eabi/6.3.1/thumb/v7-m/libgcc.a(_arm_addsubdf3.o)
 .debug_frame   0x00000000000006d4       0x50 /opt/gcc-arm-none-eabi-6-2017-q2-update/bin/../lib/gcc/arm-none-eabi/6.3.1/thumb/v7-m/libgcc.a(_arm_muldivdf3.o)
 .debug_frame   0x0000000000000724       0x24 /opt/gcc-arm-none-eabi-6-2017-q2-update/bin/../lib/gcc/arm-none-eabi/6.3.1/thumb/v7-m/libgcc.a(_arm_fixdfsi.o)
 .debug_frame   0x0000000000000748       0x24 /opt/gcc-arm-none-eabi-6-2017-q2-update/bin/../lib/gcc/arm-none-eabi/6.3.1/thumb/v7-m/libgcc.a(_arm_fixunsdfsi.o)
 .debug_frame   0x000000000000076c       0x24 /opt/gcc-arm-none-eabi-6-2017-q2-update/bin/../lib/gcc/arm-none-eabi/6.3.1/thumb/v7-m/libgcc.a(_arm_truncdfsf2.o)
 .debug_frame   0x0000000000000790       0xc8 /opt/gcc-arm-none-eabi-6-2017-q2-update/bin/../lib/gcc/arm-none-eabi/6.3.1/thumb/v7-m/libgcc.a(_arm_cmpsf2.o)
 .debug_frame   0x0000000000000858       0x24 /opt/gcc-arm-none-eabi-6-2017-q2-update/bin/../lib/gcc/arm-none-eabi/6.3.1/thumb/v7-m/libgcc.a(_arm_fixsfsi.o)

Cross Reference Table

Symbol                                            File
ADCD1                                             /tmp/ccwBA5JV.ltrans2.ltrans.o
                                                  build/obj/hal_adc_lld.o (symbol from plugin)
                                                  /tmp/ccwBA5JV.ltrans0.ltrans.o
                                                  build/obj/main.o (symbol from plugin)
BusFault_Handler                                  /tmp/ccwBA5JV.ltrans1.ltrans.o
                                                  build/obj/vectors.o (symbol from plugin)
                                                  /tmp/ccwBA5JV.ltrans0.ltrans.o
DebugMon_Handler                                  /tmp/ccwBA5JV.ltrans1.ltrans.o
                                                  build/obj/vectors.o (symbol from plugin)
                                                  /tmp/ccwBA5JV.ltrans0.ltrans.o
HardFault_Handler                                 /tmp/ccwBA5JV.ltrans1.ltrans.o
                                                  build/obj/vectors.o (symbol from plugin)
                                                  /tmp/ccwBA5JV.ltrans0.ltrans.o
ICUD1                                             /tmp/ccwBA5JV.ltrans0.ltrans.o
                                                  build/obj/hal_icu_lld.o (symbol from plugin)
                                                  /tmp/ccwBA5JV.ltrans1.ltrans.o
                                                  build/obj/main.o (symbol from plugin)
MemManage_Handler                                 /tmp/ccwBA5JV.ltrans1.ltrans.o
                                                  build/obj/vectors.o (symbol from plugin)
                                                  /tmp/ccwBA5JV.ltrans0.ltrans.o
NMI_Handler                                       /tmp/ccwBA5JV.ltrans1.ltrans.o
                                                  build/obj/vectors.o (symbol from plugin)
                                                  /tmp/ccwBA5JV.ltrans0.ltrans.o
PendSV_Handler                                    /tmp/ccwBA5JV.ltrans1.ltrans.o
                                                  build/obj/vectors.o (symbol from plugin)
                                                  /tmp/ccwBA5JV.ltrans0.ltrans.o
Reset_Handler                                     build/obj/crt0_v7m.o
                                                  /tmp/ccwBA5JV.ltrans0.ltrans.o
                                                  build/obj/vectors.o (symbol from plugin)
SD3                                               /tmp/ccwBA5JV.ltrans2.ltrans.o
                                                  build/obj/hal_serial_lld.o (symbol from plugin)
                                                  /tmp/ccwBA5JV.ltrans0.ltrans.o
                                                  build/obj/main.o (symbol from plugin)
SPID1                                             build/obj/hal_spi_lld.o (symbol from plugin)
SVC_Handler                                       /tmp/ccwBA5JV.ltrans1.ltrans.o
                                                  build/obj/chcore_v7m.o (symbol from plugin)
                                                  build/obj/vectors.o (symbol from plugin)
                                                  /tmp/ccwBA5JV.ltrans0.ltrans.o
SysTick_Handler                                   /tmp/ccwBA5JV.ltrans1.ltrans.o
                                                  build/obj/vectors.o (symbol from plugin)
                                                  /tmp/ccwBA5JV.ltrans0.ltrans.o
SystemCoreClock                                   build/obj/hal_lld.o (symbol from plugin)
UsageFault_Handler                                /tmp/ccwBA5JV.ltrans1.ltrans.o
                                                  build/obj/vectors.o (symbol from plugin)
                                                  /tmp/ccwBA5JV.ltrans0.ltrans.o
Vector100                                         /tmp/ccwBA5JV.ltrans1.ltrans.o
                                                  build/obj/vectors.o (symbol from plugin)
                                                  /tmp/ccwBA5JV.ltrans0.ltrans.o
Vector104                                         /tmp/ccwBA5JV.ltrans1.ltrans.o
                                                  build/obj/vectors.o (symbol from plugin)
                                                  /tmp/ccwBA5JV.ltrans0.ltrans.o
Vector108                                         /tmp/ccwBA5JV.ltrans1.ltrans.o
                                                  build/obj/vectors.o (symbol from plugin)
                                                  /tmp/ccwBA5JV.ltrans0.ltrans.o
Vector10C                                         /tmp/ccwBA5JV.ltrans1.ltrans.o
                                                  build/obj/vectors.o (symbol from plugin)
                                                  /tmp/ccwBA5JV.ltrans0.ltrans.o
Vector110                                         /tmp/ccwBA5JV.ltrans1.ltrans.o
                                                  build/obj/vectors.o (symbol from plugin)
                                                  /tmp/ccwBA5JV.ltrans0.ltrans.o
Vector114                                         /tmp/ccwBA5JV.ltrans1.ltrans.o
                                                  build/obj/vectors.o (symbol from plugin)
                                                  /tmp/ccwBA5JV.ltrans0.ltrans.o
Vector118                                         /tmp/ccwBA5JV.ltrans1.ltrans.o
                                                  build/obj/vectors.o (symbol from plugin)
                                                  /tmp/ccwBA5JV.ltrans0.ltrans.o
Vector11C                                         /tmp/ccwBA5JV.ltrans1.ltrans.o
                                                  build/obj/vectors.o (symbol from plugin)
                                                  /tmp/ccwBA5JV.ltrans0.ltrans.o
Vector120                                         /tmp/ccwBA5JV.ltrans1.ltrans.o
                                                  build/obj/vectors.o (symbol from plugin)
                                                  /tmp/ccwBA5JV.ltrans0.ltrans.o
Vector124                                         /tmp/ccwBA5JV.ltrans1.ltrans.o
                                                  build/obj/vectors.o (symbol from plugin)
                                                  /tmp/ccwBA5JV.ltrans0.ltrans.o
Vector128                                         /tmp/ccwBA5JV.ltrans1.ltrans.o
                                                  build/obj/vectors.o (symbol from plugin)
                                                  /tmp/ccwBA5JV.ltrans0.ltrans.o
Vector12C                                         /tmp/ccwBA5JV.ltrans1.ltrans.o
                                                  build/obj/vectors.o (symbol from plugin)
                                                  /tmp/ccwBA5JV.ltrans0.ltrans.o
Vector130                                         /tmp/ccwBA5JV.ltrans1.ltrans.o
                                                  build/obj/vectors.o (symbol from plugin)
                                                  /tmp/ccwBA5JV.ltrans0.ltrans.o
Vector134                                         /tmp/ccwBA5JV.ltrans1.ltrans.o
                                                  build/obj/vectors.o (symbol from plugin)
                                                  /tmp/ccwBA5JV.ltrans0.ltrans.o
Vector138                                         /tmp/ccwBA5JV.ltrans1.ltrans.o
                                                  build/obj/vectors.o (symbol from plugin)
                                                  /tmp/ccwBA5JV.ltrans0.ltrans.o
Vector13C                                         /tmp/ccwBA5JV.ltrans1.ltrans.o
                                                  build/obj/vectors.o (symbol from plugin)
                                                  /tmp/ccwBA5JV.ltrans0.ltrans.o
Vector140                                         /tmp/ccwBA5JV.ltrans1.ltrans.o
                                                  build/obj/vectors.o (symbol from plugin)
                                                  /tmp/ccwBA5JV.ltrans0.ltrans.o
Vector144                                         /tmp/ccwBA5JV.ltrans1.ltrans.o
                                                  build/obj/vectors.o (symbol from plugin)
                                                  /tmp/ccwBA5JV.ltrans0.ltrans.o
Vector148                                         /tmp/ccwBA5JV.ltrans1.ltrans.o
                                                  build/obj/vectors.o (symbol from plugin)
                                                  /tmp/ccwBA5JV.ltrans0.ltrans.o
Vector14C                                         /tmp/ccwBA5JV.ltrans1.ltrans.o
                                                  build/obj/vectors.o (symbol from plugin)
                                                  /tmp/ccwBA5JV.ltrans0.ltrans.o
Vector150                                         /tmp/ccwBA5JV.ltrans1.ltrans.o
                                                  build/obj/vectors.o (symbol from plugin)
                                                  /tmp/ccwBA5JV.ltrans0.ltrans.o
Vector154                                         /tmp/ccwBA5JV.ltrans1.ltrans.o
                                                  build/obj/vectors.o (symbol from plugin)
                                                  /tmp/ccwBA5JV.ltrans0.ltrans.o
Vector158                                         /tmp/ccwBA5JV.ltrans1.ltrans.o
                                                  build/obj/vectors.o (symbol from plugin)
                                                  /tmp/ccwBA5JV.ltrans0.ltrans.o
Vector15C                                         /tmp/ccwBA5JV.ltrans1.ltrans.o
                                                  build/obj/vectors.o (symbol from plugin)
                                                  /tmp/ccwBA5JV.ltrans0.ltrans.o
Vector1C                                          /tmp/ccwBA5JV.ltrans1.ltrans.o
                                                  build/obj/vectors.o (symbol from plugin)
                                                  /tmp/ccwBA5JV.ltrans0.ltrans.o
Vector20                                          /tmp/ccwBA5JV.ltrans1.ltrans.o
                                                  build/obj/vectors.o (symbol from plugin)
                                                  /tmp/ccwBA5JV.ltrans0.ltrans.o
Vector24                                          /tmp/ccwBA5JV.ltrans1.ltrans.o
                                                  build/obj/vectors.o (symbol from plugin)
                                                  /tmp/ccwBA5JV.ltrans0.ltrans.o
Vector28                                          /tmp/ccwBA5JV.ltrans1.ltrans.o
                                                  build/obj/vectors.o (symbol from plugin)
                                                  /tmp/ccwBA5JV.ltrans0.ltrans.o
Vector34                                          /tmp/ccwBA5JV.ltrans1.ltrans.o
                                                  build/obj/vectors.o (symbol from plugin)
                                                  /tmp/ccwBA5JV.ltrans0.ltrans.o
Vector40                                          /tmp/ccwBA5JV.ltrans1.ltrans.o
                                                  build/obj/vectors.o (symbol from plugin)
                                                  /tmp/ccwBA5JV.ltrans0.ltrans.o
Vector44                                          /tmp/ccwBA5JV.ltrans1.ltrans.o
                                                  build/obj/vectors.o (symbol from plugin)
                                                  /tmp/ccwBA5JV.ltrans0.ltrans.o
Vector48                                          /tmp/ccwBA5JV.ltrans1.ltrans.o
                                                  build/obj/vectors.o (symbol from plugin)
                                                  /tmp/ccwBA5JV.ltrans0.ltrans.o
Vector4C                                          /tmp/ccwBA5JV.ltrans1.ltrans.o
                                                  build/obj/vectors.o (symbol from plugin)
                                                  /tmp/ccwBA5JV.ltrans0.ltrans.o
Vector50                                          /tmp/ccwBA5JV.ltrans1.ltrans.o
                                                  build/obj/vectors.o (symbol from plugin)
                                                  /tmp/ccwBA5JV.ltrans0.ltrans.o
Vector54                                          /tmp/ccwBA5JV.ltrans1.ltrans.o
                                                  build/obj/vectors.o (symbol from plugin)
                                                  /tmp/ccwBA5JV.ltrans0.ltrans.o
Vector58                                          /tmp/ccwBA5JV.ltrans1.ltrans.o
                                                  build/obj/vectors.o (symbol from plugin)
                                                  /tmp/ccwBA5JV.ltrans0.ltrans.o
Vector5C                                          /tmp/ccwBA5JV.ltrans1.ltrans.o
                                                  build/obj/vectors.o (symbol from plugin)
                                                  /tmp/ccwBA5JV.ltrans0.ltrans.o
Vector60                                          /tmp/ccwBA5JV.ltrans1.ltrans.o
                                                  build/obj/vectors.o (symbol from plugin)
                                                  /tmp/ccwBA5JV.ltrans0.ltrans.o
Vector64                                          /tmp/ccwBA5JV.ltrans1.ltrans.o
                                                  build/obj/vectors.o (symbol from plugin)
                                                  /tmp/ccwBA5JV.ltrans0.ltrans.o
Vector68                                          /tmp/ccwBA5JV.ltrans1.ltrans.o
                                                  build/obj/vectors.o (symbol from plugin)
                                                  /tmp/ccwBA5JV.ltrans0.ltrans.o
Vector6C                                          /tmp/ccwBA5JV.ltrans1.ltrans.o
                                                  build/obj/stm32_dma.o (symbol from plugin)
                                                  build/obj/vectors.o (symbol from plugin)
                                                  /tmp/ccwBA5JV.ltrans0.ltrans.o
Vector70                                          /tmp/ccwBA5JV.ltrans1.ltrans.o
                                                  build/obj/stm32_dma.o (symbol from plugin)
                                                  build/obj/vectors.o (symbol from plugin)
                                                  /tmp/ccwBA5JV.ltrans0.ltrans.o
Vector74                                          /tmp/ccwBA5JV.ltrans1.ltrans.o
                                                  build/obj/stm32_dma.o (symbol from plugin)
                                                  build/obj/vectors.o (symbol from plugin)
                                                  /tmp/ccwBA5JV.ltrans0.ltrans.o
Vector78                                          /tmp/ccwBA5JV.ltrans1.ltrans.o
                                                  build/obj/stm32_dma.o (symbol from plugin)
                                                  build/obj/vectors.o (symbol from plugin)
                                                  /tmp/ccwBA5JV.ltrans0.ltrans.o
Vector7C                                          /tmp/ccwBA5JV.ltrans1.ltrans.o
                                                  build/obj/stm32_dma.o (symbol from plugin)
                                                  build/obj/vectors.o (symbol from plugin)
                                                  /tmp/ccwBA5JV.ltrans0.ltrans.o
Vector80                                          /tmp/ccwBA5JV.ltrans1.ltrans.o
                                                  build/obj/stm32_dma.o (symbol from plugin)
                                                  build/obj/vectors.o (symbol from plugin)
                                                  /tmp/ccwBA5JV.ltrans0.ltrans.o
Vector84                                          /tmp/ccwBA5JV.ltrans1.ltrans.o
                                                  build/obj/stm32_dma.o (symbol from plugin)
                                                  build/obj/vectors.o (symbol from plugin)
                                                  /tmp/ccwBA5JV.ltrans0.ltrans.o
Vector88                                          /tmp/ccwBA5JV.ltrans1.ltrans.o
                                                  build/obj/vectors.o (symbol from plugin)
                                                  /tmp/ccwBA5JV.ltrans0.ltrans.o
Vector8C                                          /tmp/ccwBA5JV.ltrans1.ltrans.o
                                                  build/obj/vectors.o (symbol from plugin)
                                                  /tmp/ccwBA5JV.ltrans0.ltrans.o
Vector90                                          /tmp/ccwBA5JV.ltrans1.ltrans.o
                                                  build/obj/vectors.o (symbol from plugin)
                                                  /tmp/ccwBA5JV.ltrans0.ltrans.o
Vector94                                          /tmp/ccwBA5JV.ltrans1.ltrans.o
                                                  build/obj/vectors.o (symbol from plugin)
                                                  /tmp/ccwBA5JV.ltrans0.ltrans.o
Vector98                                          /tmp/ccwBA5JV.ltrans1.ltrans.o
                                                  build/obj/vectors.o (symbol from plugin)
                                                  /tmp/ccwBA5JV.ltrans0.ltrans.o
Vector9C                                          /tmp/ccwBA5JV.ltrans1.ltrans.o
                                                  build/obj/vectors.o (symbol from plugin)
                                                  /tmp/ccwBA5JV.ltrans0.ltrans.o
VectorA0                                          /tmp/ccwBA5JV.ltrans1.ltrans.o
                                                  build/obj/vectors.o (symbol from plugin)
                                                  /tmp/ccwBA5JV.ltrans0.ltrans.o
VectorA4                                          /tmp/ccwBA5JV.ltrans1.ltrans.o
                                                  build/obj/hal_icu_lld.o (symbol from plugin)
                                                  build/obj/vectors.o (symbol from plugin)
                                                  /tmp/ccwBA5JV.ltrans0.ltrans.o
VectorA8                                          /tmp/ccwBA5JV.ltrans1.ltrans.o
                                                  build/obj/vectors.o (symbol from plugin)
                                                  /tmp/ccwBA5JV.ltrans0.ltrans.o
VectorAC                                          build/obj/hal_icu_lld.o (symbol from plugin)
                                                  build/obj/vectors.o (symbol from plugin)
VectorB0                                          /tmp/ccwBA5JV.ltrans1.ltrans.o
                                                  build/obj/hal_st_lld.o (symbol from plugin)
                                                  build/obj/vectors.o (symbol from plugin)
                                                  /tmp/ccwBA5JV.ltrans0.ltrans.o
VectorB4                                          /tmp/ccwBA5JV.ltrans1.ltrans.o
                                                  build/obj/vectors.o (symbol from plugin)
                                                  /tmp/ccwBA5JV.ltrans0.ltrans.o
VectorB8                                          /tmp/ccwBA5JV.ltrans1.ltrans.o
                                                  build/obj/vectors.o (symbol from plugin)
                                                  /tmp/ccwBA5JV.ltrans0.ltrans.o
VectorBC                                          /tmp/ccwBA5JV.ltrans1.ltrans.o
                                                  build/obj/vectors.o (symbol from plugin)
                                                  /tmp/ccwBA5JV.ltrans0.ltrans.o
VectorC0                                          /tmp/ccwBA5JV.ltrans1.ltrans.o
                                                  build/obj/vectors.o (symbol from plugin)
                                                  /tmp/ccwBA5JV.ltrans0.ltrans.o
VectorC4                                          /tmp/ccwBA5JV.ltrans1.ltrans.o
                                                  build/obj/vectors.o (symbol from plugin)
                                                  /tmp/ccwBA5JV.ltrans0.ltrans.o
VectorC8                                          /tmp/ccwBA5JV.ltrans1.ltrans.o
                                                  build/obj/vectors.o (symbol from plugin)
                                                  /tmp/ccwBA5JV.ltrans0.ltrans.o
VectorCC                                          /tmp/ccwBA5JV.ltrans1.ltrans.o
                                                  build/obj/vectors.o (symbol from plugin)
                                                  /tmp/ccwBA5JV.ltrans0.ltrans.o
VectorD0                                          /tmp/ccwBA5JV.ltrans1.ltrans.o
                                                  build/obj/vectors.o (symbol from plugin)
                                                  /tmp/ccwBA5JV.ltrans0.ltrans.o
VectorD4                                          /tmp/ccwBA5JV.ltrans1.ltrans.o
                                                  build/obj/vectors.o (symbol from plugin)
                                                  /tmp/ccwBA5JV.ltrans0.ltrans.o
VectorD8                                          /tmp/ccwBA5JV.ltrans1.ltrans.o
                                                  build/obj/vectors.o (symbol from plugin)
                                                  /tmp/ccwBA5JV.ltrans0.ltrans.o
VectorDC                                          build/obj/hal_serial_lld.o (symbol from plugin)
                                                  build/obj/vectors.o (symbol from plugin)
VectorE0                                          /tmp/ccwBA5JV.ltrans1.ltrans.o
                                                  build/obj/vectors.o (symbol from plugin)
                                                  /tmp/ccwBA5JV.ltrans0.ltrans.o
VectorE4                                          /tmp/ccwBA5JV.ltrans1.ltrans.o
                                                  build/obj/vectors.o (symbol from plugin)
                                                  /tmp/ccwBA5JV.ltrans0.ltrans.o
VectorE8                                          /tmp/ccwBA5JV.ltrans1.ltrans.o
                                                  build/obj/vectors.o (symbol from plugin)
                                                  /tmp/ccwBA5JV.ltrans0.ltrans.o
VectorEC                                          /tmp/ccwBA5JV.ltrans1.ltrans.o
                                                  build/obj/vectors.o (symbol from plugin)
                                                  /tmp/ccwBA5JV.ltrans0.ltrans.o
VectorF0                                          /tmp/ccwBA5JV.ltrans1.ltrans.o
                                                  build/obj/vectors.o (symbol from plugin)
                                                  /tmp/ccwBA5JV.ltrans0.ltrans.o
VectorF4                                          /tmp/ccwBA5JV.ltrans1.ltrans.o
                                                  build/obj/vectors.o (symbol from plugin)
                                                  /tmp/ccwBA5JV.ltrans0.ltrans.o
VectorF8                                          /tmp/ccwBA5JV.ltrans1.ltrans.o
                                                  build/obj/vectors.o (symbol from plugin)
                                                  /tmp/ccwBA5JV.ltrans0.ltrans.o
VectorFC                                          /tmp/ccwBA5JV.ltrans1.ltrans.o
                                                  build/obj/vectors.o (symbol from plugin)
                                                  /tmp/ccwBA5JV.ltrans0.ltrans.o
__adddf3                                          /opt/gcc-arm-none-eabi-6-2017-q2-update/bin/../lib/gcc/arm-none-eabi/6.3.1/thumb/v7-m/libgcc.a(_arm_addsubdf3.o)
__aeabi_cfcmpeq                                   /opt/gcc-arm-none-eabi-6-2017-q2-update/bin/../lib/gcc/arm-none-eabi/6.3.1/thumb/v7-m/libgcc.a(_arm_cmpsf2.o)
__aeabi_cfcmple                                   /opt/gcc-arm-none-eabi-6-2017-q2-update/bin/../lib/gcc/arm-none-eabi/6.3.1/thumb/v7-m/libgcc.a(_arm_cmpsf2.o)
__aeabi_cfrcmple                                  /opt/gcc-arm-none-eabi-6-2017-q2-update/bin/../lib/gcc/arm-none-eabi/6.3.1/thumb/v7-m/libgcc.a(_arm_cmpsf2.o)
__aeabi_d2f                                       /opt/gcc-arm-none-eabi-6-2017-q2-update/bin/../lib/gcc/arm-none-eabi/6.3.1/thumb/v7-m/libgcc.a(_arm_truncdfsf2.o)
                                                  /tmp/ccwBA5JV.ltrans2.ltrans.o
__aeabi_d2iz                                      /opt/gcc-arm-none-eabi-6-2017-q2-update/bin/../lib/gcc/arm-none-eabi/6.3.1/thumb/v7-m/libgcc.a(_arm_fixdfsi.o)
                                                  /tmp/ccwBA5JV.ltrans2.ltrans.o
__aeabi_d2uiz                                     /opt/gcc-arm-none-eabi-6-2017-q2-update/bin/../lib/gcc/arm-none-eabi/6.3.1/thumb/v7-m/libgcc.a(_arm_fixunsdfsi.o)
                                                  /tmp/ccwBA5JV.ltrans0.ltrans.o
__aeabi_dadd                                      /opt/gcc-arm-none-eabi-6-2017-q2-update/bin/../lib/gcc/arm-none-eabi/6.3.1/thumb/v7-m/libgcc.a(_arm_addsubdf3.o)
                                                  /tmp/ccwBA5JV.ltrans0.ltrans.o
__aeabi_ddiv                                      /opt/gcc-arm-none-eabi-6-2017-q2-update/bin/../lib/gcc/arm-none-eabi/6.3.1/thumb/v7-m/libgcc.a(_arm_muldivdf3.o)
__aeabi_dmul                                      /opt/gcc-arm-none-eabi-6-2017-q2-update/bin/../lib/gcc/arm-none-eabi/6.3.1/thumb/v7-m/libgcc.a(_arm_muldivdf3.o)
                                                  /tmp/ccwBA5JV.ltrans2.ltrans.o
                                                  /tmp/ccwBA5JV.ltrans0.ltrans.o
__aeabi_drsub                                     /opt/gcc-arm-none-eabi-6-2017-q2-update/bin/../lib/gcc/arm-none-eabi/6.3.1/thumb/v7-m/libgcc.a(_arm_addsubdf3.o)
__aeabi_dsub                                      /opt/gcc-arm-none-eabi-6-2017-q2-update/bin/../lib/gcc/arm-none-eabi/6.3.1/thumb/v7-m/libgcc.a(_arm_addsubdf3.o)
                                                  /tmp/ccwBA5JV.ltrans2.ltrans.o
__aeabi_f2d                                       /opt/gcc-arm-none-eabi-6-2017-q2-update/bin/../lib/gcc/arm-none-eabi/6.3.1/thumb/v7-m/libgcc.a(_arm_addsubdf3.o)
                                                  /tmp/ccwBA5JV.ltrans2.ltrans.o
__aeabi_f2iz                                      /opt/gcc-arm-none-eabi-6-2017-q2-update/bin/../lib/gcc/arm-none-eabi/6.3.1/thumb/v7-m/libgcc.a(_arm_fixsfsi.o)
                                                  /tmp/ccwBA5JV.ltrans2.ltrans.o
__aeabi_fcmpeq                                    /opt/gcc-arm-none-eabi-6-2017-q2-update/bin/../lib/gcc/arm-none-eabi/6.3.1/thumb/v7-m/libgcc.a(_arm_cmpsf2.o)
__aeabi_fcmpge                                    /opt/gcc-arm-none-eabi-6-2017-q2-update/bin/../lib/gcc/arm-none-eabi/6.3.1/thumb/v7-m/libgcc.a(_arm_cmpsf2.o)
__aeabi_fcmpgt                                    /opt/gcc-arm-none-eabi-6-2017-q2-update/bin/../lib/gcc/arm-none-eabi/6.3.1/thumb/v7-m/libgcc.a(_arm_cmpsf2.o)
__aeabi_fcmple                                    /opt/gcc-arm-none-eabi-6-2017-q2-update/bin/../lib/gcc/arm-none-eabi/6.3.1/thumb/v7-m/libgcc.a(_arm_cmpsf2.o)
__aeabi_fcmplt                                    /opt/gcc-arm-none-eabi-6-2017-q2-update/bin/../lib/gcc/arm-none-eabi/6.3.1/thumb/v7-m/libgcc.a(_arm_cmpsf2.o)
                                                  /tmp/ccwBA5JV.ltrans2.ltrans.o
__aeabi_i2d                                       /opt/gcc-arm-none-eabi-6-2017-q2-update/bin/../lib/gcc/arm-none-eabi/6.3.1/thumb/v7-m/libgcc.a(_arm_addsubdf3.o)
                                                  /tmp/ccwBA5JV.ltrans2.ltrans.o
                                                  /tmp/ccwBA5JV.ltrans0.ltrans.o
__aeabi_l2d                                       /opt/gcc-arm-none-eabi-6-2017-q2-update/bin/../lib/gcc/arm-none-eabi/6.3.1/thumb/v7-m/libgcc.a(_arm_addsubdf3.o)
__aeabi_ui2d                                      /opt/gcc-arm-none-eabi-6-2017-q2-update/bin/../lib/gcc/arm-none-eabi/6.3.1/thumb/v7-m/libgcc.a(_arm_addsubdf3.o)
                                                  /tmp/ccwBA5JV.ltrans2.ltrans.o
__aeabi_ul2d                                      /opt/gcc-arm-none-eabi-6-2017-q2-update/bin/../lib/gcc/arm-none-eabi/6.3.1/thumb/v7-m/libgcc.a(_arm_addsubdf3.o)
__cmpsf2                                          /opt/gcc-arm-none-eabi-6-2017-q2-update/bin/../lib/gcc/arm-none-eabi/6.3.1/thumb/v7-m/libgcc.a(_arm_cmpsf2.o)
__core_init                                       /tmp/ccwBA5JV.ltrans1.ltrans.o
                                                  build/obj/crt1.o (symbol from plugin)
                                                  build/obj/crt0_v7m.o
__default_exit                                    /tmp/ccwBA5JV.ltrans1.ltrans.o
                                                  build/obj/crt1.o (symbol from plugin)
                                                  build/obj/crt0_v7m.o
__divdf3                                          /opt/gcc-arm-none-eabi-6-2017-q2-update/bin/../lib/gcc/arm-none-eabi/6.3.1/thumb/v7-m/libgcc.a(_arm_muldivdf3.o)
__early_init                                      /tmp/ccwBA5JV.ltrans0.ltrans.o
                                                  build/obj/board.o (symbol from plugin)
                                                  build/obj/crt1.o (symbol from plugin)
                                                  build/obj/crt0_v7m.o
__eqsf2                                           /opt/gcc-arm-none-eabi-6-2017-q2-update/bin/../lib/gcc/arm-none-eabi/6.3.1/thumb/v7-m/libgcc.a(_arm_cmpsf2.o)
__extendsfdf2                                     /opt/gcc-arm-none-eabi-6-2017-q2-update/bin/../lib/gcc/arm-none-eabi/6.3.1/thumb/v7-m/libgcc.a(_arm_addsubdf3.o)
__fini_array_end                                  build/obj/crt0_v7m.o
__fini_array_start                                build/obj/crt0_v7m.o
__fixdfsi                                         /opt/gcc-arm-none-eabi-6-2017-q2-update/bin/../lib/gcc/arm-none-eabi/6.3.1/thumb/v7-m/libgcc.a(_arm_fixdfsi.o)
__fixsfsi                                         /opt/gcc-arm-none-eabi-6-2017-q2-update/bin/../lib/gcc/arm-none-eabi/6.3.1/thumb/v7-m/libgcc.a(_arm_fixsfsi.o)
__fixunsdfsi                                      /opt/gcc-arm-none-eabi-6-2017-q2-update/bin/../lib/gcc/arm-none-eabi/6.3.1/thumb/v7-m/libgcc.a(_arm_fixunsdfsi.o)
__floatdidf                                       /opt/gcc-arm-none-eabi-6-2017-q2-update/bin/../lib/gcc/arm-none-eabi/6.3.1/thumb/v7-m/libgcc.a(_arm_addsubdf3.o)
__floatsidf                                       /opt/gcc-arm-none-eabi-6-2017-q2-update/bin/../lib/gcc/arm-none-eabi/6.3.1/thumb/v7-m/libgcc.a(_arm_addsubdf3.o)
__floatundidf                                     /opt/gcc-arm-none-eabi-6-2017-q2-update/bin/../lib/gcc/arm-none-eabi/6.3.1/thumb/v7-m/libgcc.a(_arm_addsubdf3.o)
__floatunsidf                                     /opt/gcc-arm-none-eabi-6-2017-q2-update/bin/../lib/gcc/arm-none-eabi/6.3.1/thumb/v7-m/libgcc.a(_arm_addsubdf3.o)
__gesf2                                           /opt/gcc-arm-none-eabi-6-2017-q2-update/bin/../lib/gcc/arm-none-eabi/6.3.1/thumb/v7-m/libgcc.a(_arm_cmpsf2.o)
__gtsf2                                           /opt/gcc-arm-none-eabi-6-2017-q2-update/bin/../lib/gcc/arm-none-eabi/6.3.1/thumb/v7-m/libgcc.a(_arm_cmpsf2.o)
__heap_base__                                     /tmp/ccwBA5JV.ltrans0.ltrans.o
                                                  build/obj/chmemcore.o (symbol from plugin)
__heap_end__                                      /tmp/ccwBA5JV.ltrans0.ltrans.o
                                                  build/obj/chmemcore.o (symbol from plugin)
__init_array_end                                  build/obj/crt0_v7m.o
__init_array_start                                build/obj/crt0_v7m.o
__init_ram_areas                                  /tmp/ccwBA5JV.ltrans1.ltrans.o
                                                  build/obj/crt1.o (symbol from plugin)
                                                  build/obj/crt0_v7m.o
__late_init                                       /tmp/ccwBA5JV.ltrans1.ltrans.o
                                                  build/obj/crt1.o (symbol from plugin)
                                                  build/obj/crt0_v7m.o
__lesf2                                           /opt/gcc-arm-none-eabi-6-2017-q2-update/bin/../lib/gcc/arm-none-eabi/6.3.1/thumb/v7-m/libgcc.a(_arm_cmpsf2.o)
__ltsf2                                           /opt/gcc-arm-none-eabi-6-2017-q2-update/bin/../lib/gcc/arm-none-eabi/6.3.1/thumb/v7-m/libgcc.a(_arm_cmpsf2.o)
__main_stack_base__                               build/obj/crt0_v7m.o
__main_stack_end__                                /tmp/ccwBA5JV.ltrans0.ltrans.o
                                                  build/obj/vectors.o (symbol from plugin)
                                                  build/obj/crt0_v7m.o
__muldf3                                          /opt/gcc-arm-none-eabi-6-2017-q2-update/bin/../lib/gcc/arm-none-eabi/6.3.1/thumb/v7-m/libgcc.a(_arm_muldivdf3.o)
__nesf2                                           /opt/gcc-arm-none-eabi-6-2017-q2-update/bin/../lib/gcc/arm-none-eabi/6.3.1/thumb/v7-m/libgcc.a(_arm_cmpsf2.o)
__process_stack_base__                            build/obj/crt0_v7m.o
__process_stack_end__                             build/obj/crt0_v7m.o
__ram0_clear__                                    /tmp/ccwBA5JV.ltrans1.ltrans.o
                                                  build/obj/crt1.o (symbol from plugin)
__ram0_init__                                     /tmp/ccwBA5JV.ltrans1.ltrans.o
                                                  build/obj/crt1.o (symbol from plugin)
__ram0_init_text__                                /tmp/ccwBA5JV.ltrans1.ltrans.o
                                                  build/obj/crt1.o (symbol from plugin)
__ram0_noinit__                                   /tmp/ccwBA5JV.ltrans1.ltrans.o
                                                  build/obj/crt1.o (symbol from plugin)
__ram1_clear__                                    /tmp/ccwBA5JV.ltrans1.ltrans.o
                                                  build/obj/crt1.o (symbol from plugin)
__ram1_init__                                     /tmp/ccwBA5JV.ltrans1.ltrans.o
                                                  build/obj/crt1.o (symbol from plugin)
__ram1_init_text__                                /tmp/ccwBA5JV.ltrans1.ltrans.o
                                                  build/obj/crt1.o (symbol from plugin)
__ram1_noinit__                                   /tmp/ccwBA5JV.ltrans1.ltrans.o
                                                  build/obj/crt1.o (symbol from plugin)
__ram2_clear__                                    /tmp/ccwBA5JV.ltrans1.ltrans.o
                                                  build/obj/crt1.o (symbol from plugin)
__ram2_init__                                     /tmp/ccwBA5JV.ltrans1.ltrans.o
                                                  build/obj/crt1.o (symbol from plugin)
__ram2_init_text__                                /tmp/ccwBA5JV.ltrans1.ltrans.o
                                                  build/obj/crt1.o (symbol from plugin)
__ram2_noinit__                                   /tmp/ccwBA5JV.ltrans1.ltrans.o
                                                  build/obj/crt1.o (symbol from plugin)
__ram3_clear__                                    /tmp/ccwBA5JV.ltrans1.ltrans.o
                                                  build/obj/crt1.o (symbol from plugin)
__ram3_init__                                     /tmp/ccwBA5JV.ltrans1.ltrans.o
                                                  build/obj/crt1.o (symbol from plugin)
__ram3_init_text__                                /tmp/ccwBA5JV.ltrans1.ltrans.o
                                                  build/obj/crt1.o (symbol from plugin)
__ram3_noinit__                                   /tmp/ccwBA5JV.ltrans1.ltrans.o
                                                  build/obj/crt1.o (symbol from plugin)
__ram4_clear__                                    /tmp/ccwBA5JV.ltrans1.ltrans.o
                                                  build/obj/crt1.o (symbol from plugin)
__ram4_init__                                     /tmp/ccwBA5JV.ltrans1.ltrans.o
                                                  build/obj/crt1.o (symbol from plugin)
__ram4_init_text__                                /tmp/ccwBA5JV.ltrans1.ltrans.o
                                                  build/obj/crt1.o (symbol from plugin)
__ram4_noinit__                                   /tmp/ccwBA5JV.ltrans1.ltrans.o
                                                  build/obj/crt1.o (symbol from plugin)
__ram5_clear__                                    /tmp/ccwBA5JV.ltrans1.ltrans.o
                                                  build/obj/crt1.o (symbol from plugin)
__ram5_init__                                     /tmp/ccwBA5JV.ltrans1.ltrans.o
                                                  build/obj/crt1.o (symbol from plugin)
__ram5_init_text__                                /tmp/ccwBA5JV.ltrans1.ltrans.o
                                                  build/obj/crt1.o (symbol from plugin)
__ram5_noinit__                                   /tmp/ccwBA5JV.ltrans1.ltrans.o
                                                  build/obj/crt1.o (symbol from plugin)
__ram6_clear__                                    /tmp/ccwBA5JV.ltrans1.ltrans.o
                                                  build/obj/crt1.o (symbol from plugin)
__ram6_init__                                     /tmp/ccwBA5JV.ltrans1.ltrans.o
                                                  build/obj/crt1.o (symbol from plugin)
__ram6_init_text__                                /tmp/ccwBA5JV.ltrans1.ltrans.o
                                                  build/obj/crt1.o (symbol from plugin)
__ram6_noinit__                                   /tmp/ccwBA5JV.ltrans1.ltrans.o
                                                  build/obj/crt1.o (symbol from plugin)
__ram7_clear__                                    /tmp/ccwBA5JV.ltrans1.ltrans.o
                                                  build/obj/crt1.o (symbol from plugin)
__ram7_init__                                     /tmp/ccwBA5JV.ltrans1.ltrans.o
                                                  build/obj/crt1.o (symbol from plugin)
__ram7_init_text__                                /tmp/ccwBA5JV.ltrans1.ltrans.o
                                                  build/obj/crt1.o (symbol from plugin)
__ram7_noinit__                                   /tmp/ccwBA5JV.ltrans1.ltrans.o
                                                  build/obj/crt1.o (symbol from plugin)
__subdf3                                          /opt/gcc-arm-none-eabi-6-2017-q2-update/bin/../lib/gcc/arm-none-eabi/6.3.1/thumb/v7-m/libgcc.a(_arm_addsubdf3.o)
__truncdfsf2                                      /opt/gcc-arm-none-eabi-6-2017-q2-update/bin/../lib/gcc/arm-none-eabi/6.3.1/thumb/v7-m/libgcc.a(_arm_truncdfsf2.o)
_bss_end                                          build/obj/crt0_v7m.o
_bss_start                                        build/obj/crt0_v7m.o
_core_init                                        build/obj/chmemcore.o (symbol from plugin)
                                                  build/obj/chsys.o (symbol from plugin)
_data_end                                         build/obj/crt0_v7m.o
_data_start                                       build/obj/crt0_v7m.o
_get.lto_priv.49                                  /tmp/ccwBA5JV.ltrans1.ltrans.o
                                                  /tmp/ccwBA5JV.ltrans0.ltrans.o
_gett.lto_priv.51                                 /tmp/ccwBA5JV.ltrans1.ltrans.o
                                                  /tmp/ccwBA5JV.ltrans0.ltrans.o
_heap_init                                        build/obj/chheap.o (symbol from plugin)
                                                  build/obj/chsys.o (symbol from plugin)
_idle_thread.lto_priv.45                          /tmp/ccwBA5JV.ltrans1.ltrans.o
                                                  /tmp/ccwBA5JV.ltrans0.ltrans.o
_pal_lld_init                                     build/obj/hal_pal_lld.o (symbol from plugin)
                                                  build/obj/hal.o (symbol from plugin)
_pal_lld_setgroupmode                             build/obj/hal_pal_lld.o (symbol from plugin)
                                                  build/obj/main.o (symbol from plugin)
                                                  build/obj/hal_pal.o (symbol from plugin)
_pal_lld_setgroupmode.constprop.6                 /tmp/ccwBA5JV.ltrans2.ltrans.o
                                                  /tmp/ccwBA5JV.ltrans0.ltrans.o
_port_exit_from_isr                               build/obj/chcoreasm_v7m.o
                                                  /tmp/ccwBA5JV.ltrans1.ltrans.o
                                                  build/obj/chcore_v7m.o (symbol from plugin)
_port_irq_epilogue                                /tmp/ccwBA5JV.ltrans1.ltrans.o
                                                  build/obj/chcore_v7m.o (symbol from plugin)
                                                  /tmp/ccwBA5JV.ltrans0.ltrans.o
                                                  build/obj/hal_serial_lld.o (symbol from plugin)
                                                  build/obj/hal_icu_lld.o (symbol from plugin)
                                                  build/obj/hal_st_lld.o (symbol from plugin)
                                                  build/obj/stm32_dma.o (symbol from plugin)
_port_switch                                      build/obj/chcoreasm_v7m.o
                                                  /tmp/ccwBA5JV.ltrans2.ltrans.o
                                                  /tmp/ccwBA5JV.ltrans1.ltrans.o
                                                  build/obj/chschd.o (symbol from plugin)
_port_switch_from_isr                             build/obj/chcoreasm_v7m.o
                                                  /tmp/ccwBA5JV.ltrans1.ltrans.o
                                                  build/obj/chcore_v7m.o (symbol from plugin)
_port_thread_start                                build/obj/chcoreasm_v7m.o
                                                  /tmp/ccwBA5JV.ltrans0.ltrans.o
                                                  build/obj/chthreads.o (symbol from plugin)
_put.lto_priv.48                                  /tmp/ccwBA5JV.ltrans1.ltrans.o
                                                  /tmp/ccwBA5JV.ltrans0.ltrans.o
_putt.lto_priv.50                                 /tmp/ccwBA5JV.ltrans1.ltrans.o
                                                  /tmp/ccwBA5JV.ltrans0.ltrans.o
_read.lto_priv.47                                 /tmp/ccwBA5JV.ltrans1.ltrans.o
                                                  /tmp/ccwBA5JV.ltrans0.ltrans.o
_readt.lto_priv.53                                /tmp/ccwBA5JV.ltrans1.ltrans.o
                                                  /tmp/ccwBA5JV.ltrans0.ltrans.o
_scheduler_init                                   build/obj/chschd.o (symbol from plugin)
                                                  build/obj/chsys.o (symbol from plugin)
_stm32_dma_isr_redir                              /tmp/ccwBA5JV.ltrans0.ltrans.o
                                                  build/obj/stm32_dma.o (symbol from plugin)
                                                  /tmp/ccwBA5JV.ltrans1.ltrans.o
_stm32_dma_streams                                build/obj/stm32_dma.o (symbol from plugin)
                                                  build/obj/hal_spi_lld.o (symbol from plugin)
                                                  build/obj/hal_adc_lld.o (symbol from plugin)
_test_assert                                      build/obj/ch_test.o (symbol from plugin)
                                                  build/obj/test_sequence_012.o (symbol from plugin)
                                                  build/obj/test_sequence_011.o (symbol from plugin)
                                                  build/obj/test_sequence_010.o (symbol from plugin)
                                                  build/obj/test_sequence_009.o (symbol from plugin)
                                                  build/obj/test_sequence_008.o (symbol from plugin)
                                                  build/obj/test_sequence_006.o (symbol from plugin)
                                                  build/obj/test_sequence_005.o (symbol from plugin)
                                                  build/obj/test_sequence_004.o (symbol from plugin)
                                                  build/obj/test_sequence_003.o (symbol from plugin)
                                                  build/obj/test_sequence_002.o (symbol from plugin)
_test_assert_sequence                             build/obj/ch_test.o (symbol from plugin)
                                                  build/obj/test_sequence_012.o (symbol from plugin)
                                                  build/obj/test_sequence_009.o (symbol from plugin)
                                                  build/obj/test_sequence_008.o (symbol from plugin)
                                                  build/obj/test_sequence_007.o (symbol from plugin)
                                                  build/obj/test_sequence_006.o (symbol from plugin)
                                                  build/obj/test_sequence_005.o (symbol from plugin)
                                                  build/obj/test_sequence_003.o (symbol from plugin)
_test_assert_time_window                          build/obj/ch_test.o (symbol from plugin)
                                                  build/obj/test_sequence_008.o (symbol from plugin)
                                                  build/obj/test_sequence_005.o (symbol from plugin)
                                                  build/obj/test_sequence_004.o (symbol from plugin)
                                                  build/obj/test_sequence_003.o (symbol from plugin)
_test_fail                                        build/obj/ch_test.o (symbol from plugin)
_textdata_start                                   build/obj/crt0_v7m.o
_thread_init                                      build/obj/chthreads.o (symbol from plugin)
                                                  build/obj/chsys.o (symbol from plugin)
_unhandled_exception                              /tmp/ccwBA5JV.ltrans1.ltrans.o
                                                  build/obj/vectors.o (symbol from plugin)
_vectors                                          /tmp/ccwBA5JV.ltrans0.ltrans.o
                                                  build/obj/vectors.o (symbol from plugin)
                                                  build/obj/crt0_v7m.o
_vt_init                                          build/obj/chvt.o (symbol from plugin)
                                                  build/obj/chsys.o (symbol from plugin)
_write.lto_priv.46                                /tmp/ccwBA5JV.ltrans1.ltrans.o
                                                  /tmp/ccwBA5JV.ltrans0.ltrans.o
_writet.lto_priv.52                               /tmp/ccwBA5JV.ltrans1.ltrans.o
                                                  /tmp/ccwBA5JV.ltrans0.ltrans.o
adcAcquireBus                                     build/obj/hal_adc.o (symbol from plugin)
adcConvert                                        build/obj/hal_adc.o (symbol from plugin)
                                                  build/obj/main.o (symbol from plugin)
adcInit                                           build/obj/hal_adc.o (symbol from plugin)
                                                  build/obj/hal.o (symbol from plugin)
adcObjectInit                                     build/obj/hal_adc.o (symbol from plugin)
                                                  build/obj/hal_adc_lld.o (symbol from plugin)
adcReleaseBus                                     build/obj/hal_adc.o (symbol from plugin)
adcStart                                          build/obj/hal_adc.o (symbol from plugin)
                                                  build/obj/main.o (symbol from plugin)
adcStartConversion                                build/obj/hal_adc.o (symbol from plugin)
adcStartConversionI                               build/obj/hal_adc.o (symbol from plugin)
adcStop                                           build/obj/hal_adc.o (symbol from plugin)
adcStopConversion                                 build/obj/hal_adc.o (symbol from plugin)
adcStopConversionI                                build/obj/hal_adc.o (symbol from plugin)
adc_lld_init                                      build/obj/hal_adc_lld.o (symbol from plugin)
                                                  build/obj/hal_adc.o (symbol from plugin)
adc_lld_serve_rx_interrupt.lto_priv.44            /tmp/ccwBA5JV.ltrans1.ltrans.o