Archive member included to satisfy reference by file (symbol)

/usr/bin/../lib/gcc/arm-none-eabi/6.3.1/thumb/v7-m/libgcc.a(_arm_addsubdf3.o)
                              /tmp/ccuC9lBh.ltrans0.ltrans.o (__aeabi_dsub)
/usr/bin/../lib/gcc/arm-none-eabi/6.3.1/thumb/v7-m/libgcc.a(_arm_muldivdf3.o)
                              /tmp/ccuC9lBh.ltrans0.ltrans.o (__aeabi_dmul)
/usr/bin/../lib/gcc/arm-none-eabi/6.3.1/thumb/v7-m/libgcc.a(_arm_fixdfsi.o)
                              /tmp/ccuC9lBh.ltrans0.ltrans.o (__aeabi_d2iz)
/usr/bin/../lib/gcc/arm-none-eabi/6.3.1/thumb/v7-m/libgcc.a(_arm_truncdfsf2.o)
                              /tmp/ccuC9lBh.ltrans0.ltrans.o (__aeabi_d2f)
/usr/bin/../lib/gcc/arm-none-eabi/6.3.1/thumb/v7-m/libgcc.a(_arm_cmpsf2.o)
                              /tmp/ccuC9lBh.ltrans0.ltrans.o (__aeabi_fcmplt)
/usr/bin/../lib/gcc/arm-none-eabi/6.3.1/thumb/v7-m/libgcc.a(_arm_fixsfsi.o)
                              /tmp/ccuC9lBh.ltrans0.ltrans.o (__aeabi_f2iz)

Discarded input sections

 .data          0x0000000000000000        0x0 build/obj/crt0_v7m.o
 .bss           0x0000000000000000        0x0 build/obj/crt0_v7m.o
 .data          0x0000000000000000        0x0 build/obj/chcoreasm_v7m.o
 .bss           0x0000000000000000        0x0 build/obj/chcoreasm_v7m.o
 .text          0x0000000000000000        0x0 build/obj/crt1.o (symbol from plugin)
 .text          0x0000000000000000        0x0 /tmp/ccuC9lBh.ltrans0.ltrans.o
 .data          0x0000000000000000        0x0 /tmp/ccuC9lBh.ltrans0.ltrans.o
 .bss           0x0000000000000000        0x0 /tmp/ccuC9lBh.ltrans0.ltrans.o
 .text          0x0000000000000000        0x0 /tmp/ccuC9lBh.ltrans1.ltrans.o
 .data          0x0000000000000000        0x0 /tmp/ccuC9lBh.ltrans1.ltrans.o
 .bss           0x0000000000000000        0x0 /tmp/ccuC9lBh.ltrans1.ltrans.o
 .text          0x0000000000000000        0x0 /tmp/ccuC9lBh.ltrans2.ltrans.o
 .data          0x0000000000000000        0x0 /tmp/ccuC9lBh.ltrans2.ltrans.o
 .bss           0x0000000000000000        0x0 /tmp/ccuC9lBh.ltrans2.ltrans.o
 .text          0x0000000000000000        0x0 build/obj/vectors.o (symbol from plugin)
 .text          0x0000000000000000        0x0 build/obj/chsys.o (symbol from plugin)
 .text          0x0000000000000000        0x0 build/obj/chdebug.o (symbol from plugin)
 .text          0x0000000000000000        0x0 build/obj/chtrace.o (symbol from plugin)
 .text          0x0000000000000000        0x0 build/obj/chvt.o (symbol from plugin)
 .text          0x0000000000000000        0x0 build/obj/chschd.o (symbol from plugin)
 .text          0x0000000000000000        0x0 build/obj/chthreads.o (symbol from plugin)
 .text          0x0000000000000000        0x0 build/obj/chregistry.o (symbol from plugin)
 .text          0x0000000000000000        0x0 build/obj/chsem.o (symbol from plugin)
 .text          0x0000000000000000        0x0 build/obj/chmtx.o (symbol from plugin)
 .text          0x0000000000000000        0x0 build/obj/chcond.o (symbol from plugin)
 .text          0x0000000000000000        0x0 build/obj/chevents.o (symbol from plugin)
 .text          0x0000000000000000        0x0 build/obj/chmsg.o (symbol from plugin)
 .text          0x0000000000000000        0x0 build/obj/chdynamic.o (symbol from plugin)
 .text          0x0000000000000000        0x0 build/obj/chmboxes.o (symbol from plugin)
 .text          0x0000000000000000        0x0 build/obj/chmemcore.o (symbol from plugin)
 .text          0x0000000000000000        0x0 build/obj/chheap.o (symbol from plugin)
 .text          0x0000000000000000        0x0 build/obj/chmempools.o (symbol from plugin)
 .text          0x0000000000000000        0x0 build/obj/chcore.o (symbol from plugin)
 .text          0x0000000000000000        0x0 build/obj/chcore_v7m.o (symbol from plugin)
 .text          0x0000000000000000        0x0 build/obj/osal.o (symbol from plugin)
 .text          0x0000000000000000        0x0 build/obj/hal.o (symbol from plugin)
 .text          0x0000000000000000        0x0 build/obj/hal_st.o (symbol from plugin)
 .text          0x0000000000000000        0x0 build/obj/hal_buffers.o (symbol from plugin)
 .text          0x0000000000000000        0x0 build/obj/hal_queues.o (symbol from plugin)
 .text          0x0000000000000000        0x0 build/obj/hal_mmcsd.o (symbol from plugin)
 .text          0x0000000000000000        0x0 build/obj/hal_icu.o (symbol from plugin)
 .text          0x0000000000000000        0x0 build/obj/hal_pal.o (symbol from plugin)
 .text          0x0000000000000000        0x0 build/obj/hal_serial.o (symbol from plugin)
 .text          0x0000000000000000        0x0 build/obj/hal_spi.o (symbol from plugin)
 .text          0x0000000000000000        0x0 build/obj/nvic.o (symbol from plugin)
 .text          0x0000000000000000        0x0 build/obj/hal_lld.o (symbol from plugin)
 .text          0x0000000000000000        0x0 build/obj/stm32_dma.o (symbol from plugin)
[...]
Memory Configuration

Name             Origin             Length             Attributes
flash0           0x0000000008000000 0x0000000000020000
flash1           0x0000000000000000 0x0000000000000000
flash2           0x0000000000000000 0x0000000000000000
flash3           0x0000000000000000 0x0000000000000000
flash4           0x0000000000000000 0x0000000000000000
flash5           0x0000000000000000 0x0000000000000000
flash6           0x0000000000000000 0x0000000000000000
flash7           0x0000000000000000 0x0000000000000000
ram0             0x0000000020000000 0x0000000000002000
ram1             0x0000000000000000 0x0000000000000000
ram2             0x0000000000000000 0x0000000000000000
ram3             0x0000000000000000 0x0000000000000000
ram4             0x0000000000000000 0x0000000000000000
ram5             0x0000000000000000 0x0000000000000000
ram6             0x0000000000000000 0x0000000000000000
ram7             0x0000000000000000 0x0000000000000000
*default*        0x0000000000000000 0xffffffffffffffff

Linker script and memory map

LOAD build/obj/crt0_v7m.o
LOAD build/obj/chcoreasm_v7m.o
LOAD build/obj/crt1.o
LOAD /tmp/ccuC9lBh.ltrans0.ltrans.o
LOAD /tmp/ccuC9lBh.ltrans1.ltrans.o
LOAD /tmp/ccuC9lBh.ltrans2.ltrans.o
LOAD build/obj/vectors.o
LOAD build/obj/chsys.o
LOAD build/obj/chdebug.o
LOAD build/obj/chtrace.o
LOAD build/obj/chvt.o
LOAD build/obj/chschd.o
LOAD build/obj/chthreads.o
LOAD build/obj/chregistry.o
LOAD build/obj/chsem.o
LOAD build/obj/chmtx.o
LOAD build/obj/chcond.o
LOAD build/obj/chevents.o
LOAD build/obj/chmsg.o
LOAD build/obj/chdynamic.o
LOAD build/obj/chmboxes.o
LOAD build/obj/chmemcore.o
LOAD build/obj/chheap.o
LOAD build/obj/chmempools.o
LOAD build/obj/chcore.o
LOAD build/obj/chcore_v7m.o
LOAD build/obj/osal.o
LOAD build/obj/hal.o
LOAD build/obj/hal_st.o
LOAD build/obj/hal_buffers.o
LOAD build/obj/hal_queues.o
LOAD build/obj/hal_mmcsd.o
LOAD build/obj/hal_icu.o
LOAD build/obj/hal_pal.o
LOAD build/obj/hal_serial.o
LOAD build/obj/hal_spi.o
LOAD build/obj/nvic.o
LOAD build/obj/hal_lld.o
LOAD build/obj/stm32_dma.o
LOAD build/obj/hal_pal_lld.o
LOAD build/obj/hal_spi_lld.o
LOAD build/obj/hal_st_lld.o
LOAD build/obj/hal_icu_lld.o
LOAD build/obj/hal_serial_lld.o
LOAD build/obj/board.o
LOAD build/obj/ch_test.o
LOAD build/obj/test_root.o
LOAD build/obj/test_sequence_001.o
LOAD build/obj/test_sequence_002.o
LOAD build/obj/test_sequence_003.o
LOAD build/obj/test_sequence_004.o
LOAD build/obj/test_sequence_005.o
LOAD build/obj/test_sequence_006.o
LOAD build/obj/test_sequence_007.o
LOAD build/obj/test_sequence_008.o
LOAD build/obj/test_sequence_009.o
LOAD build/obj/test_sequence_010.o
LOAD build/obj/test_sequence_011.o
LOAD build/obj/test_sequence_012.o
LOAD build/obj/test_sequence_013.o
LOAD build/obj/memstreams.o
LOAD build/obj/chprintf.o
LOAD build/obj/main.o

.mstack         0x0000000020000000      0x400
                0x0000000020000000                . = ALIGN (0x8)
                0x0000000020000000                __main_stack_base__ = .
                0x0000000020000400                . = (. + __main_stack_size__)
 *fill*         0x0000000020000000      0x400 
                0x0000000020000400                . = ALIGN (0x8)
                0x0000000020000400                __main_stack_end__ = .

.pstack         0x0000000020000400      0x400
                0x0000000020000400                __process_stack_base__ = .
                0x0000000020000400                __main_thread_stack_base__ = .
                0x0000000020000800                . = (. + __process_stack_size__)
 *fill*         0x0000000020000400      0x400 
                0x0000000020000800                . = ALIGN (0x8)
                0x0000000020000800                __process_stack_end__ = .
                0x0000000020000800                __main_thread_stack_end__ = .

.vectors        0x0000000008000000      0x160
 *(.vectors)
 .vectors       0x0000000008000000      0x160 /tmp/ccuC9lBh.ltrans0.ltrans.o
                0x0000000008000000                _vectors

.xtors          0x0000000008000160        0x0
                0x0000000008000160                __init_array_start = .
 *(SORT(.init_array.*))
 *(.init_array)
                0x0000000008000160                __init_array_end = .
                0x0000000008000160                __fini_array_start = .
 *(.fini_array)
 *(SORT(.fini_array.*))
                0x0000000008000160                __fini_array_end = .

.text           0x0000000008000160     0x25dc
 *(.text)
 .text          0x0000000008000160       0xd4 build/obj/crt0_v7m.o
                0x0000000008000160                Reset_Handler
 .text          0x0000000008000234       0x28 build/obj/chcoreasm_v7m.o
                0x0000000008000234                _port_switch
                0x0000000008000244                _port_thread_start
                0x0000000008000254                _port_switch_from_isr
                0x0000000008000258                _port_exit_from_isr
 .text          0x000000000800025c      0x370 /usr/bin/../lib/gcc/arm-none-eabi/6.3.1/thumb/v7-m/libgcc.a(_arm_addsubdf3.o)
                0x000000000800025c                __aeabi_drsub
                0x0000000008000264                __aeabi_dsub
                0x0000000008000264                __subdf3
                0x0000000008000268                __adddf3
                0x0000000008000268                __aeabi_dadd
                0x00000000080004e0                __aeabi_ui2d
                0x00000000080004e0                __floatunsidf
                0x0000000008000500                __floatsidf
                0x0000000008000500                __aeabi_i2d
                0x0000000008000524                __extendsfdf2
                0x0000000008000524                __aeabi_f2d
                0x0000000008000560                __aeabi_ul2d
                0x0000000008000560                __floatundidf
                0x0000000008000570                __floatdidf
                0x0000000008000570                __aeabi_l2d
 .text          0x00000000080005cc      0x424 /usr/bin/../lib/gcc/arm-none-eabi/6.3.1/thumb/v7-m/libgcc.a(_arm_muldivdf3.o)
                0x00000000080005cc                __aeabi_dmul
                0x00000000080005cc                __muldf3
                0x0000000008000820                __aeabi_ddiv
                0x0000000008000820                __divdf3
 .text          0x00000000080009f0       0x50 /usr/bin/../lib/gcc/arm-none-eabi/6.3.1/thumb/v7-m/libgcc.a(_arm_fixdfsi.o)
                0x00000000080009f0                __fixdfsi
                0x00000000080009f0                __aeabi_d2iz
 .text          0x0000000008000a40       0xa0 /usr/bin/../lib/gcc/arm-none-eabi/6.3.1/thumb/v7-m/libgcc.a(_arm_truncdfsf2.o)
                0x0000000008000a40                __aeabi_d2f
                0x0000000008000a40                __truncdfsf2
 .text          0x0000000008000ae0       0xec /usr/bin/../lib/gcc/arm-none-eabi/6.3.1/thumb/v7-m/libgcc.a(_arm_cmpsf2.o)
                0x0000000008000ae0                __gtsf2
                0x0000000008000ae0                __gesf2
                0x0000000008000ae8                __lesf2
                0x0000000008000ae8                __ltsf2
                0x0000000008000af0                __nesf2
                0x0000000008000af0                __eqsf2
                0x0000000008000af0                __cmpsf2
                0x0000000008000b50                __aeabi_cfrcmple
                0x0000000008000b58                __aeabi_cfcmple
                0x0000000008000b58                __aeabi_cfcmpeq
                0x0000000008000b68                __aeabi_fcmpeq
                0x0000000008000b7c                __aeabi_fcmplt
                0x0000000008000b90                __aeabi_fcmple
                0x0000000008000ba4                __aeabi_fcmpge
                0x0000000008000bb8                __aeabi_fcmpgt
 .text          0x0000000008000bcc       0x4c /usr/bin/../lib/gcc/arm-none-eabi/6.3.1/thumb/v7-m/libgcc.a(_arm_fixsfsi.o)
                0x0000000008000bcc                __fixsfsi
                0x0000000008000bcc                __aeabi_f2iz
 *(.text.*)
 *fill*         0x0000000008000c18        0x8 
 .text.icuwidthcb.lto_priv.36
                0x0000000008000c20       0x94 /tmp/ccuC9lBh.ltrans0.ltrans.o
                0x0000000008000c20                icuwidthcb.lto_priv.36
 *fill*         0x0000000008000cb4        0xc 
 .text.notify3.lto_priv.35
                0x0000000008000cc0       0x10 /tmp/ccuC9lBh.ltrans0.ltrans.o
                0x0000000008000cc0                notify3.lto_priv.35
 .text._port_irq_epilogue
                0x0000000008000cd0       0x5c /tmp/ccuC9lBh.ltrans0.ltrans.o
 *fill*         0x0000000008000d2c        0x4 
 .text.VectorA4
                0x0000000008000d30       0x98 /tmp/ccuC9lBh.ltrans0.ltrans.o
 *fill*         0x0000000008000dc8        0x8 
 .text.VectorAC
                0x0000000008000dd0        0x4 /tmp/ccuC9lBh.ltrans0.ltrans.o
 *fill*         0x0000000008000dd4        0xc 
 .text.VectorB0
                0x0000000008000de0       0xa0 /tmp/ccuC9lBh.ltrans0.ltrans.o
 .text.Vector84
                0x0000000008000e80       0x3c /tmp/ccuC9lBh.ltrans0.ltrans.o
 *fill*         0x0000000008000ebc        0x4 
 .text.Vector80
                0x0000000008000ec0       0x3c /tmp/ccuC9lBh.ltrans0.ltrans.o
 *fill*         0x0000000008000efc        0x4 
 .text.Vector7C
                0x0000000008000f00       0x3c /tmp/ccuC9lBh.ltrans0.ltrans.o
 *fill*         0x0000000008000f3c        0x4 
 .text.Vector78
                0x0000000008000f40       0x3c /tmp/ccuC9lBh.ltrans0.ltrans.o
 *fill*         0x0000000008000f7c        0x4 
 .text.Vector74
                0x0000000008000f80       0x3c /tmp/ccuC9lBh.ltrans0.ltrans.o
 *fill*         0x0000000008000fbc        0x4 
 .text.Vector70
                0x0000000008000fc0       0x3c /tmp/ccuC9lBh.ltrans0.ltrans.o
 *fill*         0x0000000008000ffc        0x4 
 .text.Vector6C
                0x0000000008001000       0x34 /tmp/ccuC9lBh.ltrans0.ltrans.o
 *fill*         0x0000000008001034        0xc 
 .text.SVC_Handler
                0x0000000008001040       0x1c /tmp/ccuC9lBh.ltrans0.ltrans.o
 *fill*         0x000000000800105c        0x4 
 .text.chCoreAllocAlignedWithOffset
                0x0000000008001060       0x44 /tmp/ccuC9lBh.ltrans0.ltrans.o
                0x0000000008001060                chCoreAllocAlignedWithOffset
 *fill*         0x00000000080010a4        0xc 
 .text.wakeup   0x00000000080010b0       0x70 /tmp/ccuC9lBh.ltrans0.ltrans.o
 .text._idle_thread.lto_priv.37
                0x0000000008001120        0x4 /tmp/ccuC9lBh.ltrans0.ltrans.o
                0x0000000008001120                _idle_thread.lto_priv.37
 *fill*         0x0000000008001124        0xc 
 .text._unhandled_exception
                0x0000000008001130        0x4 /tmp/ccuC9lBh.ltrans0.ltrans.o
 *fill*         0x0000000008001134        0xc 
 .text.chSchGoSleepS
                0x0000000008001140       0x28 /tmp/ccuC9lBh.ltrans0.ltrans.o
 *fill*         0x0000000008001168        0x8 
 .text.chSchGoSleepTimeoutS
                0x0000000008001170      0x148 /tmp/ccuC9lBh.ltrans0.ltrans.o
 *fill*         0x00000000080012b8        0x8 
 .text.chThdEnqueueTimeoutS
                0x00000000080012c0       0x28 /tmp/ccuC9lBh.ltrans0.ltrans.o
 *fill*         0x00000000080012e8        0x8 
 .text.oqWriteTimeout
                0x00000000080012f0       0xb4 /tmp/ccuC9lBh.ltrans0.ltrans.o
 *fill*         0x00000000080013a4        0xc 
 .text._writet.lto_priv.44
                0x00000000080013b0        0x8 /tmp/ccuC9lBh.ltrans0.ltrans.o
                0x00000000080013b0                _writet.lto_priv.44
 *fill*         0x00000000080013b8        0x8 
 .text._write.lto_priv.38
                0x00000000080013c0        0xc /tmp/ccuC9lBh.ltrans0.ltrans.o
                0x00000000080013c0                _write.lto_priv.38
 *fill*         0x00000000080013cc        0x4 
 .text.oqPutTimeout
                0x00000000080013d0       0x54 /tmp/ccuC9lBh.ltrans0.ltrans.o
 *fill*         0x0000000008001424        0xc 
 .text._putt.lto_priv.42
                0x0000000008001430        0x8 /tmp/ccuC9lBh.ltrans0.ltrans.o
                0x0000000008001430                _putt.lto_priv.42
 *fill*         0x0000000008001438        0x8 
 .text._put.lto_priv.40
                0x0000000008001440        0xc /tmp/ccuC9lBh.ltrans0.ltrans.o
                0x0000000008001440                _put.lto_priv.40
 *fill*         0x000000000800144c        0x4 
 .text.iqReadTimeout
                0x0000000008001450       0xb8 /tmp/ccuC9lBh.ltrans0.ltrans.o
 *fill*         0x0000000008001508        0x8 
 .text._readt.lto_priv.45
                0x0000000008001510        0x8 /tmp/ccuC9lBh.ltrans0.ltrans.o
                0x0000000008001510                _readt.lto_priv.45
 *fill*         0x0000000008001518        0x8 
 .text._read.lto_priv.39
                0x0000000008001520        0xc /tmp/ccuC9lBh.ltrans0.ltrans.o
                0x0000000008001520                _read.lto_priv.39
 *fill*         0x000000000800152c        0x4 
 .text.iqGetTimeout
                0x0000000008001530       0x54 /tmp/ccuC9lBh.ltrans0.ltrans.o
 *fill*         0x0000000008001584        0xc 
 .text._gett.lto_priv.43
                0x0000000008001590        0x8 /tmp/ccuC9lBh.ltrans0.ltrans.o
                0x0000000008001590                _gett.lto_priv.43
 *fill*         0x0000000008001598        0x8 
 .text._get.lto_priv.41
                0x00000000080015a0        0xc /tmp/ccuC9lBh.ltrans0.ltrans.o
                0x00000000080015a0                _get.lto_priv.41
 *fill*         0x00000000080015ac        0x4 
 .text.chprintf
                0x00000000080015b0      0x540 /tmp/ccuC9lBh.ltrans0.ltrans.o
                0x00000000080015b0                chprintf
 .text.__early_init
                0x0000000008001af0       0x7c /tmp/ccuC9lBh.ltrans0.ltrans.o
                0x0000000008001af0                __early_init
 *fill*         0x0000000008001b6c        0x4 
 .text.chThdSleep
                0x0000000008001b70       0x18 /tmp/ccuC9lBh.ltrans0.ltrans.o
                0x0000000008001b70                chThdSleep
 *fill*         0x0000000008001b88        0x8 
 .text.chSchDoReschedule
                0x0000000008001b90       0x40 /tmp/ccuC9lBh.ltrans0.ltrans.o
                0x0000000008001b90                chSchDoReschedule
 .text.chSchReadyI
                0x0000000008001bd0       0x2c /tmp/ccuC9lBh.ltrans0.ltrans.o
                0x0000000008001bd0                chSchReadyI
 *fill*         0x0000000008001bfc        0x4 
 .text.VectorDC
                0x0000000008001c00      0x1b8 /tmp/ccuC9lBh.ltrans0.ltrans.o
 *fill*         0x0000000008001db8        0x8 
 .text.chThdExit
                0x0000000008001dc0       0x50 /tmp/ccuC9lBh.ltrans0.ltrans.o
                0x0000000008001dc0                chThdExit
 .text.__init_ram_areas
                0x0000000008001e10       0x64 /tmp/ccuC9lBh.ltrans0.ltrans.o
                0x0000000008001e10                __init_ram_areas
 *fill*         0x0000000008001e74        0xc 
 .text.__default_exit
                0x0000000008001e80        0x4 /tmp/ccuC9lBh.ltrans0.ltrans.o
                0x0000000008001e80                __default_exit
 *fill*         0x0000000008001e84        0xc 
 .text.__late_init
                0x0000000008001e90        0x4 /tmp/ccuC9lBh.ltrans0.ltrans.o
                0x0000000008001e90                __late_init
 *fill*         0x0000000008001e94        0xc 
 .text.__core_init
                0x0000000008001ea0        0x4 /tmp/ccuC9lBh.ltrans0.ltrans.o
                0x0000000008001ea0                __core_init
 *fill*         0x0000000008001ea4        0xc 
 .text.Thread1  0x0000000008001eb0       0x64 /tmp/ccuC9lBh.ltrans1.ltrans.o
 *fill*         0x0000000008001f14        0xc 
 .text.startup.main
                0x0000000008001f20      0x6d4 /tmp/ccuC9lBh.ltrans1.ltrans.o
                0x0000000008001f20                main
 *fill*         0x00000000080025f4        0xc 
 .text.chSchWakeupS.constprop.34
                0x0000000008002600       0x5c /tmp/ccuC9lBh.ltrans2.ltrans.o
                0x0000000008002600                chSchWakeupS.constprop.34
 *fill*         0x000000000800265c        0x4 
 .text.chEvtBroadcastFlagsI.constprop.27
                0x0000000008002660       0x64 /tmp/ccuC9lBh.ltrans2.ltrans.o
                0x0000000008002660                chEvtBroadcastFlagsI.constprop.27
 *fill*         0x00000000080026c4        0xc 
 .text._pal_lld_setgroupmode.constprop.4
                0x00000000080026d0       0x6c /tmp/ccuC9lBh.ltrans2.ltrans.o
                0x00000000080026d0                _pal_lld_setgroupmode.constprop.4
 *(.glue_7t)
 .glue_7t       0x000000000800273c        0x0 linker stubs
 *(.glue_7)
 .glue_7        0x000000000800273c        0x0 linker stubs
 *(.gcc*)

.vfp11_veneer   0x000000000800273c        0x0
 .vfp11_veneer  0x000000000800273c        0x0 linker stubs

.v4_bx          0x000000000800273c        0x0
 .v4_bx         0x000000000800273c        0x0 linker stubs

.iplt           0x000000000800273c        0x0
 .iplt          0x000000000800273c        0x0 build/obj/crt0_v7m.o

.rodata         0x000000000800273c      0x1f8
                0x000000000800273c                . = ALIGN (0x4)
                0x000000000800273c                __rodata_base__ = .
 *(.rodata)
 *(.rodata.*)
 .rodata.chprintf.str1.4
                0x000000000800273c        0x7 /tmp/ccuC9lBh.ltrans0.ltrans.o
 *fill*         0x0000000008002743        0x1 
 .rodata.pow10  0x0000000008002744       0x24 /tmp/ccuC9lBh.ltrans0.ltrans.o
 .rodata.ram_areas
                0x0000000008002768       0x80 /tmp/ccuC9lBh.ltrans0.ltrans.o
 .rodata.Thread1.str1.4
                0x00000000080027e8        0x8 /tmp/ccuC9lBh.ltrans1.ltrans.o
 .rodata._stm32_dma_streams
                0x00000000080027f0       0x8c /tmp/ccuC9lBh.ltrans1.ltrans.o
 .rodata.ch_debug
                0x000000000800287c       0x16 /tmp/ccuC9lBh.ltrans1.ltrans.o
 *fill*         0x0000000008002892        0x2 
 .rodata.main.str1.4
                0x0000000008002894       0x6c /tmp/ccuC9lBh.ltrans1.ltrans.o
                                         0x6b (size before relaxing)
 .rodata.vmt    0x0000000008002900       0x20 /tmp/ccuC9lBh.ltrans1.ltrans.o
 .rodata.cfgtab.6739
                0x0000000008002920       0x12 /tmp/ccuC9lBh.ltrans2.ltrans.o
                0x0000000008002934                . = ALIGN (0x4)
 *fill*         0x0000000008002932        0x2 
                0x0000000008002934                __rodata_end__ = .

.rel.dyn        0x0000000008002934        0x0
 .rel.iplt      0x0000000008002934        0x0 build/obj/crt0_v7m.o

.ARM.extab
 *(.ARM.extab* .gnu.linkonce.armextab.*)

.ARM.exidx      0x0000000008002934        0x0
                0x0000000008002934                __exidx_start = .
 *(.ARM.exidx* .gnu.linkonce.armexidx.*)
                0x0000000008002934                __exidx_end = .

.eh_frame_hdr
 *(.eh_frame_hdr)

.eh_frame
 *(.eh_frame)
                0x0000000020000000                __ram0_start__ = ORIGIN (ram0)
                0x0000000000002000                __ram0_size__ = LENGTH (ram0)
                0x0000000020002000                __ram0_end__ = (__ram0_start__ + __ram0_size__)
                0x0000000000000000                __ram1_start__ = ORIGIN (ram1)
                0x0000000000000000                __ram1_size__ = LENGTH (ram1)
                0x0000000000000000                __ram1_end__ = (__ram1_start__ + __ram1_size__)
                0x0000000000000000                __ram2_start__ = ORIGIN (ram2)
                0x0000000000000000                __ram2_size__ = LENGTH (ram2)
                0x0000000000000000                __ram2_end__ = (__ram2_start__ + __ram2_size__)
                0x0000000000000000                __ram3_start__ = ORIGIN (ram3)
                0x0000000000000000                __ram3_size__ = LENGTH (ram3)
                0x0000000000000000                __ram3_end__ = (__ram3_start__ + __ram3_size__)
                0x0000000000000000                __ram4_start__ = ORIGIN (ram4)
                0x0000000000000000                __ram4_size__ = LENGTH (ram4)
                0x0000000000000000                __ram4_end__ = (__ram4_start__ + __ram4_size__)
                0x0000000000000000                __ram5_start__ = ORIGIN (ram5)
                0x0000000000000000                __ram5_size__ = LENGTH (ram5)
                0x0000000000000000                __ram5_end__ = (__ram5_start__ + __ram5_size__)
                0x0000000000000000                __ram6_start__ = ORIGIN (ram6)
                0x0000000000000000                __ram6_size__ = LENGTH (ram6)
                0x0000000000000000                __ram6_end__ = (__ram6_start__ + __ram6_size__)
                0x0000000000000000                __ram7_start__ = ORIGIN (ram7)
                0x0000000000000000                __ram7_size__ = LENGTH (ram7)
                0x0000000000000000                __ram7_end__ = (__ram7_start__ + __ram7_size__)

.data           0x0000000020000800       0x1c load address 0x0000000008002934
                0x0000000020000800                . = ALIGN (0x4)
                [!provide]                        PROVIDE (_textdata, LOADADDR (.data))
                [!provide]                        PROVIDE (_data, .)
                0x0000000008002934                _textdata_start = LOADADDR (.data)
                0x0000000020000800                _data_start = .
 *(.data)
 *(.data.*)
 .data.icucfg   0x0000000020000800       0x1c /tmp/ccuC9lBh.ltrans1.ltrans.o
 *(.ramtext)
                0x000000002000081c                . = ALIGN (0x4)
                [!provide]                        PROVIDE (_edata, .)
                0x000000002000081c                _data_end = .

.igot.plt       0x000000002000081c        0x0 load address 0x0000000008002950
 .igot.plt      0x000000002000081c        0x0 build/obj/crt0_v7m.o

.bss            0x0000000020000820      0x3c8 load address 0x0000000008002950
                0x0000000020000820                . = ALIGN (0x4)
                0x0000000020000820                _bss_start = .
 *(.bss)
 *(.bss.*)
 .bss.CHECK_SUM.lto_priv.50
                0x0000000020000820        0x1 /tmp/ccuC9lBh.ltrans1.ltrans.o
                0x0000000020000820                CHECK_SUM.lto_priv.50
 .bss.HR.lto_priv.48
                0x0000000020000821        0x1 /tmp/ccuC9lBh.ltrans1.ltrans.o
                0x0000000020000821                HR.lto_priv.48
 *fill*         0x0000000020000822        0x2 
 .bss.ICUD1     0x0000000020000824       0x18 /tmp/ccuC9lBh.ltrans1.ltrans.o
                0x0000000020000824                ICUD1
 .bss.SPID1     0x000000002000083c       0x30 /tmp/ccuC9lBh.ltrans1.ltrans.o
 .bss.TEMP.lto_priv.49
                0x000000002000086c        0x1 /tmp/ccuC9lBh.ltrans1.ltrans.o
                0x000000002000086c                TEMP.lto_priv.49
 *fill*         0x000000002000086d        0x3 
 .bss._stm32_dma_isr_redir
                0x0000000020000870       0x38 /tmp/ccuC9lBh.ltrans1.ltrans.o
                0x0000000020000870                _stm32_dma_isr_redir
 .bss.bit_counter.lto_priv.46
                0x00000000200008a8        0x1 /tmp/ccuC9lBh.ltrans1.ltrans.o
                0x00000000200008a8                bit_counter.lto_priv.46
 *fill*         0x00000000200008a9        0x7 
 .bss.blinker   0x00000000200008b0      0x148 /tmp/ccuC9lBh.ltrans1.ltrans.o
 .bss.ch_idle_thread_wa
                0x00000000200009f8       0xd8 /tmp/ccuC9lBh.ltrans1.ltrans.o
 .bss.ch_memcore
                0x0000000020000ad0        0x8 /tmp/ccuC9lBh.ltrans1.ltrans.o
                0x0000000020000ad0                ch_memcore
 .bss.default_heap
                0x0000000020000ad8       0x20 /tmp/ccuC9lBh.ltrans1.ltrans.o
 .bss.delay     0x0000000020000af8        0x1 /tmp/ccuC9lBh.ltrans1.ltrans.o
 .bss.tmp.lto_priv.47
                0x0000000020000af9        0x1 /tmp/ccuC9lBh.ltrans1.ltrans.o
                0x0000000020000af9                tmp.lto_priv.47
 *fill*         0x0000000020000afa        0x2 
 .bss.SD3       0x0000000020000afc       0x7c /tmp/ccuC9lBh.ltrans2.ltrans.o
                0x0000000020000afc                SD3
 .bss.ch        0x0000000020000b78       0x70 /tmp/ccuC9lBh.ltrans2.ltrans.o
                0x0000000020000b78                ch
 *(COMMON)
                0x0000000020000be8                . = ALIGN (0x4)
                0x0000000020000be8                _bss_end = .
                [!provide]                        PROVIDE (end, .)

.ram0_init      0x0000000020000be8        0x0 load address 0x0000000008002950
                0x0000000020000be8                . = ALIGN (0x4)
                0x0000000008002950                __ram0_init_text__ = LOADADDR (.ram0_init)
                0x0000000020000be8                __ram0_init__ = .
 *(.ram0_init)
 *(.ram0_init.*)
                0x0000000020000be8                . = ALIGN (0x4)

.ram0           0x0000000020000be8        0x0 load address 0x0000000008002950
                0x0000000020000be8                . = ALIGN (0x4)
                0x0000000020000be8                __ram0_clear__ = .
 *(.ram0_clear)
 *(.ram0_clear.*)
                0x0000000020000be8                . = ALIGN (0x4)
                0x0000000020000be8                __ram0_noinit__ = .
 *(.ram0)
 *(.ram0.*)
                0x0000000020000be8                . = ALIGN (0x4)
                0x0000000020000be8                __ram0_free__ = .

.ram1_init      0x0000000000000000        0x0 load address 0x0000000008002950
                0x0000000000000000                . = ALIGN (0x4)
                0x0000000008002950                __ram1_init_text__ = LOADADDR (.ram1_init)
                0x0000000000000000                __ram1_init__ = .
 *(.ram1_init)
 *(.ram1_init.*)
                0x0000000000000000                . = ALIGN (0x4)

.ram1           0x0000000000000000        0x0 load address 0x0000000008002950
                0x0000000000000000                . = ALIGN (0x4)
                0x0000000000000000                __ram1_clear__ = .
 *(.ram1_clear)
 *(.ram1_clear.*)
                0x0000000000000000                . = ALIGN (0x4)
                0x0000000000000000                __ram1_noinit__ = .
 *(.ram1)
 *(.ram1.*)
                0x0000000000000000                . = ALIGN (0x4)
                0x0000000000000000                __ram1_free__ = .

.ram2_init      0x0000000000000000        0x0 load address 0x0000000008002950
                0x0000000000000000                . = ALIGN (0x4)
                0x0000000008002950                __ram2_init_text__ = LOADADDR (.ram2_init)
                0x0000000000000000                __ram2_init__ = .
 *(.ram2_init)
 *(.ram2_init.*)
                0x0000000000000000                . = ALIGN (0x4)

.ram2           0x0000000000000000        0x0 load address 0x0000000008002950
                0x0000000000000000                . = ALIGN (0x4)
                0x0000000000000000                __ram2_clear__ = .
 *(.ram2_clear)
 *(.ram2_clear.*)
                0x0000000000000000                . = ALIGN (0x4)
                0x0000000000000000                __ram2_noinit__ = .
 *(.ram2)
 *(.ram2.*)
                0x0000000000000000                . = ALIGN (0x4)
                0x0000000000000000                __ram2_free__ = .

.ram3_init      0x0000000000000000        0x0 load address 0x0000000008002950
                0x0000000000000000                . = ALIGN (0x4)
                0x0000000008002950                __ram3_init_text__ = LOADADDR (.ram3_init)
                0x0000000000000000                __ram3_init__ = .
 *(.ram3_init)
 *(.ram3_init.*)
                0x0000000000000000                . = ALIGN (0x4)

.ram3           0x0000000000000000        0x0 load address 0x0000000008002950
                0x0000000000000000                . = ALIGN (0x4)
                0x0000000000000000                __ram3_clear__ = .
 *(.ram3_clear)
 *(.ram3_clear.*)
                0x0000000000000000                . = ALIGN (0x4)
                0x0000000000000000                __ram3_noinit__ = .
 *(.ram3)
 *(.ram3.*)
                0x0000000000000000                . = ALIGN (0x4)
                0x0000000000000000                __ram3_free__ = .

.ram4_init      0x0000000000000000        0x0 load address 0x0000000008002950
                0x0000000000000000                . = ALIGN (0x4)
                0x0000000008002950                __ram4_init_text__ = LOADADDR (.ram4_init)
                0x0000000000000000                __ram4_init__ = .
 *(.ram4_init)
 *(.ram4_init.*)
                0x0000000000000000                . = ALIGN (0x4)

.ram4           0x0000000000000000        0x0 load address 0x0000000008002950
                0x0000000000000000                . = ALIGN (0x4)
                0x0000000000000000                __ram4_clear__ = .
 *(.ram4_clear)
 *(.ram4_clear.*)
                0x0000000000000000                . = ALIGN (0x4)
                0x0000000000000000                __ram4_noinit__ = .
 *(.ram4)
 *(.ram4.*)
                0x0000000000000000                . = ALIGN (0x4)
                0x0000000000000000                __ram4_free__ = .

.ram5_init      0x0000000000000000        0x0 load address 0x0000000008002950
                0x0000000000000000                . = ALIGN (0x4)
                0x0000000008002950                __ram5_init_text__ = LOADADDR (.ram5_init)
                0x0000000000000000                __ram5_init__ = .
 *(.ram5_init)
 *(.ram5_init.*)
                0x0000000000000000                . = ALIGN (0x4)

.ram5           0x0000000000000000        0x0 load address 0x0000000008002950
                0x0000000000000000                . = ALIGN (0x4)
                0x0000000000000000                __ram5_clear__ = .
 *(.ram5_clear)
 *(.ram5_clear.*)
                0x0000000000000000                . = ALIGN (0x4)
                0x0000000000000000                __ram5_noinit__ = .
 *(.ram5)
 *(.ram5.*)
                0x0000000000000000                . = ALIGN (0x4)
                0x0000000000000000                __ram5_free__ = .

.ram6_init      0x0000000000000000        0x0 load address 0x0000000008002950
                0x0000000000000000                . = ALIGN (0x4)
                0x0000000008002950                __ram6_init_text__ = LOADADDR (.ram6_init)
                0x0000000000000000                __ram6_init__ = .
 *(.ram6_init)
 *(.ram6_init.*)
                0x0000000000000000                . = ALIGN (0x4)

.ram6           0x0000000000000000        0x0 load address 0x0000000008002950
                0x0000000000000000                . = ALIGN (0x4)
                0x0000000000000000                __ram6_clear__ = .
 *(.ram6_clear)
 *(.ram6_clear.*)
                0x0000000000000000                . = ALIGN (0x4)
                0x0000000000000000                __ram6_noinit__ = .
 *(.ram6)
 *(.ram6.*)
                0x0000000000000000                . = ALIGN (0x4)
                0x0000000000000000                __ram6_free__ = .

.ram7_init      0x0000000000000000        0x0 load address 0x0000000008002950
                0x0000000000000000                . = ALIGN (0x4)
                0x0000000008002950                __ram7_init_text__ = LOADADDR (.ram7_init)
                0x0000000000000000                __ram7_init__ = .
 *(.ram7_init)
 *(.ram7_init.*)
                0x0000000000000000                . = ALIGN (0x4)

.ram7           0x0000000000000000        0x0 load address 0x0000000008002950
                0x0000000000000000                . = ALIGN (0x4)
                0x0000000000000000                __ram7_clear__ = .
 *(.ram7_clear)
 *(.ram7_clear.*)
                0x0000000000000000                . = ALIGN (0x4)
                0x0000000000000000                __ram7_noinit__ = .
 *(.ram7)
 *(.ram7.*)
                0x0000000000000000                . = ALIGN (0x4)
                0x0000000000000000                __ram7_free__ = .

.heap           0x0000000020000be8     0x1418
                0x0000000020000be8                . = ALIGN (0x8)
                0x0000000020000be8                __heap_base__ = .
                0x0000000020002000                . = (ORIGIN (HEAP_RAM) + LENGTH (HEAP_RAM))
 *fill*         0x0000000020000be8     0x1418 
                0x0000000020002000                __heap_end__ = .
                0x0000000000000400                __process_stack_size__ = 0x400
                0x0000000000000400                __main_stack_size__ = 0x400
START GROUP
LOAD /usr/bin/../lib/gcc/arm-none-eabi/6.3.1/thumb/v7-m/libgcc.a
LOAD /usr/bin/../lib/gcc/arm-none-eabi/6.3.1/../../../../arm-none-eabi/lib/thumb/v7-m/libg.a
LOAD /usr/bin/../lib/gcc/arm-none-eabi/6.3.1/../../../../arm-none-eabi/lib/thumb/v7-m/libc.a
END GROUP
OUTPUT(build/ch.elf elf32-littlearm)

.ARM.attributes
                0x0000000000000000       0x2d
 .ARM.attributes
                0x0000000000000000       0x21 build/obj/crt0_v7m.o
 .ARM.attributes
                0x0000000000000021       0x21 build/obj/chcoreasm_v7m.o
 .ARM.attributes
                0x0000000000000042       0x31 /tmp/ccuC9lBh.ltrans0.ltrans.o
 .ARM.attributes
                0x0000000000000073       0x31 /tmp/ccuC9lBh.ltrans1.ltrans.o
 .ARM.attributes
                0x00000000000000a4       0x31 /tmp/ccuC9lBh.ltrans2.ltrans.o
 .ARM.attributes
                0x00000000000000d5       0x1d /usr/bin/../lib/gcc/arm-none-eabi/6.3.1/thumb/v7-m/libgcc.a(_arm_addsubdf3.o)
 .ARM.attributes
                0x00000000000000f2       0x1d /usr/bin/../lib/gcc/arm-none-eabi/6.3.1/thumb/v7-m/libgcc.a(_arm_muldivdf3.o)
 .ARM.attributes
                0x000000000000010f       0x1d /usr/bin/../lib/gcc/arm-none-eabi/6.3.1/thumb/v7-m/libgcc.a(_arm_fixdfsi.o)
 .ARM.attributes
                0x000000000000012c       0x1d /usr/bin/../lib/gcc/arm-none-eabi/6.3.1/thumb/v7-m/libgcc.a(_arm_truncdfsf2.o)
 .ARM.attributes
                0x0000000000000149       0x1d /usr/bin/../lib/gcc/arm-none-eabi/6.3.1/thumb/v7-m/libgcc.a(_arm_cmpsf2.o)
 .ARM.attributes
                0x0000000000000166       0x1d /usr/bin/../lib/gcc/arm-none-eabi/6.3.1/thumb/v7-m/libgcc.a(_arm_fixsfsi.o)

.comment        0x0000000000000000       0x7f
 .comment       0x0000000000000000       0x7f /tmp/ccuC9lBh.ltrans0.ltrans.o
                                         0x80 (size before relaxing)
 .comment       0x000000000000007f       0x80 /tmp/ccuC9lBh.ltrans1.ltrans.o
 .comment       0x000000000000007f       0x80 /tmp/ccuC9lBh.ltrans2.ltrans.o

.debug_info     0x0000000000000000     0x7684
 .debug_info    0x0000000000000000     0x406b /tmp/ccuC9lBh.ltrans0.ltrans.o
 .debug_info    0x000000000000406b     0x28b9 /tmp/ccuC9lBh.ltrans1.ltrans.o
 .debug_info    0x0000000000006924      0xd60 /tmp/ccuC9lBh.ltrans2.ltrans.o

.debug_abbrev   0x0000000000000000      0xd9b
 .debug_abbrev  0x0000000000000000      0x6ea /tmp/ccuC9lBh.ltrans0.ltrans.o
 .debug_abbrev  0x00000000000006ea      0x41d /tmp/ccuC9lBh.ltrans1.ltrans.o
 .debug_abbrev  0x0000000000000b07      0x294 /tmp/ccuC9lBh.ltrans2.ltrans.o

.debug_loc      0x0000000000000000     0x2e27
 .debug_loc     0x0000000000000000     0x24d9 /tmp/ccuC9lBh.ltrans0.ltrans.o
 .debug_loc     0x00000000000024d9      0x6ef /tmp/ccuC9lBh.ltrans1.ltrans.o
 .debug_loc     0x0000000000002bc8      0x25f /tmp/ccuC9lBh.ltrans2.ltrans.o

.debug_aranges  0x0000000000000000      0x1c0
 .debug_aranges
                0x0000000000000000      0x168 /tmp/ccuC9lBh.ltrans0.ltrans.o
 .debug_aranges
                0x0000000000000168       0x28 /tmp/ccuC9lBh.ltrans1.ltrans.o
 .debug_aranges
                0x0000000000000190       0x30 /tmp/ccuC9lBh.ltrans2.ltrans.o

.debug_ranges   0x0000000000000000     0x12c0
 .debug_ranges  0x0000000000000000      0x860 /tmp/ccuC9lBh.ltrans0.ltrans.o
 .debug_ranges  0x0000000000000860      0xa08 /tmp/ccuC9lBh.ltrans1.ltrans.o
 .debug_ranges  0x0000000000001268       0x58 /tmp/ccuC9lBh.ltrans2.ltrans.o

.debug_line     0x0000000000000000     0x1f80
 .debug_line    0x0000000000000000     0x1078 /tmp/ccuC9lBh.ltrans0.ltrans.o
 .debug_line    0x0000000000001078      0xb95 /tmp/ccuC9lBh.ltrans1.ltrans.o
 .debug_line    0x0000000000001c0d      0x373 /tmp/ccuC9lBh.ltrans2.ltrans.o

.debug_str      0x0000000000000000     0x18e5
 .debug_str     0x0000000000000000      0xfd7 /tmp/ccuC9lBh.ltrans0.ltrans.o
                                       0x10de (size before relaxing)
 .debug_str     0x0000000000000fd7      0x79e /tmp/ccuC9lBh.ltrans1.ltrans.o
                                        0xf28 (size before relaxing)
 .debug_str     0x0000000000001775      0x170 /tmp/ccuC9lBh.ltrans2.ltrans.o
                                        0x775 (size before relaxing)

.debug_frame    0x0000000000000000      0x7f4
 .debug_frame   0x0000000000000000      0x504 /tmp/ccuC9lBh.ltrans0.ltrans.o
 .debug_frame   0x0000000000000504       0x44 /tmp/ccuC9lBh.ltrans1.ltrans.o
 .debug_frame   0x0000000000000548       0x7c /tmp/ccuC9lBh.ltrans2.ltrans.o
 .debug_frame   0x00000000000005c4       0xac /usr/bin/../lib/gcc/arm-none-eabi/6.3.1/thumb/v7-m/libgcc.a(_arm_addsubdf3.o)
 .debug_frame   0x0000000000000670       0x50 /usr/bin/../lib/gcc/arm-none-eabi/6.3.1/thumb/v7-m/libgcc.a(_arm_muldivdf3.o)
 .debug_frame   0x00000000000006c0       0x24 /usr/bin/../lib/gcc/arm-none-eabi/6.3.1/thumb/v7-m/libgcc.a(_arm_fixdfsi.o)
 .debug_frame   0x00000000000006e4       0x24 /usr/bin/../lib/gcc/arm-none-eabi/6.3.1/thumb/v7-m/libgcc.a(_arm_truncdfsf2.o)
 .debug_frame   0x0000000000000708       0xc8 /usr/bin/../lib/gcc/arm-none-eabi/6.3.1/thumb/v7-m/libgcc.a(_arm_cmpsf2.o)
 .debug_frame   0x00000000000007d0       0x24 /usr/bin/../lib/gcc/arm-none-eabi/6.3.1/thumb/v7-m/libgcc.a(_arm_fixsfsi.o)

Cross Reference Table

Symbol                                            File
BusFault_Handler                                  build/obj/vectors.o (symbol from plugin)
CHECK_SUM.lto_priv.50                             /tmp/ccuC9lBh.ltrans1.ltrans.o
                                                  /tmp/ccuC9lBh.ltrans0.ltrans.o
DebugMon_Handler                                  build/obj/vectors.o (symbol from plugin)
HR.lto_priv.48                                    /tmp/ccuC9lBh.ltrans1.ltrans.o
                                                  /tmp/ccuC9lBh.ltrans0.ltrans.o
HardFault_Handler                                 build/obj/vectors.o (symbol from plugin)
ICUD1                                             /tmp/ccuC9lBh.ltrans1.ltrans.o
                                                  build/obj/hal_icu_lld.o (symbol from plugin)
                                                  /tmp/ccuC9lBh.ltrans0.ltrans.o
                                                  build/obj/main.o (symbol from plugin)
MemManage_Handler                                 build/obj/vectors.o (symbol from plugin)
NMI_Handler                                       build/obj/vectors.o (symbol from plugin)
PendSV_Handler                                    build/obj/vectors.o (symbol from plugin)
Reset_Handler                                     build/obj/crt0_v7m.o
                                                  /tmp/ccuC9lBh.ltrans0.ltrans.o
                                                  build/obj/vectors.o (symbol from plugin)
SD3                                               /tmp/ccuC9lBh.ltrans2.ltrans.o
                                                  build/obj/hal_serial_lld.o (symbol from plugin)
                                                  /tmp/ccuC9lBh.ltrans1.ltrans.o
                                                  /tmp/ccuC9lBh.ltrans0.ltrans.o
                                                  build/obj/main.o (symbol from plugin)
SPID1                                             build/obj/hal_spi_lld.o (symbol from plugin)
SVC_Handler                                       build/obj/chcore_v7m.o (symbol from plugin)
                                                  build/obj/vectors.o (symbol from plugin)
SysTick_Handler                                   build/obj/vectors.o (symbol from plugin)
SystemCoreClock                                   build/obj/hal_lld.o (symbol from plugin)
TEMP.lto_priv.49                                  /tmp/ccuC9lBh.ltrans1.ltrans.o
                                                  /tmp/ccuC9lBh.ltrans0.ltrans.o
UsageFault_Handler                                build/obj/vectors.o (symbol from plugin)
Vector100                                         build/obj/vectors.o (symbol from plugin)
Vector104                                         build/obj/vectors.o (symbol from plugin)
Vector108                                         build/obj/vectors.o (symbol from plugin)
Vector10C                                         build/obj/vectors.o (symbol from plugin)
Vector110                                         build/obj/vectors.o (symbol from plugin)
Vector114                                         build/obj/vectors.o (symbol from plugin)
Vector118                                         build/obj/vectors.o (symbol from plugin)
Vector11C                                         build/obj/vectors.o (symbol from plugin)
Vector120                                         build/obj/vectors.o (symbol from plugin)
Vector124                                         build/obj/vectors.o (symbol from plugin)
Vector128                                         build/obj/vectors.o (symbol from plugin)
Vector12C                                         build/obj/vectors.o (symbol from plugin)
Vector130                                         build/obj/vectors.o (symbol from plugin)
Vector134                                         build/obj/vectors.o (symbol from plugin)
Vector138                                         build/obj/vectors.o (symbol from plugin)
Vector13C                                         build/obj/vectors.o (symbol from plugin)
Vector140                                         build/obj/vectors.o (symbol from plugin)
Vector144                                         build/obj/vectors.o (symbol from plugin)
Vector148                                         build/obj/vectors.o (symbol from plugin)
Vector14C                                         build/obj/vectors.o (symbol from plugin)
Vector150                                         build/obj/vectors.o (symbol from plugin)
Vector154                                         build/obj/vectors.o (symbol from plugin)
Vector158                                         build/obj/vectors.o (symbol from plugin)
Vector15C                                         build/obj/vectors.o (symbol from plugin)
Vector1C                                          build/obj/vectors.o (symbol from plugin)
Vector20                                          build/obj/vectors.o (symbol from plugin)
Vector24                                          build/obj/vectors.o (symbol from plugin)
Vector28                                          build/obj/vectors.o (symbol from plugin)
Vector34                                          build/obj/vectors.o (symbol from plugin)
Vector40                                          build/obj/vectors.o (symbol from plugin)
Vector44                                          build/obj/vectors.o (symbol from plugin)
Vector48                                          build/obj/vectors.o (symbol from plugin)
Vector4C                                          build/obj/vectors.o (symbol from plugin)
Vector50                                          build/obj/vectors.o (symbol from plugin)
Vector54                                          build/obj/vectors.o (symbol from plugin)
Vector58                                          build/obj/vectors.o (symbol from plugin)
Vector5C                                          build/obj/vectors.o (symbol from plugin)
Vector60                                          build/obj/vectors.o (symbol from plugin)
Vector64                                          build/obj/vectors.o (symbol from plugin)
Vector68                                          build/obj/vectors.o (symbol from plugin)
Vector6C                                          build/obj/stm32_dma.o (symbol from plugin)
                                                  build/obj/vectors.o (symbol from plugin)
Vector70                                          build/obj/stm32_dma.o (symbol from plugin)
                                                  build/obj/vectors.o (symbol from plugin)
Vector74                                          build/obj/stm32_dma.o (symbol from plugin)
                                                  build/obj/vectors.o (symbol from plugin)
Vector78                                          build/obj/stm32_dma.o (symbol from plugin)
                                                  build/obj/vectors.o (symbol from plugin)
Vector7C                                          build/obj/stm32_dma.o (symbol from plugin)
                                                  build/obj/vectors.o (symbol from plugin)
Vector80                                          build/obj/stm32_dma.o (symbol from plugin)
                                                  build/obj/vectors.o (symbol from plugin)
Vector84                                          build/obj/stm32_dma.o (symbol from plugin)
                                                  build/obj/vectors.o (symbol from plugin)
Vector88                                          build/obj/vectors.o (symbol from plugin)
Vector8C                                          build/obj/vectors.o (symbol from plugin)
Vector90                                          build/obj/vectors.o (symbol from plugin)
Vector94                                          build/obj/vectors.o (symbol from plugin)
Vector98                                          build/obj/vectors.o (symbol from plugin)
Vector9C                                          build/obj/vectors.o (symbol from plugin)
VectorA0                                          build/obj/vectors.o (symbol from plugin)
VectorA4                                          build/obj/hal_icu_lld.o (symbol from plugin)
                                                  build/obj/vectors.o (symbol from plugin)
VectorA8                                          build/obj/vectors.o (symbol from plugin)
VectorAC                                          build/obj/hal_icu_lld.o (symbol from plugin)
                                                  build/obj/vectors.o (symbol from plugin)
VectorB0                                          build/obj/hal_st_lld.o (symbol from plugin)
                                                  build/obj/vectors.o (symbol from plugin)
VectorB4                                          build/obj/vectors.o (symbol from plugin)
VectorB8                                          build/obj/vectors.o (symbol from plugin)
VectorBC                                          build/obj/vectors.o (symbol from plugin)
VectorC0                                          build/obj/vectors.o (symbol from plugin)
VectorC4                                          build/obj/vectors.o (symbol from plugin)
VectorC8                                          build/obj/vectors.o (symbol from plugin)
VectorCC                                          build/obj/vectors.o (symbol from plugin)
VectorD0                                          build/obj/vectors.o (symbol from plugin)
VectorD4                                          build/obj/vectors.o (symbol from plugin)
VectorD8                                          build/obj/vectors.o (symbol from plugin)
VectorDC                                          build/obj/hal_serial_lld.o (symbol from plugin)
                                                  build/obj/vectors.o (symbol from plugin)
VectorE0                                          build/obj/vectors.o (symbol from plugin)
VectorE4                                          build/obj/vectors.o (symbol from plugin)
VectorE8                                          build/obj/vectors.o (symbol from plugin)
VectorEC                                          build/obj/vectors.o (symbol from plugin)
VectorF0                                          build/obj/vectors.o (symbol from plugin)
VectorF4                                          build/obj/vectors.o (symbol from plugin)
VectorF8                                          build/obj/vectors.o (symbol from plugin)
VectorFC                                          build/obj/vectors.o (symbol from plugin)
__adddf3                                          /usr/bin/../lib/gcc/arm-none-eabi/6.3.1/thumb/v7-m/libgcc.a(_arm_addsubdf3.o)
__aeabi_cfcmpeq                                   /usr/bin/../lib/gcc/arm-none-eabi/6.3.1/thumb/v7-m/libgcc.a(_arm_cmpsf2.o)
__aeabi_cfcmple                                   /usr/bin/../lib/gcc/arm-none-eabi/6.3.1/thumb/v7-m/libgcc.a(_arm_cmpsf2.o)
__aeabi_cfrcmple                                  /usr/bin/../lib/gcc/arm-none-eabi/6.3.1/thumb/v7-m/libgcc.a(_arm_cmpsf2.o)
__aeabi_d2f                                       /usr/bin/../lib/gcc/arm-none-eabi/6.3.1/thumb/v7-m/libgcc.a(_arm_truncdfsf2.o)
                                                  /tmp/ccuC9lBh.ltrans0.ltrans.o
__aeabi_d2iz                                      /usr/bin/../lib/gcc/arm-none-eabi/6.3.1/thumb/v7-m/libgcc.a(_arm_fixdfsi.o)
                                                  /tmp/ccuC9lBh.ltrans0.ltrans.o
__aeabi_dadd                                      /usr/bin/../lib/gcc/arm-none-eabi/6.3.1/thumb/v7-m/libgcc.a(_arm_addsubdf3.o)
__aeabi_ddiv                                      /usr/bin/../lib/gcc/arm-none-eabi/6.3.1/thumb/v7-m/libgcc.a(_arm_muldivdf3.o)
__aeabi_dmul                                      /usr/bin/../lib/gcc/arm-none-eabi/6.3.1/thumb/v7-m/libgcc.a(_arm_muldivdf3.o)
                                                  /tmp/ccuC9lBh.ltrans0.ltrans.o
__aeabi_drsub                                     /usr/bin/../lib/gcc/arm-none-eabi/6.3.1/thumb/v7-m/libgcc.a(_arm_addsubdf3.o)
__aeabi_dsub                                      /usr/bin/../lib/gcc/arm-none-eabi/6.3.1/thumb/v7-m/libgcc.a(_arm_addsubdf3.o)
                                                  /tmp/ccuC9lBh.ltrans0.ltrans.o
__aeabi_f2d                                       /usr/bin/../lib/gcc/arm-none-eabi/6.3.1/thumb/v7-m/libgcc.a(_arm_addsubdf3.o)
                                                  /tmp/ccuC9lBh.ltrans0.ltrans.o
__aeabi_f2iz                                      /usr/bin/../lib/gcc/arm-none-eabi/6.3.1/thumb/v7-m/libgcc.a(_arm_fixsfsi.o)
                                                  /tmp/ccuC9lBh.ltrans0.ltrans.o
__aeabi_fcmpeq                                    /usr/bin/../lib/gcc/arm-none-eabi/6.3.1/thumb/v7-m/libgcc.a(_arm_cmpsf2.o)
__aeabi_fcmpge                                    /usr/bin/../lib/gcc/arm-none-eabi/6.3.1/thumb/v7-m/libgcc.a(_arm_cmpsf2.o)
__aeabi_fcmpgt                                    /usr/bin/../lib/gcc/arm-none-eabi/6.3.1/thumb/v7-m/libgcc.a(_arm_cmpsf2.o)
__aeabi_fcmple                                    /usr/bin/../lib/gcc/arm-none-eabi/6.3.1/thumb/v7-m/libgcc.a(_arm_cmpsf2.o)
__aeabi_fcmplt                                    /usr/bin/../lib/gcc/arm-none-eabi/6.3.1/thumb/v7-m/libgcc.a(_arm_cmpsf2.o)
                                                  /tmp/ccuC9lBh.ltrans0.ltrans.o
__aeabi_i2d                                       /usr/bin/../lib/gcc/arm-none-eabi/6.3.1/thumb/v7-m/libgcc.a(_arm_addsubdf3.o)
                                                  /tmp/ccuC9lBh.ltrans0.ltrans.o
__aeabi_l2d                                       /usr/bin/../lib/gcc/arm-none-eabi/6.3.1/thumb/v7-m/libgcc.a(_arm_addsubdf3.o)
__aeabi_ui2d                                      /usr/bin/../lib/gcc/arm-none-eabi/6.3.1/thumb/v7-m/libgcc.a(_arm_addsubdf3.o)
                                                  /tmp/ccuC9lBh.ltrans0.ltrans.o
__aeabi_ul2d                                      /usr/bin/../lib/gcc/arm-none-eabi/6.3.1/thumb/v7-m/libgcc.a(_arm_addsubdf3.o)
__cmpsf2                                          /usr/bin/../lib/gcc/arm-none-eabi/6.3.1/thumb/v7-m/libgcc.a(_arm_cmpsf2.o)
__core_init                                       /tmp/ccuC9lBh.ltrans0.ltrans.o
                                                  build/obj/crt1.o (symbol from plugin)
                                                  build/obj/crt0_v7m.o
__default_exit                                    /tmp/ccuC9lBh.ltrans0.ltrans.o
                                                  build/obj/crt1.o (symbol from plugin)
                                                  build/obj/crt0_v7m.o
__divdf3                                          /usr/bin/../lib/gcc/arm-none-eabi/6.3.1/thumb/v7-m/libgcc.a(_arm_muldivdf3.o)
__early_init                                      /tmp/ccuC9lBh.ltrans0.ltrans.o
                                                  build/obj/board.o (symbol from plugin)
                                                  build/obj/crt1.o (symbol from plugin)
                                                  build/obj/crt0_v7m.o
__eqsf2                                           /usr/bin/../lib/gcc/arm-none-eabi/6.3.1/thumb/v7-m/libgcc.a(_arm_cmpsf2.o)
__extendsfdf2                                     /usr/bin/../lib/gcc/arm-none-eabi/6.3.1/thumb/v7-m/libgcc.a(_arm_addsubdf3.o)
__fini_array_end                                  build/obj/crt0_v7m.o
__fini_array_start                                build/obj/crt0_v7m.o
__fixdfsi                                         /usr/bin/../lib/gcc/arm-none-eabi/6.3.1/thumb/v7-m/libgcc.a(_arm_fixdfsi.o)
__fixsfsi                                         /usr/bin/../lib/gcc/arm-none-eabi/6.3.1/thumb/v7-m/libgcc.a(_arm_fixsfsi.o)
__floatdidf                                       /usr/bin/../lib/gcc/arm-none-eabi/6.3.1/thumb/v7-m/libgcc.a(_arm_addsubdf3.o)
__floatsidf                                       /usr/bin/../lib/gcc/arm-none-eabi/6.3.1/thumb/v7-m/libgcc.a(_arm_addsubdf3.o)
__floatundidf                                     /usr/bin/../lib/gcc/arm-none-eabi/6.3.1/thumb/v7-m/libgcc.a(_arm_addsubdf3.o)
__floatunsidf                                     /usr/bin/../lib/gcc/arm-none-eabi/6.3.1/thumb/v7-m/libgcc.a(_arm_addsubdf3.o)
__gesf2                                           /usr/bin/../lib/gcc/arm-none-eabi/6.3.1/thumb/v7-m/libgcc.a(_arm_cmpsf2.o)
__gtsf2                                           /usr/bin/../lib/gcc/arm-none-eabi/6.3.1/thumb/v7-m/libgcc.a(_arm_cmpsf2.o)
__heap_base__                                     /tmp/ccuC9lBh.ltrans1.ltrans.o
                                                  build/obj/chmemcore.o (symbol from plugin)
__heap_end__                                      /tmp/ccuC9lBh.ltrans1.ltrans.o
                                                  build/obj/chmemcore.o (symbol from plugin)
__init_array_end                                  build/obj/crt0_v7m.o
__init_array_start                                build/obj/crt0_v7m.o
__init_ram_areas                                  /tmp/ccuC9lBh.ltrans0.ltrans.o
                                                  build/obj/crt1.o (symbol from plugin)
                                                  build/obj/crt0_v7m.o
__late_init                                       /tmp/ccuC9lBh.ltrans0.ltrans.o
                                                  build/obj/crt1.o (symbol from plugin)
                                                  build/obj/crt0_v7m.o
__lesf2                                           /usr/bin/../lib/gcc/arm-none-eabi/6.3.1/thumb/v7-m/libgcc.a(_arm_cmpsf2.o)
__ltsf2                                           /usr/bin/../lib/gcc/arm-none-eabi/6.3.1/thumb/v7-m/libgcc.a(_arm_cmpsf2.o)
__main_stack_base__                               build/obj/crt0_v7m.o
__main_stack_end__                                /tmp/ccuC9lBh.ltrans0.ltrans.o
                                                  build/obj/vectors.o (symbol from plugin)
                                                  build/obj/crt0_v7m.o
__muldf3                                          /usr/bin/../lib/gcc/arm-none-eabi/6.3.1/thumb/v7-m/libgcc.a(_arm_muldivdf3.o)
__nesf2                                           /usr/bin/../lib/gcc/arm-none-eabi/6.3.1/thumb/v7-m/libgcc.a(_arm_cmpsf2.o)
__process_stack_base__                            build/obj/crt0_v7m.o
__process_stack_end__                             build/obj/crt0_v7m.o
__ram0_clear__                                    /tmp/ccuC9lBh.ltrans0.ltrans.o
                                                  build/obj/crt1.o (symbol from plugin)
__ram0_init__                                     /tmp/ccuC9lBh.ltrans0.ltrans.o
                                                  build/obj/crt1.o (symbol from plugin)
__ram0_init_text__                                /tmp/ccuC9lBh.ltrans0.ltrans.o
                                                  build/obj/crt1.o (symbol from plugin)
__ram0_noinit__                                   /tmp/ccuC9lBh.ltrans0.ltrans.o
                                                  build/obj/crt1.o (symbol from plugin)
__ram1_clear__                                    /tmp/ccuC9lBh.ltrans0.ltrans.o
                                                  build/obj/crt1.o (symbol from plugin)
__ram1_init__                                     /tmp/ccuC9lBh.ltrans0.ltrans.o
                                                  build/obj/crt1.o (symbol from plugin)
__ram1_init_text__                                /tmp/ccuC9lBh.ltrans0.ltrans.o
                                                  build/obj/crt1.o (symbol from plugin)
__ram1_noinit__                                   /tmp/ccuC9lBh.ltrans0.ltrans.o
                                                  build/obj/crt1.o (symbol from plugin)
__ram2_clear__                                    /tmp/ccuC9lBh.ltrans0.ltrans.o
                                                  build/obj/crt1.o (symbol from plugin)
__ram2_init__                                     /tmp/ccuC9lBh.ltrans0.ltrans.o
                                                  build/obj/crt1.o (symbol from plugin)
__ram2_init_text__                                /tmp/ccuC9lBh.ltrans0.ltrans.o
                                                  build/obj/crt1.o (symbol from plugin)
__ram2_noinit__                                   /tmp/ccuC9lBh.ltrans0.ltrans.o
                                                  build/obj/crt1.o (symbol from plugin)
__ram3_clear__                                    /tmp/ccuC9lBh.ltrans0.ltrans.o
                                                  build/obj/crt1.o (symbol from plugin)
__ram3_init__                                     /tmp/ccuC9lBh.ltrans0.ltrans.o
                                                  build/obj/crt1.o (symbol from plugin)
__ram3_init_text__                                /tmp/ccuC9lBh.ltrans0.ltrans.o
                                                  build/obj/crt1.o (symbol from plugin)
__ram3_noinit__                                   /tmp/ccuC9lBh.ltrans0.ltrans.o
                                                  build/obj/crt1.o (symbol from plugin)
__ram4_clear__                                    /tmp/ccuC9lBh.ltrans0.ltrans.o
                                                  build/obj/crt1.o (symbol from plugin)
__ram4_init__                                     /tmp/ccuC9lBh.ltrans0.ltrans.o
                                                  build/obj/crt1.o (symbol from plugin)
__ram4_init_text__                                /tmp/ccuC9lBh.ltrans0.ltrans.o
                                                  build/obj/crt1.o (symbol from plugin)
__ram4_noinit__                                   /tmp/ccuC9lBh.ltrans0.ltrans.o
                                                  build/obj/crt1.o (symbol from plugin)
__ram5_clear__                                    /tmp/ccuC9lBh.ltrans0.ltrans.o
                                                  build/obj/crt1.o (symbol from plugin)
__ram5_init__                                     /tmp/ccuC9lBh.ltrans0.ltrans.o
                                                  build/obj/crt1.o (symbol from plugin)
__ram5_init_text__                                /tmp/ccuC9lBh.ltrans0.ltrans.o
                                                  build/obj/crt1.o (symbol from plugin)
__ram5_noinit__                                   /tmp/ccuC9lBh.ltrans0.ltrans.o
                                                  build/obj/crt1.o (symbol from plugin)
__ram6_clear__                                    /tmp/ccuC9lBh.ltrans0.ltrans.o
                                                  build/obj/crt1.o (symbol from plugin)
__ram6_init__                                     /tmp/ccuC9lBh.ltrans0.ltrans.o
                                                  build/obj/crt1.o (symbol from plugin)
__ram6_init_text__                                /tmp/ccuC9lBh.ltrans0.ltrans.o
                                                  build/obj/crt1.o (symbol from plugin)
__ram6_noinit__                                   /tmp/ccuC9lBh.ltrans0.ltrans.o
                                                  build/obj/crt1.o (symbol from plugin)
__ram7_clear__                                    /tmp/ccuC9lBh.ltrans0.ltrans.o
                                                  build/obj/crt1.o (symbol from plugin)
__ram7_init__                                     /tmp/ccuC9lBh.ltrans0.ltrans.o
                                                  build/obj/crt1.o (symbol from plugin)
__ram7_init_text__                                /tmp/ccuC9lBh.ltrans0.ltrans.o
                                                  build/obj/crt1.o (symbol from plugin)
__ram7_noinit__                                   /tmp/ccuC9lBh.ltrans0.ltrans.o
                                                  build/obj/crt1.o (symbol from plugin)
__subdf3                                          /usr/bin/../lib/gcc/arm-none-eabi/6.3.1/thumb/v7-m/libgcc.a(_arm_addsubdf3.o)
__truncdfsf2                                      /usr/bin/../lib/gcc/arm-none-eabi/6.3.1/thumb/v7-m/libgcc.a(_arm_truncdfsf2.o)
_bss_end                                          build/obj/crt0_v7m.o
_bss_start                                        build/obj/crt0_v7m.o
_core_init                                        build/obj/chmemcore.o (symbol from plugin)
                                                  build/obj/chsys.o (symbol from plugin)
_data_end                                         build/obj/crt0_v7m.o
_data_start                                       build/obj/crt0_v7m.o
_get.lto_priv.41                                  /tmp/ccuC9lBh.ltrans0.ltrans.o
                                                  /tmp/ccuC9lBh.ltrans1.ltrans.o
_gett.lto_priv.43                                 /tmp/ccuC9lBh.ltrans0.ltrans.o
                                                  /tmp/ccuC9lBh.ltrans1.ltrans.o
_heap_init                                        build/obj/chheap.o (symbol from plugin)
                                                  build/obj/chsys.o (symbol from plugin)
_idle_thread.lto_priv.37                          /tmp/ccuC9lBh.ltrans0.ltrans.o
                                                  /tmp/ccuC9lBh.ltrans1.ltrans.o
_pal_lld_init                                     build/obj/hal_pal_lld.o (symbol from plugin)
                                                  build/obj/hal.o (symbol from plugin)
_pal_lld_setgroupmode                             build/obj/hal_pal_lld.o (symbol from plugin)
                                                  build/obj/main.o (symbol from plugin)
                                                  build/obj/hal_pal.o (symbol from plugin)
_pal_lld_setgroupmode.constprop.4                 /tmp/ccuC9lBh.ltrans2.ltrans.o
                                                  /tmp/ccuC9lBh.ltrans1.ltrans.o
_port_exit_from_isr                               build/obj/chcoreasm_v7m.o
                                                  /tmp/ccuC9lBh.ltrans0.ltrans.o
                                                  build/obj/chcore_v7m.o (symbol from plugin)
_port_irq_epilogue                                build/obj/chcore_v7m.o (symbol from plugin)
                                                  build/obj/hal_serial_lld.o (symbol from plugin)
                                                  build/obj/hal_icu_lld.o (symbol from plugin)
                                                  build/obj/hal_st_lld.o (symbol from plugin)
                                                  build/obj/stm32_dma.o (symbol from plugin)
_port_switch                                      build/obj/chcoreasm_v7m.o
                                                  /tmp/ccuC9lBh.ltrans2.ltrans.o
                                                  /tmp/ccuC9lBh.ltrans0.ltrans.o
                                                  build/obj/chschd.o (symbol from plugin)
_port_switch_from_isr                             build/obj/chcoreasm_v7m.o
                                                  /tmp/ccuC9lBh.ltrans0.ltrans.o
                                                  build/obj/chcore_v7m.o (symbol from plugin)
_port_thread_start                                build/obj/chcoreasm_v7m.o
                                                  /tmp/ccuC9lBh.ltrans1.ltrans.o
                                                  build/obj/chthreads.o (symbol from plugin)
_put.lto_priv.40                                  /tmp/ccuC9lBh.ltrans0.ltrans.o
                                                  /tmp/ccuC9lBh.ltrans1.ltrans.o
_putt.lto_priv.42                                 /tmp/ccuC9lBh.ltrans0.ltrans.o
                                                  /tmp/ccuC9lBh.ltrans1.ltrans.o
_read.lto_priv.39                                 /tmp/ccuC9lBh.ltrans0.ltrans.o
                                                  /tmp/ccuC9lBh.ltrans1.ltrans.o
_readt.lto_priv.45                                /tmp/ccuC9lBh.ltrans0.ltrans.o
                                                  /tmp/ccuC9lBh.ltrans1.ltrans.o
_scheduler_init                                   build/obj/chschd.o (symbol from plugin)
                                                  build/obj/chsys.o (symbol from plugin)
_stm32_dma_isr_redir                              /tmp/ccuC9lBh.ltrans1.ltrans.o
                                                  build/obj/stm32_dma.o (symbol from plugin)
                                                  /tmp/ccuC9lBh.ltrans0.ltrans.o
_stm32_dma_streams                                build/obj/stm32_dma.o (symbol from plugin)
                                                  build/obj/hal_spi_lld.o (symbol from plugin)
_test_assert                                      build/obj/ch_test.o (symbol from plugin)
                                                  build/obj/test_sequence_012.o (symbol from plugin)
                                                  build/obj/test_sequence_011.o (symbol from plugin)
                                                  build/obj/test_sequence_010.o (symbol from plugin)
                                                  build/obj/test_sequence_009.o (symbol from plugin)
                                                  build/obj/test_sequence_008.o (symbol from plugin)
                                                  build/obj/test_sequence_006.o (symbol from plugin)
                                                  build/obj/test_sequence_005.o (symbol from plugin)
                                                  build/obj/test_sequence_004.o (symbol from plugin)
                                                  build/obj/test_sequence_003.o (symbol from plugin)
                                                  build/obj/test_sequence_002.o (symbol from plugin)
_test_assert_sequence                             build/obj/ch_test.o (symbol from plugin)
                                                  build/obj/test_sequence_012.o (symbol from plugin)
                                                  build/obj/test_sequence_009.o (symbol from plugin)
                                                  build/obj/test_sequence_008.o (symbol from plugin)
                                                  build/obj/test_sequence_007.o (symbol from plugin)
                                                  build/obj/test_sequence_006.o (symbol from plugin)
                                                  build/obj/test_sequence_005.o (symbol from plugin)
                                                  build/obj/test_sequence_003.o (symbol from plugin)
_test_assert_time_window                          build/obj/ch_test.o (symbol from plugin)
                                                  build/obj/test_sequence_008.o (symbol from plugin)
                                                  build/obj/test_sequence_005.o (symbol from plugin)
                                                  build/obj/test_sequence_004.o (symbol from plugin)
                                                  build/obj/test_sequence_003.o (symbol from plugin)
_test_fail                                        build/obj/ch_test.o (symbol from plugin)
_textdata_start                                   build/obj/crt0_v7m.o
_thread_init                                      build/obj/chthreads.o (symbol from plugin)
                                                  build/obj/chsys.o (symbol from plugin)
_unhandled_exception                              build/obj/vectors.o (symbol from plugin)
_vectors                                          /tmp/ccuC9lBh.ltrans0.ltrans.o
                                                  build/obj/vectors.o (symbol from plugin)
                                                  build/obj/crt0_v7m.o
_vt_init                                          build/obj/chvt.o (symbol from plugin)
                                                  build/obj/chsys.o (symbol from plugin)
_write.lto_priv.38                                /tmp/ccuC9lBh.ltrans0.ltrans.o
                                                  /tmp/ccuC9lBh.ltrans1.ltrans.o
_writet.lto_priv.44                               /tmp/ccuC9lBh.ltrans0.ltrans.o
                                                  /tmp/ccuC9lBh.ltrans1.ltrans.o
bit_counter.lto_priv.46                           /tmp/ccuC9lBh.ltrans1.ltrans.o
                                                  /tmp/ccuC9lBh.ltrans0.ltrans.o
boardInit                                         build/obj/board.o (symbol from plugin)
                                                  build/obj/hal.o (symbol from plugin)
ch                                                /tmp/ccuC9lBh.ltrans2.ltrans.o
                                                  build/obj/chschd.o (symbol from plugin)
                                                  /tmp/ccuC9lBh.ltrans1.ltrans.o
                                                  /tmp/ccuC9lBh.ltrans0.ltrans.o
                                                  build/obj/main.o (symbol from plugin)
                                                  build/obj/test_sequence_013.o (symbol from plugin)
                                                  build/obj/test_sequence_012.o (symbol from plugin)
                                                  build/obj/test_sequence_008.o (symbol from plugin)
                                                  build/obj/test_sequence_007.o (symbol from plugin)
                                                  build/obj/test_sequence_006.o (symbol from plugin)
                                                  build/obj/test_sequence_005.o (symbol from plugin)
                                                  build/obj/test_sequence_004.o (symbol from plugin)
                                                  build/obj/test_sequence_003.o (symbol from plugin)
                                                  build/obj/chmsg.o (symbol from plugin)
                                                  build/obj/chevents.o (symbol from plugin)
                                                  build/obj/chcond.o (symbol from plugin)
                                                  build/obj/chmtx.o (symbol from plugin)
                                                  build/obj/chsem.o (symbol from plugin)
                                                  build/obj/chregistry.o (symbol from plugin)
                                                  build/obj/chthreads.o (symbol from plugin)
                                                  build/obj/chvt.o (symbol from plugin)
                                                  build/obj/chsys.o (symbol from plugin)
chCondBroadcast                                   build/obj/chcond.o (symbol from plugin)
                                                  build/obj/test_sequence_006.o (symbol from plugin)
chCondBroadcastI                                  build/obj/chcond.o (symbol from plugin)
chCondObjectInit                                  build/obj/chcond.o (symbol from plugin)
                                                  build/obj/test_sequence_006.o (symbol from plugin)
chCondSignal                                      build/obj/chcond.o (symbol from plugin)
                                                  build/obj/test_sequence_006.o (symbol from plugin)
chCondSignalI                                     build/obj/chcond.o (symbol from plugin)
                                                  build/obj/test_sequence_006.o (symbol from plugin)
chCondWait                                        build/obj/chcond.o (symbol from plugin)
                                                  build/obj/test_sequence_006.o (symbol from plugin)
chCondWaitS                                       build/obj/chcond.o (symbol from plugin)
chCondWaitTimeout                                 build/obj/chcond.o (symbol from plugin)
                                                  build/obj/test_sequence_006.o (symbol from plugin)
chCondWaitTimeoutS                                build/obj/chcond.o (symbol from plugin)
chCoreAllocAlignedWithOffset                      /tmp/ccuC9lBh.ltrans0.ltrans.o
                                                  build/obj/chmemcore.o (symbol from plugin)
                                                  /tmp/ccuC9lBh.ltrans1.ltrans.o
                                                  build/obj/chheap.o (symbol from plugin)
chCoreAllocAlignedWithOffsetI                     build/obj/chmemcore.o (symbol from plugin)
chCoreGetStatusX                                  build/obj/chmemcore.o (symbol from plugin)
chEvtAddEvents                                    build/obj/chevents.o (symbol from plugin)
                                                  build/obj/test_sequence_008.o (symbol from plugin)
chEvtBroadcastFlags                               build/obj/chevents.o (symbol from plugin)
                                                  build/obj/test_sequence_008.o (symbol from plugin)
chEvtBroadcastFlagsI                              build/obj/chevents.o (symbol from plugin)
                                                  build/obj/hal_serial_lld.o (symbol from plugin)
                                                  build/obj/hal_serial.o (symbol from plugin)
chEvtBroadcastFlagsI.constprop.27                 /tmp/ccuC9lBh.ltrans2.ltrans.o
                                                  /tmp/ccuC9lBh.ltrans0.ltrans.o
chEvtDispatch                                     build/obj/chevents.o (symbol from plugin)
                                                  build/obj/test_sequence_008.o (symbol from plugin)
chEvtGetAndClearEvents                            build/obj/chevents.o (symbol from plugin)
                                                  build/obj/test_sequence_008.o (symbol from plugin)
chEvtGetAndClearFlags                             build/obj/chevents.o (symbol from plugin)
chEvtGetAndClearFlagsI                            build/obj/chevents.o (symbol from plugin)
chEvtRegisterMaskWithFlags                        build/obj/chevents.o (symbol from plugin)
                                                  build/obj/test_sequence_008.o (symbol from plugin)
chEvtSignal                                       build/obj/chevents.o (symbol from plugin)
                                                  build/obj/test_sequence_008.o (symbol from plugin)
chEvtSignalI                                      build/obj/chevents.o (symbol from plugin)
chEvtUnregister                                   build/obj/chevents.o (symbol from plugin)
                                                  build/obj/test_sequence_008.o (symbol from plugin)
chEvtWaitAll                                      build/obj/chevents.o (symbol from plugin)
                                                  build/obj/test_sequence_008.o (symbol from plugin)
chEvtWaitAllTimeout                               build/obj/chevents.o (symbol from plugin)
                                                  build/obj/test_sequence_008.o (symbol from plugin)
chEvtWaitAny                                      build/obj/chevents.o (symbol from plugin)
                                                  build/obj/test_sequence_008.o (symbol from plugin)
chEvtWaitAnyTimeout                               build/obj/chevents.o (symbol from plugin)
                                                  build/obj/test_sequence_008.o (symbol from plugin)
chEvtWaitOne                                      build/obj/chevents.o (symbol from plugin)
                                                  build/obj/test_sequence_008.o (symbol from plugin)
chEvtWaitOneTimeout                               build/obj/chevents.o (symbol from plugin)
                                                  build/obj/test_sequence_008.o (symbol from plugin)
chGuardedPoolAllocTimeout                         build/obj/chmempools.o (symbol from plugin)
                                                  build/obj/test_sequence_010.o (symbol from plugin)
chGuardedPoolAllocTimeoutS                        build/obj/chmempools.o (symbol from plugin)
chGuardedPoolFree                                 build/obj/chmempools.o (symbol from plugin)
                                                  build/obj/test_sequence_010.o (symbol from plugin)
chGuardedPoolFreeI                                build/obj/chmempools.o (symbol from plugin)
chGuardedPoolLoadArray                            build/obj/chmempools.o (symbol from plugin)
                                                  build/obj/test_sequence_010.o (symbol from plugin)
chGuardedPoolObjectInit                           build/obj/chmempools.o (symbol from plugin)
                                                  build/obj/test_sequence_010.o (symbol from plugin)
chHeapAllocAligned                                build/obj/chheap.o (symbol from plugin)
                                                  build/obj/test_sequence_011.o (symbol from plugin)
                                                  build/obj/chdynamic.o (symbol from plugin)
chHeapFree                                        build/obj/chheap.o (symbol from plugin)
                                                  build/obj/test_sequence_011.o (symbol from plugin)
                                                  build/obj/chthreads.o (symbol from plugin)
chHeapObjectInit                                  build/obj/chheap.o (symbol from plugin)
                                                  build/obj/test_sequence_012.o (symbol from plugin)
                                                  build/obj/test_sequence_011.o (symbol from plugin)
chHeapStatus                                      build/obj/chheap.o (symbol from plugin)
                                                  build/obj/test_sequence_012.o (symbol from plugin)
                                                  build/obj/test_sequence_011.o (symbol from plugin)
chMBFetch                                         build/obj/chmboxes.o (symbol from plugin)
                                                  build/obj/test_sequence_009.o (symbol from plugin)
chMBFetchI                                        build/obj/chmboxes.o (symbol from plugin)
                                                  build/obj/test_sequence_009.o (symbol from plugin)
chMBFetchS                                        build/obj/chmboxes.o (symbol from plugin)
chMBObjectInit                                    build/obj/chmboxes.o (symbol from plugin)
                                                  build/obj/test_sequence_009.o (symbol from plugin)
chMBPost                                          build/obj/chmboxes.o (symbol from plugin)
                                                  build/obj/test_sequence_009.o (symbol from plugin)
chMBPostAhead                                     build/obj/chmboxes.o (symbol from plugin)
                                                  build/obj/test_sequence_009.o (symbol from plugin)
chMBPostAheadI                                    build/obj/chmboxes.o (symbol from plugin)
                                                  build/obj/test_sequence_009.o (symbol from plugin)
chMBPostAheadS                                    build/obj/chmboxes.o (symbol from plugin)
chMBPostI                                         build/obj/chmboxes.o (symbol from plugin)
                                                  build/obj/test_sequence_009.o (symbol from plugin)
chMBPostS                                         build/obj/chmboxes.o (symbol from plugin)
chMBReset                                         build/obj/chmboxes.o (symbol from plugin)
                                                  build/obj/test_sequence_009.o (symbol from plugin)
chMBResetI                                        build/obj/chmboxes.o (symbol from plugin)
                                                  build/obj/test_sequence_009.o (symbol from plugin)
chMsgRelease                                      build/obj/chmsg.o (symbol from plugin)
                                                  build/obj/test_sequence_013.o (symbol from plugin)
                                                  build/obj/test_sequence_007.o (symbol from plugin)
chMsgSend                                         build/obj/chmsg.o (symbol from plugin)
                                                  build/obj/test_sequence_013.o (symbol from plugin)
                                                  build/obj/test_sequence_007.o (symbol from plugin)
chMsgWait                                         build/obj/chmsg.o (symbol from plugin)
                                                  build/obj/test_sequence_013.o (symbol from plugin)
                                                  build/obj/test_sequence_007.o (symbol from plugin)
chMtxLock                                         build/obj/chmtx.o (symbol from plugin)
                                                  build/obj/test_sequence_013.o (symbol from plugin)
                                                  build/obj/test_sequence_006.o (symbol from plugin)
                                                  build/obj/hal_spi.o (symbol from plugin)
                                                  build/obj/chheap.o (symbol from plugin)
chMtxLockS                                        build/obj/chmtx.o (symbol from plugin)
                                                  build/obj/test_sequence_006.o (symbol from plugin)
                                                  build/obj/chcond.o (symbol from plugin)
chMtxObjectInit                                   build/obj/chmtx.o (symbol from plugin)
                                                  build/obj/test_sequence_013.o (symbol from plugin)
                                                  build/obj/test_sequence_006.o (symbol from plugin)
                                                  build/obj/hal_spi.o (symbol from plugin)
                                                  build/obj/chheap.o (symbol from plugin)
chMtxTryLock                                      build/obj/chmtx.o (symbol from plugin)
                                                  build/obj/test_sequence_006.o (symbol from plugin)
chMtxTryLockS                                     build/obj/chmtx.o (symbol from plugin)
chMtxUnlock                                       build/obj/chmtx.o (symbol from plugin)
                                                  build/obj/test_sequence_013.o (symbol from plugin)
                                                  build/obj/test_sequence_006.o (symbol from plugin)
                                                  build/obj/hal_spi.o (symbol from plugin)
                                                  build/obj/chheap.o (symbol from plugin)
chMtxUnlockAll                                    build/obj/chmtx.o (symbol from plugin)
                                                  build/obj/test_sequence_006.o (symbol from plugin)
chMtxUnlockAllS                                   build/obj/chmtx.o (symbol from plugin)
chMtxUnlockS                                      build/obj/chmtx.o (symbol from plugin)
                                                  build/obj/test_sequence_006.o (symbol from plugin)
                                                  build/obj/chcond.o (symbol from plugin)
chPoolAlloc                                       build/obj/chmempools.o (symbol from plugin)
                                                  build/obj/test_sequence_012.o (symbol from plugin)
                                                  build/obj/test_sequence_010.o (symbol from plugin)
                                                  build/obj/chdynamic.o (symbol from plugin)
chPoolAllocI                                      build/obj/chmempools.o (symbol from plugin)
chPoolFree                                        build/obj/chmempools.o (symbol from plugin)
                                                  build/obj/test_sequence_012.o (symbol from plugin)
                                                  build/obj/test_sequence_010.o (symbol from plugin)
                                                  build/obj/chthreads.o (symbol from plugin)
chPoolFreeI                                       build/obj/chmempools.o (symbol from plugin)
chPoolLoadArray                                   build/obj/chmempools.o (symbol from plugin)
                                                  build/obj/test_sequence_010.o (symbol from plugin)
chPoolObjectInit                                  build/obj/chmempools.o (symbol from plugin)
                                                  build/obj/test_sequence_012.o (symbol from plugin)
                                                  build/obj/test_sequence_010.o (symbol from plugin)
chRegFindThreadByName                             build/obj/chregistry.o (symbol from plugin)
chRegFindThreadByPointer                          build/obj/chregistry.o (symbol from plugin)
chRegFindThreadByWorkingArea                      build/obj/chregistry.o (symbol from plugin)
chRegFirstThread                                  build/obj/chregistry.o (symbol from plugin)
chRegNextThread                                   build/obj/chregistry.o (symbol from plugin)
chSchDoReschedule                                 /tmp/ccuC9lBh.ltrans0.ltrans.o
                                                  build/obj/chschd.o (symbol from plugin)
                                                  build/obj/chcoreasm_v7m.o
chSchDoRescheduleAhead                            build/obj/chschd.o (symbol from plugin)
chSchDoRescheduleBehind                           build/obj/chschd.o (symbol from plugin)
                                                  build/obj/chthreads.o (symbol from plugin)
chSchGoSleepS                                     build/obj/chschd.o (symbol from plugin)
                                                  build/obj/test_sequence_013.o (symbol from plugin)
                                                  build/obj/chmsg.o (symbol from plugin)
                                                  build/obj/chevents.o (symbol from plugin)
                                                  build/obj/chcond.o (symbol from plugin)
                                                  build/obj/chmtx.o (symbol from plugin)
                                                  build/obj/chsem.o (symbol from plugin)
                                                  build/obj/chthreads.o (symbol from plugin)
chSchGoSleepTimeoutS                              build/obj/chschd.o (symbol from plugin)
                                                  build/obj/chevents.o (symbol from plugin)
                                                  build/obj/chcond.o (symbol from plugin)
                                                  build/obj/chsem.o (symbol from plugin)
                                                  build/obj/chthreads.o (symbol from plugin)
chSchIsPreemptionRequired                         build/obj/chschd.o (symbol from plugin)
                                                  build/obj/chcore_v7m.o (symbol from plugin)
chSchReadyAheadI                                  build/obj/chschd.o (symbol from plugin)
chSchReadyI                                       /tmp/ccuC9lBh.ltrans0.ltrans.o
                                                  build/obj/chschd.o (symbol from plugin)
                                                  /tmp/ccuC9lBh.ltrans2.ltrans.o
                                                  build/obj/chmsg.o (symbol from plugin)
                                                  build/obj/chevents.o (symbol from plugin)
                                                  build/obj/chcond.o (symbol from plugin)
                                                  build/obj/chmtx.o (symbol from plugin)
                                                  build/obj/chsem.o (symbol from plugin)
                                                  build/obj/chthreads.o (symbol from plugin)
chSchRescheduleS                                  build/obj/chschd.o (symbol from plugin)
                                                  build/obj/test_sequence_006.o (symbol from plugin)
                                                  build/obj/test_sequence_005.o (symbol from plugin)
                                                  build/obj/test_sequence_004.o (symbol from plugin)
                                                  build/obj/hal_serial.o (symbol from plugin)
                                                  build/obj/chmempools.o (symbol from plugin)
                                                  build/obj/chmboxes.o (symbol from plugin)
                                                  build/obj/chevents.o (symbol from plugin)
                                                  build/obj/chcond.o (symbol from plugin)
                                                  build/obj/chmtx.o (symbol from plugin)
                                                  build/obj/chsem.o (symbol from plugin)
                                                  build/obj/chthreads.o (symbol from plugin)
                                                  build/obj/chsys.o (symbol from plugin)
chSchWakeupS                                      build/obj/chschd.o (symbol from plugin)
                                                  build/obj/test_sequence_013.o (symbol from plugin)
                                                  build/obj/chdynamic.o (symbol from plugin)
                                                  build/obj/chmsg.o (symbol from plugin)
                                                  build/obj/chcond.o (symbol from plugin)
                                                  build/obj/chsem.o (symbol from plugin)
                                                  build/obj/chthreads.o (symbol from plugin)
chSchWakeupS.constprop.34                         /tmp/ccuC9lBh.ltrans2.ltrans.o
                                                  /tmp/ccuC9lBh.ltrans1.ltrans.o
chSemAddCounterI                                  build/obj/chsem.o (symbol from plugin)
                                                  build/obj/test_sequence_005.o (symbol from plugin)
chSemObjectInit                                   build/obj/chsem.o (symbol from plugin)
                                                  build/obj/test_sequence_013.o (symbol from plugin)
                                                  build/obj/test_sequence_005.o (symbol from plugin)
                                                  build/obj/chmempools.o (symbol from plugin)
chSemReset                                        build/obj/chsem.o (symbol from plugin)
                                                  build/obj/test_sequence_013.o (symbol from plugin)
                                                  build/obj/test_sequence_005.o (symbol from plugin)
chSemResetI                                       build/obj/chsem.o (symbol from plugin)
chSemSignal                                       build/obj/chsem.o (symbol from plugin)
                                                  build/obj/test_sequence_013.o (symbol from plugin)
                                                  build/obj/test_sequence_005.o (symbol from plugin)
chSemSignalI                                      build/obj/chsem.o (symbol from plugin)
                                                  build/obj/test_sequence_005.o (symbol from plugin)
                                                  build/obj/chmempools.o (symbol from plugin)
chSemSignalWait                                   build/obj/chsem.o (symbol from plugin)
                                                  build/obj/test_sequence_005.o (symbol from plugin)
chSemWait                                         build/obj/chsem.o (symbol from plugin)
                                                  build/obj/test_sequence_013.o (symbol from plugin)
                                                  build/obj/test_sequence_005.o (symbol from plugin)
chSemWaitS                                        build/obj/chsem.o (symbol from plugin)
chSemWaitTimeout                                  build/obj/chsem.o (symbol from plugin)
                                                  build/obj/test_sequence_005.o (symbol from plugin)
chSemWaitTimeoutS                                 build/obj/chsem.o (symbol from plugin)
                                                  build/obj/chmempools.o (symbol from plugin)
chSysGetStatusAndLockX                            build/obj/chsys.o (symbol from plugin)