
Discarded input sections

 .data          0x0000000000000000        0x0 build/obj/crt0_v7m.o
 .bss           0x0000000000000000        0x0 build/obj/crt0_v7m.o
 .data          0x0000000000000000        0x0 build/obj/chcoreasm_v7m.o
 .bss           0x0000000000000000        0x0 build/obj/chcoreasm_v7m.o
 .text          0x0000000000000000        0x0 build/obj/crt1.o (symbol from plugin)
 .text          0x0000000000000000        0x0 /tmp/cciLWoDd.ltrans0.ltrans.o
 .data          0x0000000000000000        0x0 /tmp/cciLWoDd.ltrans0.ltrans.o
 .bss           0x0000000000000000        0x0 /tmp/cciLWoDd.ltrans0.ltrans.o
 .text          0x0000000000000000        0x0 build/obj/vectors.o (symbol from plugin)
 .text          0x0000000000000000        0x0 build/obj/chsys.o (symbol from plugin)
 .text          0x0000000000000000        0x0 build/obj/chdebug.o (symbol from plugin)
 .text          0x0000000000000000        0x0 build/obj/chtrace.o (symbol from plugin)
 .text          0x0000000000000000        0x0 build/obj/chvt.o (symbol from plugin)
 .text          0x0000000000000000        0x0 build/obj/chschd.o (symbol from plugin)
 .text          0x0000000000000000        0x0 build/obj/chthreads.o (symbol from plugin)
 .text          0x0000000000000000        0x0 build/obj/chregistry.o (symbol from plugin)
 .text          0x0000000000000000        0x0 build/obj/chsem.o (symbol from plugin)
 .text          0x0000000000000000        0x0 build/obj/chmtx.o (symbol from plugin)
 .text          0x0000000000000000        0x0 build/obj/chcond.o (symbol from plugin)
 .text          0x0000000000000000        0x0 build/obj/chevents.o (symbol from plugin)
 .text          0x0000000000000000        0x0 build/obj/chmsg.o (symbol from plugin)
 .text          0x0000000000000000        0x0 build/obj/chdynamic.o (symbol from plugin)
 .text          0x0000000000000000        0x0 build/obj/chmboxes.o (symbol from plugin)
 .text          0x0000000000000000        0x0 build/obj/chmemcore.o (symbol from plugin)
 .text          0x0000000000000000        0x0 build/obj/chheap.o (symbol from plugin)
 .text          0x0000000000000000        0x0 build/obj/chmempools.o (symbol from plugin)
 .text          0x0000000000000000        0x0 build/obj/chcore.o (symbol from plugin)
 .text          0x0000000000000000        0x0 build/obj/chcore_v7m.o (symbol from plugin)
 .text          0x0000000000000000        0x0 build/obj/osal.o (symbol from plugin)
 .text          0x0000000000000000        0x0 build/obj/hal.o (symbol from plugin)
 .text          0x0000000000000000        0x0 build/obj/hal_st.o (symbol from plugin)
 .text          0x0000000000000000        0x0 build/obj/hal_buffers.o (symbol from plugin)
 .text          0x0000000000000000        0x0 build/obj/hal_queues.o (symbol from plugin)
 .text          0x0000000000000000        0x0 build/obj/hal_mmcsd.o (symbol from plugin)
 .text          0x0000000000000000        0x0 build/obj/hal_pal.o (symbol from plugin)
 .text          0x0000000000000000        0x0 build/obj/hal_spi.o (symbol from plugin)
 .text          0x0000000000000000        0x0 build/obj/hal_uart.o (symbol from plugin)
 .text          0x0000000000000000        0x0 build/obj/nvic.o (symbol from plugin)
 .text          0x0000000000000000        0x0 build/obj/hal_lld.o (symbol from plugin)
 .text          0x0000000000000000        0x0 build/obj/stm32_dma.o (symbol from plugin)
 .text          0x0000000000000000        0x0 build/obj/hal_pal_lld.o (symbol from plugin)
 .text          0x0000000000000000        0x0 build/obj/hal_spi_lld.o (symbol from plugin)
 .text          0x0000000000000000        0x0 build/obj/hal_st_lld.o (symbol from plugin)
 .text          0x0000000000000000        0x0 build/obj/hal_uart_lld.o (symbol from plugin)
 .text          0x0000000000000000        0x0 build/obj/board.o (symbol from plugin)
 .text          0x0000000000000000        0x0 build/obj/ch_test.o (symbol from plugin)
 .text          0x0000000000000000        0x0 build/obj/test_root.o (symbol from plugin)
 .text          0x0000000000000000        0x0 build/obj/test_sequence_001.o (symbol from plugin)
 .text          0x0000000000000000        0x0 build/obj/test_sequence_002.o (symbol from plugin)
 .text          0x0000000000000000        0x0 build/obj/test_sequence_003.o (symbol from plugin)
 .text          0x0000000000000000        0x0 build/obj/test_sequence_004.o (symbol from plugin)
 .text          0x0000000000000000        0x0 build/obj/test_sequence_005.o (symbol from plugin)
 .text          0x0000000000000000        0x0 build/obj/test_sequence_006.o (symbol from plugin)
 .text          0x0000000000000000        0x0 build/obj/test_sequence_007.o (symbol from plugin)
 .text          0x0000000000000000        0x0 build/obj/test_sequence_008.o (symbol from plugin)
 .text          0x0000000000000000        0x0 build/obj/test_sequence_009.o (symbol from plugin)
[...]
Memory Configuration

Name             Origin             Length             Attributes
flash0           0x0000000008000000 0x0000000000020000
flash1           0x0000000000000000 0x0000000000000000
flash2           0x0000000000000000 0x0000000000000000
flash3           0x0000000000000000 0x0000000000000000
flash4           0x0000000000000000 0x0000000000000000
flash5           0x0000000000000000 0x0000000000000000
flash6           0x0000000000000000 0x0000000000000000
flash7           0x0000000000000000 0x0000000000000000
ram0             0x0000000020000000 0x0000000000002000
ram1             0x0000000000000000 0x0000000000000000
ram2             0x0000000000000000 0x0000000000000000
ram3             0x0000000000000000 0x0000000000000000
ram4             0x0000000000000000 0x0000000000000000
ram5             0x0000000000000000 0x0000000000000000
ram6             0x0000000000000000 0x0000000000000000
ram7             0x0000000000000000 0x0000000000000000
*default*        0x0000000000000000 0xffffffffffffffff

Linker script and memory map

LOAD build/obj/crt0_v7m.o
LOAD build/obj/chcoreasm_v7m.o
LOAD build/obj/crt1.o
LOAD /tmp/cciLWoDd.ltrans0.ltrans.o
LOAD build/obj/vectors.o
LOAD build/obj/chsys.o
LOAD build/obj/chdebug.o
LOAD build/obj/chtrace.o
LOAD build/obj/chvt.o
LOAD build/obj/chschd.o
LOAD build/obj/chthreads.o
LOAD build/obj/chregistry.o
LOAD build/obj/chsem.o
LOAD build/obj/chmtx.o
LOAD build/obj/chcond.o
LOAD build/obj/chevents.o
LOAD build/obj/chmsg.o
LOAD build/obj/chdynamic.o
LOAD build/obj/chmboxes.o
LOAD build/obj/chmemcore.o
LOAD build/obj/chheap.o
LOAD build/obj/chmempools.o
LOAD build/obj/chcore.o
LOAD build/obj/chcore_v7m.o
LOAD build/obj/osal.o
LOAD build/obj/hal.o
LOAD build/obj/hal_st.o
LOAD build/obj/hal_buffers.o
LOAD build/obj/hal_queues.o
LOAD build/obj/hal_mmcsd.o
LOAD build/obj/hal_pal.o
LOAD build/obj/hal_spi.o
LOAD build/obj/hal_uart.o
LOAD build/obj/nvic.o
LOAD build/obj/hal_lld.o
LOAD build/obj/stm32_dma.o
LOAD build/obj/hal_pal_lld.o
LOAD build/obj/hal_spi_lld.o
LOAD build/obj/hal_st_lld.o
LOAD build/obj/hal_uart_lld.o
LOAD build/obj/board.o
LOAD build/obj/ch_test.o
LOAD build/obj/test_root.o
LOAD build/obj/test_sequence_001.o
LOAD build/obj/test_sequence_002.o
LOAD build/obj/test_sequence_003.o
LOAD build/obj/test_sequence_004.o
LOAD build/obj/test_sequence_005.o
LOAD build/obj/test_sequence_006.o
LOAD build/obj/test_sequence_007.o
LOAD build/obj/test_sequence_008.o
LOAD build/obj/test_sequence_009.o
LOAD build/obj/test_sequence_010.o
LOAD build/obj/test_sequence_011.o
LOAD build/obj/test_sequence_012.o
LOAD build/obj/test_sequence_013.o
LOAD build/obj/chprintf.o
LOAD build/obj/main.o

.mstack         0x0000000020000000      0x400
                0x0000000020000000                . = ALIGN (0x8)
                0x0000000020000000                __main_stack_base__ = .
                0x0000000020000400                . = (. + __main_stack_size__)
 *fill*         0x0000000020000000      0x400 
                0x0000000020000400                . = ALIGN (0x8)
                0x0000000020000400                __main_stack_end__ = .

.pstack         0x0000000020000400      0x400
                0x0000000020000400                __process_stack_base__ = .
                0x0000000020000400                __main_thread_stack_base__ = .
                0x0000000020000800                . = (. + __process_stack_size__)
 *fill*         0x0000000020000400      0x400 
                0x0000000020000800                . = ALIGN (0x8)
                0x0000000020000800                __process_stack_end__ = .
                0x0000000020000800                __main_thread_stack_end__ = .

.vectors        0x0000000008000000      0x160
 *(.vectors)
 .vectors       0x0000000008000000      0x160 /tmp/cciLWoDd.ltrans0.ltrans.o
                0x0000000008000000                _vectors

.xtors          0x0000000008000160        0x0
                0x0000000008000160                __init_array_start = .
 *(SORT(.init_array.*))
 *(.init_array)
                0x0000000008000160                __init_array_end = .
                0x0000000008000160                __fini_array_start = .
 *(.fini_array)
 *(SORT(.fini_array.*))
                0x0000000008000160                __fini_array_end = .

.text           0x0000000008000160     0x1184
 *(.text)
 .text          0x0000000008000160       0xd4 build/obj/crt0_v7m.o
                0x0000000008000160                Reset_Handler
 .text          0x0000000008000234       0x28 build/obj/chcoreasm_v7m.o
                0x0000000008000234                _port_switch
                0x0000000008000244                _port_thread_start
                0x0000000008000254                _port_switch_from_isr
                0x0000000008000258                _port_exit_from_isr
 *(.text.*)
 *fill*         0x000000000800025c        0x4 
 .text.dmaStreamAllocate.constprop.3
                0x0000000008000260       0x9c /tmp/cciLWoDd.ltrans0.ltrans.o
 *fill*         0x00000000080002fc        0x4 
 .text._pal_lld_setgroupmode.constprop.0
                0x0000000008000300       0x6c /tmp/cciLWoDd.ltrans0.ltrans.o
 *fill*         0x000000000800036c        0x4 
 .text.chCoreAllocAlignedWithOffset
                0x0000000008000370       0x44 /tmp/cciLWoDd.ltrans0.ltrans.o
 *fill*         0x00000000080003b4        0xc 
 .text.serve_usart_irq
                0x00000000080003c0       0x78 /tmp/cciLWoDd.ltrans0.ltrans.o
 *fill*         0x0000000008000438        0x8 
 .text.uart_lld_serve_tx_end_irq
                0x0000000008000440       0x4c /tmp/cciLWoDd.ltrans0.ltrans.o
 *fill*         0x000000000800048c        0x4 
 .text.uart_lld_serve_rx_end_irq
                0x0000000008000490       0x88 /tmp/cciLWoDd.ltrans0.ltrans.o
 *fill*         0x0000000008000518        0x8 
 .text.usart_start
                0x0000000008000520       0xa0 /tmp/cciLWoDd.ltrans0.ltrans.o
 .text._port_irq_epilogue
                0x00000000080005c0       0x5c /tmp/cciLWoDd.ltrans0.ltrans.o
 *fill*         0x000000000800061c        0x4 
 .text.VectorDC
                0x0000000008000620       0x14 /tmp/cciLWoDd.ltrans0.ltrans.o
 *fill*         0x0000000008000634        0xc 
 .text.VectorD8
                0x0000000008000640       0x14 /tmp/cciLWoDd.ltrans0.ltrans.o
 *fill*         0x0000000008000654        0xc 
 .text.VectorB0
                0x0000000008000660       0xa0 /tmp/cciLWoDd.ltrans0.ltrans.o
 .text.Vector84
                0x0000000008000700       0x3c /tmp/cciLWoDd.ltrans0.ltrans.o
 *fill*         0x000000000800073c        0x4 
 .text.Vector80
                0x0000000008000740       0x3c /tmp/cciLWoDd.ltrans0.ltrans.o
 *fill*         0x000000000800077c        0x4 
 .text.Vector7C
                0x0000000008000780       0x3c /tmp/cciLWoDd.ltrans0.ltrans.o
 *fill*         0x00000000080007bc        0x4 
 .text.Vector78
                0x00000000080007c0       0x3c /tmp/cciLWoDd.ltrans0.ltrans.o
 *fill*         0x00000000080007fc        0x4 
 .text.Vector74
                0x0000000008000800       0x3c /tmp/cciLWoDd.ltrans0.ltrans.o
 *fill*         0x000000000800083c        0x4 
 .text.Vector70
                0x0000000008000840       0x3c /tmp/cciLWoDd.ltrans0.ltrans.o
 *fill*         0x000000000800087c        0x4 
 .text.Vector6C
                0x0000000008000880       0x34 /tmp/cciLWoDd.ltrans0.ltrans.o
 *fill*         0x00000000080008b4        0xc 
 .text.SVC_Handler
                0x00000000080008c0       0x1c /tmp/cciLWoDd.ltrans0.ltrans.o
 *fill*         0x00000000080008dc        0x4 
 .text.wakeup   0x00000000080008e0       0x70 /tmp/cciLWoDd.ltrans0.ltrans.o
 .text._idle_thread
                0x0000000008000950        0x4 /tmp/cciLWoDd.ltrans0.ltrans.o
 *fill*         0x0000000008000954        0xc 
 .text._unhandled_exception
                0x0000000008000960        0x4 /tmp/cciLWoDd.ltrans0.ltrans.o
 *fill*         0x0000000008000964        0xc 
 .text.chSchWakeupS.constprop.14
                0x0000000008000970       0x5c /tmp/cciLWoDd.ltrans0.ltrans.o
 *fill*         0x00000000080009cc        0x4 
 .text.chSchGoSleepS
                0x00000000080009d0       0x28 /tmp/cciLWoDd.ltrans0.ltrans.o
 *fill*         0x00000000080009f8        0x8 
 .text.chThdSleep.constprop.6
                0x0000000008000a00      0x128 /tmp/cciLWoDd.ltrans0.ltrans.o
 *fill*         0x0000000008000b28        0x8 
 .text.Thread1  0x0000000008000b30       0x2c /tmp/cciLWoDd.ltrans0.ltrans.o
 *fill*         0x0000000008000b5c        0x4 
 .text.startup.main
                0x0000000008000b60      0x5bc /tmp/cciLWoDd.ltrans0.ltrans.o
                0x0000000008000b60                main
 *fill*         0x000000000800111c        0x4 
 .text.__early_init
                0x0000000008001120       0x7c /tmp/cciLWoDd.ltrans0.ltrans.o
                0x0000000008001120                __early_init
 *fill*         0x000000000800119c        0x4 
 .text.chThdExit
                0x00000000080011a0       0x64 /tmp/cciLWoDd.ltrans0.ltrans.o
                0x00000000080011a0                chThdExit
 *fill*         0x0000000008001204        0xc 
 .text.chSchDoReschedule
                0x0000000008001210       0x40 /tmp/cciLWoDd.ltrans0.ltrans.o
                0x0000000008001210                chSchDoReschedule
 .text.__init_ram_areas
                0x0000000008001250       0x64 /tmp/cciLWoDd.ltrans0.ltrans.o
                0x0000000008001250                __init_ram_areas
 *fill*         0x00000000080012b4        0xc 
 .text.__default_exit
                0x00000000080012c0        0x4 /tmp/cciLWoDd.ltrans0.ltrans.o
                0x00000000080012c0                __default_exit
 *fill*         0x00000000080012c4        0xc 
 .text.__late_init
                0x00000000080012d0        0x4 /tmp/cciLWoDd.ltrans0.ltrans.o
                0x00000000080012d0                __late_init
 *fill*         0x00000000080012d4        0xc 
 .text.__core_init
                0x00000000080012e0        0x4 /tmp/cciLWoDd.ltrans0.ltrans.o
                0x00000000080012e0                __core_init
 *(.glue_7t)
 .glue_7t       0x00000000080012e4        0x0 linker stubs
 *(.glue_7)
 .glue_7        0x00000000080012e4        0x0 linker stubs
 *(.gcc*)

.vfp11_veneer   0x00000000080012e4        0x0
 .vfp11_veneer  0x00000000080012e4        0x0 linker stubs

.v4_bx          0x00000000080012e4        0x0
 .v4_bx         0x00000000080012e4        0x0 linker stubs

.iplt           0x00000000080012e4        0x0
 .iplt          0x00000000080012e4        0x0 build/obj/crt0_v7m.o

.rodata         0x00000000080012e4      0x15c
                0x00000000080012e4                . = ALIGN (0x4)
                0x00000000080012e4                __rodata_base__ = .
 *(.rodata)
 *(.rodata.*)
 .rodata.Thread1.str1.4
                0x00000000080012e4        0x8 /tmp/cciLWoDd.ltrans0.ltrans.o
 .rodata._stm32_dma_streams
                0x00000000080012ec       0x8c /tmp/cciLWoDd.ltrans0.ltrans.o
 .rodata.cfgtab.6683
                0x0000000008001378       0x12 /tmp/cciLWoDd.ltrans0.ltrans.o
 *fill*         0x000000000800138a        0x2 
 .rodata.ch_debug
                0x000000000800138c       0x16 /tmp/cciLWoDd.ltrans0.ltrans.o
 *fill*         0x00000000080013a2        0x2 
 .rodata.main.str1.4
                0x00000000080013a4        0xf /tmp/cciLWoDd.ltrans0.ltrans.o
 *fill*         0x00000000080013b3        0x1 
 .rodata.ram_areas
                0x00000000080013b4       0x80 /tmp/cciLWoDd.ltrans0.ltrans.o
 .rodata.uart_lld_serve_tx_end_irq.str1.4
                0x0000000008001434        0xc /tmp/cciLWoDd.ltrans0.ltrans.o
                0x0000000008001440                . = ALIGN (0x4)
                0x0000000008001440                __rodata_end__ = .

.rel.dyn        0x0000000008001440        0x0
 .rel.iplt      0x0000000008001440        0x0 build/obj/crt0_v7m.o

.ARM.extab
 *(.ARM.extab* .gnu.linkonce.armextab.*)

.ARM.exidx      0x0000000008001440        0x0
                0x0000000008001440                __exidx_start = .
 *(.ARM.exidx* .gnu.linkonce.armexidx.*)
                0x0000000008001440                __exidx_end = .

.eh_frame_hdr
 *(.eh_frame_hdr)

.eh_frame
 *(.eh_frame)
                0x0000000020000000                __ram0_start__ = ORIGIN (ram0)
                0x0000000000002000                __ram0_size__ = LENGTH (ram0)
                0x0000000020002000                __ram0_end__ = (__ram0_start__ + __ram0_size__)
                0x0000000000000000                __ram1_start__ = ORIGIN (ram1)
                0x0000000000000000                __ram1_size__ = LENGTH (ram1)
                0x0000000000000000                __ram1_end__ = (__ram1_start__ + __ram1_size__)
                0x0000000000000000                __ram2_start__ = ORIGIN (ram2)
                0x0000000000000000                __ram2_size__ = LENGTH (ram2)
                0x0000000000000000                __ram2_end__ = (__ram2_start__ + __ram2_size__)
                0x0000000000000000                __ram3_start__ = ORIGIN (ram3)
                0x0000000000000000                __ram3_size__ = LENGTH (ram3)
                0x0000000000000000                __ram3_end__ = (__ram3_start__ + __ram3_size__)
                0x0000000000000000                __ram4_start__ = ORIGIN (ram4)
                0x0000000000000000                __ram4_size__ = LENGTH (ram4)
                0x0000000000000000                __ram4_end__ = (__ram4_start__ + __ram4_size__)
                0x0000000000000000                __ram5_start__ = ORIGIN (ram5)
                0x0000000000000000                __ram5_size__ = LENGTH (ram5)
                0x0000000000000000                __ram5_end__ = (__ram5_start__ + __ram5_size__)
                0x0000000000000000                __ram6_start__ = ORIGIN (ram6)
                0x0000000000000000                __ram6_size__ = LENGTH (ram6)
                0x0000000000000000                __ram6_end__ = (__ram6_start__ + __ram6_size__)
                0x0000000000000000                __ram7_start__ = ORIGIN (ram7)
                0x0000000000000000                __ram7_size__ = LENGTH (ram7)
                0x0000000000000000                __ram7_end__ = (__ram7_start__ + __ram7_size__)

.data           0x0000000020000800       0x40 load address 0x0000000008001440
                0x0000000020000800                . = ALIGN (0x4)
                [!provide]                        PROVIDE (_textdata, LOADADDR (.data))
                [!provide]                        PROVIDE (_data, .)
                0x0000000008001440                _textdata_start = LOADADDR (.data)
                0x0000000020000800                _data_start = .
 *(.data)
 *(.data.*)
 .data.uart_cfg_1
                0x0000000020000800       0x20 /tmp/cciLWoDd.ltrans0.ltrans.o
 .data.uart_cfg_2
                0x0000000020000820       0x20 /tmp/cciLWoDd.ltrans0.ltrans.o
 *(.ramtext)
                0x0000000020000840                . = ALIGN (0x4)
                [!provide]                        PROVIDE (_edata, .)
                0x0000000020000840                _data_end = .

.igot.plt       0x0000000020000840        0x0 load address 0x0000000008001480
 .igot.plt      0x0000000020000840        0x0 build/obj/crt0_v7m.o

.bss            0x0000000020000840      0x360 load address 0x0000000008001480
                0x0000000020000840                . = ALIGN (0x4)
                0x0000000020000840                _bss_start = .
 *(.bss)
 *(.bss.*)
 .bss.SPID1     0x0000000020000840       0x30 /tmp/cciLWoDd.ltrans0.ltrans.o
 .bss.UARTD2    0x0000000020000870       0x1c /tmp/cciLWoDd.ltrans0.ltrans.o
 .bss.UARTD3    0x000000002000088c       0x1c /tmp/cciLWoDd.ltrans0.ltrans.o
 .bss._stm32_dma_isr_redir
                0x00000000200008a8       0x38 /tmp/cciLWoDd.ltrans0.ltrans.o
 .bss.blinker   0x00000000200008e0      0x148 /tmp/cciLWoDd.ltrans0.ltrans.o
 .bss.ch        0x0000000020000a28       0x70 /tmp/cciLWoDd.ltrans0.ltrans.o
 .bss.ch_idle_thread_wa
                0x0000000020000a98       0xd8 /tmp/cciLWoDd.ltrans0.ltrans.o
 .bss.ch_memcore
                0x0000000020000b70        0x8 /tmp/cciLWoDd.ltrans0.ltrans.o
 .bss.default_heap
                0x0000000020000b78       0x20 /tmp/cciLWoDd.ltrans0.ltrans.o
 .bss.dma_streams_mask
                0x0000000020000b98        0x4 /tmp/cciLWoDd.ltrans0.ltrans.o
 .bss.rxbuf     0x0000000020000b9c        0x1 /tmp/cciLWoDd.ltrans0.ltrans.o
 *(COMMON)
                0x0000000020000ba0                . = ALIGN (0x4)
 *fill*         0x0000000020000b9d        0x3 
                0x0000000020000ba0                _bss_end = .
                [!provide]                        PROVIDE (end, .)

.ram0_init      0x0000000020000ba0        0x0 load address 0x0000000008001480
                0x0000000020000ba0                . = ALIGN (0x4)
                0x0000000008001480                __ram0_init_text__ = LOADADDR (.ram0_init)
                0x0000000020000ba0                __ram0_init__ = .
 *(.ram0_init)
 *(.ram0_init.*)
                0x0000000020000ba0                . = ALIGN (0x4)

.ram0           0x0000000020000ba0        0x0 load address 0x0000000008001480
                0x0000000020000ba0                . = ALIGN (0x4)
                0x0000000020000ba0                __ram0_clear__ = .
 *(.ram0_clear)
 *(.ram0_clear.*)
                0x0000000020000ba0                . = ALIGN (0x4)
                0x0000000020000ba0                __ram0_noinit__ = .
 *(.ram0)
 *(.ram0.*)
                0x0000000020000ba0                . = ALIGN (0x4)
                0x0000000020000ba0                __ram0_free__ = .

.ram1_init      0x0000000000000000        0x0 load address 0x0000000008001480
                0x0000000000000000                . = ALIGN (0x4)
                0x0000000008001480                __ram1_init_text__ = LOADADDR (.ram1_init)
                0x0000000000000000                __ram1_init__ = .
 *(.ram1_init)
 *(.ram1_init.*)
                0x0000000000000000                . = ALIGN (0x4)

.ram1           0x0000000000000000        0x0 load address 0x0000000008001480
                0x0000000000000000                . = ALIGN (0x4)
                0x0000000000000000                __ram1_clear__ = .
 *(.ram1_clear)
 *(.ram1_clear.*)
                0x0000000000000000                . = ALIGN (0x4)
                0x0000000000000000                __ram1_noinit__ = .
 *(.ram1)
 *(.ram1.*)
                0x0000000000000000                . = ALIGN (0x4)
                0x0000000000000000                __ram1_free__ = .

.ram2_init      0x0000000000000000        0x0 load address 0x0000000008001480
                0x0000000000000000                . = ALIGN (0x4)
                0x0000000008001480                __ram2_init_text__ = LOADADDR (.ram2_init)
                0x0000000000000000                __ram2_init__ = .
 *(.ram2_init)
 *(.ram2_init.*)
                0x0000000000000000                . = ALIGN (0x4)

.ram2           0x0000000000000000        0x0 load address 0x0000000008001480
                0x0000000000000000                . = ALIGN (0x4)
                0x0000000000000000                __ram2_clear__ = .
 *(.ram2_clear)
 *(.ram2_clear.*)
                0x0000000000000000                . = ALIGN (0x4)
                0x0000000000000000                __ram2_noinit__ = .
 *(.ram2)
 *(.ram2.*)
                0x0000000000000000                . = ALIGN (0x4)
                0x0000000000000000                __ram2_free__ = .

.ram3_init      0x0000000000000000        0x0 load address 0x0000000008001480
                0x0000000000000000                . = ALIGN (0x4)
                0x0000000008001480                __ram3_init_text__ = LOADADDR (.ram3_init)
                0x0000000000000000                __ram3_init__ = .
 *(.ram3_init)
 *(.ram3_init.*)
                0x0000000000000000                . = ALIGN (0x4)

.ram3           0x0000000000000000        0x0 load address 0x0000000008001480
                0x0000000000000000                . = ALIGN (0x4)
                0x0000000000000000                __ram3_clear__ = .
 *(.ram3_clear)
 *(.ram3_clear.*)
                0x0000000000000000                . = ALIGN (0x4)
                0x0000000000000000                __ram3_noinit__ = .
 *(.ram3)
 *(.ram3.*)
                0x0000000000000000                . = ALIGN (0x4)
                0x0000000000000000                __ram3_free__ = .

.ram4_init      0x0000000000000000        0x0 load address 0x0000000008001480
                0x0000000000000000                . = ALIGN (0x4)
                0x0000000008001480                __ram4_init_text__ = LOADADDR (.ram4_init)
                0x0000000000000000                __ram4_init__ = .
 *(.ram4_init)
 *(.ram4_init.*)
                0x0000000000000000                . = ALIGN (0x4)

.ram4           0x0000000000000000        0x0 load address 0x0000000008001480
                0x0000000000000000                . = ALIGN (0x4)
                0x0000000000000000                __ram4_clear__ = .
 *(.ram4_clear)
 *(.ram4_clear.*)
                0x0000000000000000                . = ALIGN (0x4)
                0x0000000000000000                __ram4_noinit__ = .
 *(.ram4)
 *(.ram4.*)
                0x0000000000000000                . = ALIGN (0x4)
                0x0000000000000000                __ram4_free__ = .

.ram5_init      0x0000000000000000        0x0 load address 0x0000000008001480
                0x0000000000000000                . = ALIGN (0x4)
                0x0000000008001480                __ram5_init_text__ = LOADADDR (.ram5_init)
                0x0000000000000000                __ram5_init__ = .
 *(.ram5_init)
 *(.ram5_init.*)
                0x0000000000000000                . = ALIGN (0x4)

.ram5           0x0000000000000000        0x0 load address 0x0000000008001480
                0x0000000000000000                . = ALIGN (0x4)
                0x0000000000000000                __ram5_clear__ = .
 *(.ram5_clear)
 *(.ram5_clear.*)
                0x0000000000000000                . = ALIGN (0x4)
                0x0000000000000000                __ram5_noinit__ = .
 *(.ram5)
 *(.ram5.*)
                0x0000000000000000                . = ALIGN (0x4)
                0x0000000000000000                __ram5_free__ = .

.ram6_init      0x0000000000000000        0x0 load address 0x0000000008001480
                0x0000000000000000                . = ALIGN (0x4)
                0x0000000008001480                __ram6_init_text__ = LOADADDR (.ram6_init)
                0x0000000000000000                __ram6_init__ = .
 *(.ram6_init)
 *(.ram6_init.*)
                0x0000000000000000                . = ALIGN (0x4)

.ram6           0x0000000000000000        0x0 load address 0x0000000008001480
                0x0000000000000000                . = ALIGN (0x4)
                0x0000000000000000                __ram6_clear__ = .
 *(.ram6_clear)
 *(.ram6_clear.*)
                0x0000000000000000                . = ALIGN (0x4)
                0x0000000000000000                __ram6_noinit__ = .
 *(.ram6)
 *(.ram6.*)
                0x0000000000000000                . = ALIGN (0x4)
                0x0000000000000000                __ram6_free__ = .

.ram7_init      0x0000000000000000        0x0 load address 0x0000000008001480
                0x0000000000000000                . = ALIGN (0x4)
                0x0000000008001480                __ram7_init_text__ = LOADADDR (.ram7_init)
                0x0000000000000000                __ram7_init__ = .
 *(.ram7_init)
 *(.ram7_init.*)
                0x0000000000000000                . = ALIGN (0x4)

.ram7           0x0000000000000000        0x0 load address 0x0000000008001480
                0x0000000000000000                . = ALIGN (0x4)
                0x0000000000000000                __ram7_clear__ = .
 *(.ram7_clear)
 *(.ram7_clear.*)
                0x0000000000000000                . = ALIGN (0x4)
                0x0000000000000000                __ram7_noinit__ = .
 *(.ram7)
 *(.ram7.*)
                0x0000000000000000                . = ALIGN (0x4)
                0x0000000000000000                __ram7_free__ = .

.heap           0x0000000020000ba0     0x1460
                0x0000000020000ba0                . = ALIGN (0x8)
                0x0000000020000ba0                __heap_base__ = .
                0x0000000020002000                . = (ORIGIN (HEAP_RAM) + LENGTH (HEAP_RAM))
 *fill*         0x0000000020000ba0     0x1460 
                0x0000000020002000                __heap_end__ = .
                0x0000000000000400                __process_stack_size__ = 0x400
                0x0000000000000400                __main_stack_size__ = 0x400
START GROUP
LOAD /usr/bin/../lib/gcc/arm-none-eabi/6.3.1/thumb/v7-m/libgcc.a
LOAD /usr/bin/../lib/gcc/arm-none-eabi/6.3.1/../../../../arm-none-eabi/lib/thumb/v7-m/libg.a
LOAD /usr/bin/../lib/gcc/arm-none-eabi/6.3.1/../../../../arm-none-eabi/lib/thumb/v7-m/libc.a
END GROUP
OUTPUT(build/ch.elf elf32-littlearm)

.ARM.attributes
                0x0000000000000000       0x2d
 .ARM.attributes
                0x0000000000000000       0x21 build/obj/crt0_v7m.o
 .ARM.attributes
                0x0000000000000021       0x21 build/obj/chcoreasm_v7m.o
 .ARM.attributes
                0x0000000000000042       0x31 /tmp/cciLWoDd.ltrans0.ltrans.o

.comment        0x0000000000000000       0x7f
 .comment       0x0000000000000000       0x7f /tmp/cciLWoDd.ltrans0.ltrans.o
                                         0x80 (size before relaxing)

.debug_info     0x0000000000000000     0x3daa
 .debug_info    0x0000000000000000     0x3daa /tmp/cciLWoDd.ltrans0.ltrans.o

.debug_abbrev   0x0000000000000000      0x699
 .debug_abbrev  0x0000000000000000      0x699 /tmp/cciLWoDd.ltrans0.ltrans.o

.debug_loc      0x0000000000000000     0x1521
 .debug_loc     0x0000000000000000     0x1521 /tmp/cciLWoDd.ltrans0.ltrans.o

.debug_aranges  0x0000000000000000      0x120
 .debug_aranges
                0x0000000000000000      0x120 /tmp/cciLWoDd.ltrans0.ltrans.o

.debug_ranges   0x0000000000000000      0xd98
 .debug_ranges  0x0000000000000000      0xd98 /tmp/cciLWoDd.ltrans0.ltrans.o

.debug_line     0x0000000000000000     0x12cd
 .debug_line    0x0000000000000000     0x12cd /tmp/cciLWoDd.ltrans0.ltrans.o

.debug_str      0x0000000000000000     0x1301
 .debug_str     0x0000000000000000     0x1301 /tmp/cciLWoDd.ltrans0.ltrans.o
                                       0x1401 (size before relaxing)

.debug_frame    0x0000000000000000      0x410
 .debug_frame   0x0000000000000000      0x410 /tmp/cciLWoDd.ltrans0.ltrans.o

Cross Reference Table

Symbol                                            File
BusFault_Handler                                  build/obj/vectors.o (symbol from plugin)
DebugMon_Handler                                  build/obj/vectors.o (symbol from plugin)
HardFault_Handler                                 build/obj/vectors.o (symbol from plugin)
MemManage_Handler                                 build/obj/vectors.o (symbol from plugin)
NMI_Handler                                       build/obj/vectors.o (symbol from plugin)
PendSV_Handler                                    build/obj/vectors.o (symbol from plugin)
Reset_Handler                                     build/obj/crt0_v7m.o
                                                  /tmp/cciLWoDd.ltrans0.ltrans.o
                                                  build/obj/vectors.o (symbol from plugin)
SPID1                                             build/obj/hal_spi_lld.o (symbol from plugin)
SVC_Handler                                       build/obj/chcore_v7m.o (symbol from plugin)
                                                  build/obj/vectors.o (symbol from plugin)
SysTick_Handler                                   build/obj/vectors.o (symbol from plugin)
SystemCoreClock                                   build/obj/hal_lld.o (symbol from plugin)
UARTD2                                            build/obj/hal_uart_lld.o (symbol from plugin)
                                                  build/obj/main.o (symbol from plugin)
UARTD3                                            build/obj/hal_uart_lld.o (symbol from plugin)
                                                  build/obj/main.o (symbol from plugin)
UsageFault_Handler                                build/obj/vectors.o (symbol from plugin)
Vector100                                         build/obj/vectors.o (symbol from plugin)
Vector104                                         build/obj/vectors.o (symbol from plugin)
Vector108                                         build/obj/vectors.o (symbol from plugin)
Vector10C                                         build/obj/vectors.o (symbol from plugin)
Vector110                                         build/obj/vectors.o (symbol from plugin)
Vector114                                         build/obj/vectors.o (symbol from plugin)
Vector118                                         build/obj/vectors.o (symbol from plugin)
Vector11C                                         build/obj/vectors.o (symbol from plugin)
Vector120                                         build/obj/vectors.o (symbol from plugin)
Vector124                                         build/obj/vectors.o (symbol from plugin)
Vector128                                         build/obj/vectors.o (symbol from plugin)
Vector12C                                         build/obj/vectors.o (symbol from plugin)
Vector130                                         build/obj/vectors.o (symbol from plugin)
Vector134                                         build/obj/vectors.o (symbol from plugin)
Vector138                                         build/obj/vectors.o (symbol from plugin)
Vector13C                                         build/obj/vectors.o (symbol from plugin)
Vector140                                         build/obj/vectors.o (symbol from plugin)
Vector144                                         build/obj/vectors.o (symbol from plugin)
Vector148                                         build/obj/vectors.o (symbol from plugin)
Vector14C                                         build/obj/vectors.o (symbol from plugin)
Vector150                                         build/obj/vectors.o (symbol from plugin)
Vector154                                         build/obj/vectors.o (symbol from plugin)
Vector158                                         build/obj/vectors.o (symbol from plugin)
Vector15C                                         build/obj/vectors.o (symbol from plugin)
Vector1C                                          build/obj/vectors.o (symbol from plugin)
Vector20                                          build/obj/vectors.o (symbol from plugin)
Vector24                                          build/obj/vectors.o (symbol from plugin)
Vector28                                          build/obj/vectors.o (symbol from plugin)
Vector34                                          build/obj/vectors.o (symbol from plugin)
Vector40                                          build/obj/vectors.o (symbol from plugin)
Vector44                                          build/obj/vectors.o (symbol from plugin)
Vector48                                          build/obj/vectors.o (symbol from plugin)
Vector4C                                          build/obj/vectors.o (symbol from plugin)
Vector50                                          build/obj/vectors.o (symbol from plugin)
Vector54                                          build/obj/vectors.o (symbol from plugin)
Vector58                                          build/obj/vectors.o (symbol from plugin)
Vector5C                                          build/obj/vectors.o (symbol from plugin)
Vector60                                          build/obj/vectors.o (symbol from plugin)
Vector64                                          build/obj/vectors.o (symbol from plugin)
Vector68                                          build/obj/vectors.o (symbol from plugin)
Vector6C                                          build/obj/stm32_dma.o (symbol from plugin)
                                                  build/obj/vectors.o (symbol from plugin)
Vector70                                          build/obj/stm32_dma.o (symbol from plugin)
                                                  build/obj/vectors.o (symbol from plugin)
Vector74                                          build/obj/stm32_dma.o (symbol from plugin)
                                                  build/obj/vectors.o (symbol from plugin)
Vector78                                          build/obj/stm32_dma.o (symbol from plugin)
                                                  build/obj/vectors.o (symbol from plugin)
Vector7C                                          build/obj/stm32_dma.o (symbol from plugin)
                                                  build/obj/vectors.o (symbol from plugin)
Vector80                                          build/obj/stm32_dma.o (symbol from plugin)
                                                  build/obj/vectors.o (symbol from plugin)
Vector84                                          build/obj/stm32_dma.o (symbol from plugin)
                                                  build/obj/vectors.o (symbol from plugin)
Vector88                                          build/obj/vectors.o (symbol from plugin)
Vector8C                                          build/obj/vectors.o (symbol from plugin)
Vector90                                          build/obj/vectors.o (symbol from plugin)
Vector94                                          build/obj/vectors.o (symbol from plugin)
Vector98                                          build/obj/vectors.o (symbol from plugin)
Vector9C                                          build/obj/vectors.o (symbol from plugin)
VectorA0                                          build/obj/vectors.o (symbol from plugin)
VectorA4                                          build/obj/vectors.o (symbol from plugin)
VectorA8                                          build/obj/vectors.o (symbol from plugin)
VectorAC                                          build/obj/vectors.o (symbol from plugin)
VectorB0                                          build/obj/hal_st_lld.o (symbol from plugin)
                                                  build/obj/vectors.o (symbol from plugin)
VectorB4                                          build/obj/vectors.o (symbol from plugin)
VectorB8                                          build/obj/vectors.o (symbol from plugin)
VectorBC                                          build/obj/vectors.o (symbol from plugin)
VectorC0                                          build/obj/vectors.o (symbol from plugin)
VectorC4                                          build/obj/vectors.o (symbol from plugin)
VectorC8                                          build/obj/vectors.o (symbol from plugin)
VectorCC                                          build/obj/vectors.o (symbol from plugin)
VectorD0                                          build/obj/vectors.o (symbol from plugin)
VectorD4                                          build/obj/vectors.o (symbol from plugin)
VectorD8                                          build/obj/hal_uart_lld.o (symbol from plugin)
                                                  build/obj/vectors.o (symbol from plugin)
VectorDC                                          build/obj/hal_uart_lld.o (symbol from plugin)
                                                  build/obj/vectors.o (symbol from plugin)
VectorE0                                          build/obj/vectors.o (symbol from plugin)
VectorE4                                          build/obj/vectors.o (symbol from plugin)
VectorE8                                          build/obj/vectors.o (symbol from plugin)
VectorEC                                          build/obj/vectors.o (symbol from plugin)
VectorF0                                          build/obj/vectors.o (symbol from plugin)
VectorF4                                          build/obj/vectors.o (symbol from plugin)
VectorF8                                          build/obj/vectors.o (symbol from plugin)
VectorFC                                          build/obj/vectors.o (symbol from plugin)
__core_init                                       /tmp/cciLWoDd.ltrans0.ltrans.o
                                                  build/obj/crt1.o (symbol from plugin)
                                                  build/obj/crt0_v7m.o
__default_exit                                    /tmp/cciLWoDd.ltrans0.ltrans.o
                                                  build/obj/crt1.o (symbol from plugin)
                                                  build/obj/crt0_v7m.o
__early_init                                      /tmp/cciLWoDd.ltrans0.ltrans.o
                                                  build/obj/board.o (symbol from plugin)
                                                  build/obj/crt1.o (symbol from plugin)
                                                  build/obj/crt0_v7m.o
__fini_array_end                                  build/obj/crt0_v7m.o
__fini_array_start                                build/obj/crt0_v7m.o
__heap_base__                                     /tmp/cciLWoDd.ltrans0.ltrans.o
                                                  build/obj/chmemcore.o (symbol from plugin)
__heap_end__                                      /tmp/cciLWoDd.ltrans0.ltrans.o
                                                  build/obj/chmemcore.o (symbol from plugin)
__init_array_end                                  build/obj/crt0_v7m.o
__init_array_start                                build/obj/crt0_v7m.o
__init_ram_areas                                  /tmp/cciLWoDd.ltrans0.ltrans.o
                                                  build/obj/crt1.o (symbol from plugin)
                                                  build/obj/crt0_v7m.o
__late_init                                       /tmp/cciLWoDd.ltrans0.ltrans.o
                                                  build/obj/crt1.o (symbol from plugin)
                                                  build/obj/crt0_v7m.o
__main_stack_base__                               build/obj/crt0_v7m.o
__main_stack_end__                                /tmp/cciLWoDd.ltrans0.ltrans.o
                                                  build/obj/vectors.o (symbol from plugin)
                                                  build/obj/crt0_v7m.o
__process_stack_base__                            build/obj/crt0_v7m.o
__process_stack_end__                             build/obj/crt0_v7m.o
__ram0_clear__                                    /tmp/cciLWoDd.ltrans0.ltrans.o
                                                  build/obj/crt1.o (symbol from plugin)
__ram0_init__                                     /tmp/cciLWoDd.ltrans0.ltrans.o
                                                  build/obj/crt1.o (symbol from plugin)
__ram0_init_text__                                /tmp/cciLWoDd.ltrans0.ltrans.o
                                                  build/obj/crt1.o (symbol from plugin)
__ram0_noinit__                                   /tmp/cciLWoDd.ltrans0.ltrans.o
                                                  build/obj/crt1.o (symbol from plugin)
__ram1_clear__                                    /tmp/cciLWoDd.ltrans0.ltrans.o
                                                  build/obj/crt1.o (symbol from plugin)
__ram1_init__                                     /tmp/cciLWoDd.ltrans0.ltrans.o
                                                  build/obj/crt1.o (symbol from plugin)
__ram1_init_text__                                /tmp/cciLWoDd.ltrans0.ltrans.o
                                                  build/obj/crt1.o (symbol from plugin)
__ram1_noinit__                                   /tmp/cciLWoDd.ltrans0.ltrans.o
                                                  build/obj/crt1.o (symbol from plugin)
__ram2_clear__                                    /tmp/cciLWoDd.ltrans0.ltrans.o
                                                  build/obj/crt1.o (symbol from plugin)
__ram2_init__                                     /tmp/cciLWoDd.ltrans0.ltrans.o
                                                  build/obj/crt1.o (symbol from plugin)
__ram2_init_text__                                /tmp/cciLWoDd.ltrans0.ltrans.o
                                                  build/obj/crt1.o (symbol from plugin)
__ram2_noinit__                                   /tmp/cciLWoDd.ltrans0.ltrans.o
                                                  build/obj/crt1.o (symbol from plugin)
__ram3_clear__                                    /tmp/cciLWoDd.ltrans0.ltrans.o
                                                  build/obj/crt1.o (symbol from plugin)
__ram3_init__                                     /tmp/cciLWoDd.ltrans0.ltrans.o
                                                  build/obj/crt1.o (symbol from plugin)
__ram3_init_text__                                /tmp/cciLWoDd.ltrans0.ltrans.o
                                                  build/obj/crt1.o (symbol from plugin)
__ram3_noinit__                                   /tmp/cciLWoDd.ltrans0.ltrans.o
                                                  build/obj/crt1.o (symbol from plugin)
__ram4_clear__                                    /tmp/cciLWoDd.ltrans0.ltrans.o
                                                  build/obj/crt1.o (symbol from plugin)
__ram4_init__                                     /tmp/cciLWoDd.ltrans0.ltrans.o
                                                  build/obj/crt1.o (symbol from plugin)
__ram4_init_text__                                /tmp/cciLWoDd.ltrans0.ltrans.o
                                                  build/obj/crt1.o (symbol from plugin)
__ram4_noinit__                                   /tmp/cciLWoDd.ltrans0.ltrans.o
                                                  build/obj/crt1.o (symbol from plugin)
__ram5_clear__                                    /tmp/cciLWoDd.ltrans0.ltrans.o
                                                  build/obj/crt1.o (symbol from plugin)
__ram5_init__                                     /tmp/cciLWoDd.ltrans0.ltrans.o
                                                  build/obj/crt1.o (symbol from plugin)
__ram5_init_text__                                /tmp/cciLWoDd.ltrans0.ltrans.o
                                                  build/obj/crt1.o (symbol from plugin)
__ram5_noinit__                                   /tmp/cciLWoDd.ltrans0.ltrans.o
                                                  build/obj/crt1.o (symbol from plugin)
__ram6_clear__                                    /tmp/cciLWoDd.ltrans0.ltrans.o
                                                  build/obj/crt1.o (symbol from plugin)
__ram6_init__                                     /tmp/cciLWoDd.ltrans0.ltrans.o
                                                  build/obj/crt1.o (symbol from plugin)
__ram6_init_text__                                /tmp/cciLWoDd.ltrans0.ltrans.o
                                                  build/obj/crt1.o (symbol from plugin)
__ram6_noinit__                                   /tmp/cciLWoDd.ltrans0.ltrans.o
                                                  build/obj/crt1.o (symbol from plugin)
__ram7_clear__                                    /tmp/cciLWoDd.ltrans0.ltrans.o
                                                  build/obj/crt1.o (symbol from plugin)
__ram7_init__                                     /tmp/cciLWoDd.ltrans0.ltrans.o
                                                  build/obj/crt1.o (symbol from plugin)
__ram7_init_text__                                /tmp/cciLWoDd.ltrans0.ltrans.o
                                                  build/obj/crt1.o (symbol from plugin)
__ram7_noinit__                                   /tmp/cciLWoDd.ltrans0.ltrans.o
                                                  build/obj/crt1.o (symbol from plugin)
_bss_end                                          build/obj/crt0_v7m.o
_bss_start                                        build/obj/crt0_v7m.o
_core_init                                        build/obj/chmemcore.o (symbol from plugin)
                                                  build/obj/chsys.o (symbol from plugin)
_data_end                                         build/obj/crt0_v7m.o
_data_start                                       build/obj/crt0_v7m.o
_heap_init                                        build/obj/chheap.o (symbol from plugin)
                                                  build/obj/chsys.o (symbol from plugin)
_pal_lld_init                                     build/obj/hal_pal_lld.o (symbol from plugin)
                                                  build/obj/hal.o (symbol from plugin)
_pal_lld_setgroupmode                             build/obj/hal_pal_lld.o (symbol from plugin)
                                                  build/obj/main.o (symbol from plugin)
                                                  build/obj/hal_pal.o (symbol from plugin)
_port_exit_from_isr                               build/obj/chcoreasm_v7m.o
                                                  /tmp/cciLWoDd.ltrans0.ltrans.o
                                                  build/obj/chcore_v7m.o (symbol from plugin)
_port_irq_epilogue                                build/obj/chcore_v7m.o (symbol from plugin)
                                                  build/obj/hal_uart_lld.o (symbol from plugin)
                                                  build/obj/hal_st_lld.o (symbol from plugin)
                                                  build/obj/stm32_dma.o (symbol from plugin)
_port_switch                                      build/obj/chcoreasm_v7m.o
                                                  /tmp/cciLWoDd.ltrans0.ltrans.o
                                                  build/obj/chschd.o (symbol from plugin)
_port_switch_from_isr                             build/obj/chcoreasm_v7m.o
                                                  /tmp/cciLWoDd.ltrans0.ltrans.o
                                                  build/obj/chcore_v7m.o (symbol from plugin)
_port_thread_start                                build/obj/chcoreasm_v7m.o
                                                  /tmp/cciLWoDd.ltrans0.ltrans.o
                                                  build/obj/chthreads.o (symbol from plugin)
_scheduler_init                                   build/obj/chschd.o (symbol from plugin)
                                                  build/obj/chsys.o (symbol from plugin)
_stm32_dma_isr_redir                              build/obj/stm32_dma.o (symbol from plugin)
_stm32_dma_streams                                build/obj/stm32_dma.o (symbol from plugin)
                                                  build/obj/hal_uart_lld.o (symbol from plugin)
                                                  build/obj/hal_spi_lld.o (symbol from plugin)
_test_assert                                      build/obj/ch_test.o (symbol from plugin)
                                                  build/obj/test_sequence_012.o (symbol from plugin)
                                                  build/obj/test_sequence_011.o (symbol from plugin)
                                                  build/obj/test_sequence_010.o (symbol from plugin)
                                                  build/obj/test_sequence_009.o (symbol from plugin)
                                                  build/obj/test_sequence_008.o (symbol from plugin)
                                                  build/obj/test_sequence_006.o (symbol from plugin)
                                                  build/obj/test_sequence_005.o (symbol from plugin)
                                                  build/obj/test_sequence_004.o (symbol from plugin)
                                                  build/obj/test_sequence_003.o (symbol from plugin)
                                                  build/obj/test_sequence_002.o (symbol from plugin)
_test_assert_sequence                             build/obj/ch_test.o (symbol from plugin)
                                                  build/obj/test_sequence_012.o (symbol from plugin)
                                                  build/obj/test_sequence_009.o (symbol from plugin)
                                                  build/obj/test_sequence_008.o (symbol from plugin)
                                                  build/obj/test_sequence_007.o (symbol from plugin)
                                                  build/obj/test_sequence_006.o (symbol from plugin)
                                                  build/obj/test_sequence_005.o (symbol from plugin)
                                                  build/obj/test_sequence_003.o (symbol from plugin)
_test_assert_time_window                          build/obj/ch_test.o (symbol from plugin)
                                                  build/obj/test_sequence_008.o (symbol from plugin)
                                                  build/obj/test_sequence_005.o (symbol from plugin)
                                                  build/obj/test_sequence_004.o (symbol from plugin)
                                                  build/obj/test_sequence_003.o (symbol from plugin)
_test_fail                                        build/obj/ch_test.o (symbol from plugin)
_textdata_start                                   build/obj/crt0_v7m.o
_thread_init                                      build/obj/chthreads.o (symbol from plugin)
                                                  build/obj/chsys.o (symbol from plugin)
_unhandled_exception                              build/obj/vectors.o (symbol from plugin)
_vectors                                          /tmp/cciLWoDd.ltrans0.ltrans.o
                                                  build/obj/vectors.o (symbol from plugin)
                                                  build/obj/crt0_v7m.o
_vt_init                                          build/obj/chvt.o (symbol from plugin)
                                                  build/obj/chsys.o (symbol from plugin)
boardInit                                         build/obj/board.o (symbol from plugin)
                                                  build/obj/hal.o (symbol from plugin)
ch                                                build/obj/chschd.o (symbol from plugin)
                                                  build/obj/main.o (symbol from plugin)
                                                  build/obj/test_sequence_013.o (symbol from plugin)
                                                  build/obj/test_sequence_012.o (symbol from plugin)
                                                  build/obj/test_sequence_008.o (symbol from plugin)
                                                  build/obj/test_sequence_007.o (symbol from plugin)
                                                  build/obj/test_sequence_006.o (symbol from plugin)
                                                  build/obj/test_sequence_005.o (symbol from plugin)
                                                  build/obj/test_sequence_004.o (symbol from plugin)
                                                  build/obj/test_sequence_003.o (symbol from plugin)
                                                  build/obj/chmsg.o (symbol from plugin)
                                                  build/obj/chevents.o (symbol from plugin)
                                                  build/obj/chcond.o (symbol from plugin)
                                                  build/obj/chmtx.o (symbol from plugin)
                                                  build/obj/chsem.o (symbol from plugin)
                                                  build/obj/chregistry.o (symbol from plugin)
                                                  build/obj/chthreads.o (symbol from plugin)
                                                  build/obj/chvt.o (symbol from plugin)
                                                  build/obj/chsys.o (symbol from plugin)
chCondBroadcast                                   build/obj/chcond.o (symbol from plugin)
                                                  build/obj/test_sequence_006.o (symbol from plugin)
chCondBroadcastI                                  build/obj/chcond.o (symbol from plugin)
chCondObjectInit                                  build/obj/chcond.o (symbol from plugin)
                                                  build/obj/test_sequence_006.o (symbol from plugin)
chCondSignal                                      build/obj/chcond.o (symbol from plugin)
                                                  build/obj/test_sequence_006.o (symbol from plugin)
chCondSignalI                                     build/obj/chcond.o (symbol from plugin)
                                                  build/obj/test_sequence_006.o (symbol from plugin)
chCondWait                                        build/obj/chcond.o (symbol from plugin)
                                                  build/obj/test_sequence_006.o (symbol from plugin)
chCondWaitS                                       build/obj/chcond.o (symbol from plugin)
chCondWaitTimeout                                 build/obj/chcond.o (symbol from plugin)
                                                  build/obj/test_sequence_006.o (symbol from plugin)
chCondWaitTimeoutS                                build/obj/chcond.o (symbol from plugin)
chCoreAllocAlignedWithOffset                      build/obj/chmemcore.o (symbol from plugin)
                                                  build/obj/chheap.o (symbol from plugin)
chCoreAllocAlignedWithOffsetI                     build/obj/chmemcore.o (symbol from plugin)
chCoreGetStatusX                                  build/obj/chmemcore.o (symbol from plugin)
chEvtAddEvents                                    build/obj/chevents.o (symbol from plugin)
                                                  build/obj/test_sequence_008.o (symbol from plugin)
chEvtBroadcastFlags                               build/obj/chevents.o (symbol from plugin)
                                                  build/obj/test_sequence_008.o (symbol from plugin)
chEvtBroadcastFlagsI                              build/obj/chevents.o (symbol from plugin)
chEvtDispatch                                     build/obj/chevents.o (symbol from plugin)
                                                  build/obj/test_sequence_008.o (symbol from plugin)
chEvtGetAndClearEvents                            build/obj/chevents.o (symbol from plugin)
                                                  build/obj/test_sequence_008.o (symbol from plugin)
chEvtGetAndClearFlags                             build/obj/chevents.o (symbol from plugin)
chEvtGetAndClearFlagsI                            build/obj/chevents.o (symbol from plugin)
chEvtRegisterMaskWithFlags                        build/obj/chevents.o (symbol from plugin)
                                                  build/obj/test_sequence_008.o (symbol from plugin)
chEvtSignal                                       build/obj/chevents.o (symbol from plugin)
                                                  build/obj/test_sequence_008.o (symbol from plugin)
chEvtSignalI                                      build/obj/chevents.o (symbol from plugin)
chEvtUnregister                                   build/obj/chevents.o (symbol from plugin)
                                                  build/obj/test_sequence_008.o (symbol from plugin)
chEvtWaitAll                                      build/obj/chevents.o (symbol from plugin)
                                                  build/obj/test_sequence_008.o (symbol from plugin)
chEvtWaitAllTimeout                               build/obj/chevents.o (symbol from plugin)
                                                  build/obj/test_sequence_008.o (symbol from plugin)
chEvtWaitAny                                      build/obj/chevents.o (symbol from plugin)
                                                  build/obj/test_sequence_008.o (symbol from plugin)
chEvtWaitAnyTimeout                               build/obj/chevents.o (symbol from plugin)
                                                  build/obj/test_sequence_008.o (symbol from plugin)
chEvtWaitOne                                      build/obj/chevents.o (symbol from plugin)
                                                  build/obj/test_sequence_008.o (symbol from plugin)
chEvtWaitOneTimeout                               build/obj/chevents.o (symbol from plugin)
                                                  build/obj/test_sequence_008.o (symbol from plugin)
chGuardedPoolAllocTimeout                         build/obj/chmempools.o (symbol from plugin)
                                                  build/obj/test_sequence_010.o (symbol from plugin)
chGuardedPoolAllocTimeoutS                        build/obj/chmempools.o (symbol from plugin)
chGuardedPoolFree                                 build/obj/chmempools.o (symbol from plugin)
                                                  build/obj/test_sequence_010.o (symbol from plugin)
chGuardedPoolFreeI                                build/obj/chmempools.o (symbol from plugin)
chGuardedPoolLoadArray                            build/obj/chmempools.o (symbol from plugin)
                                                  build/obj/test_sequence_010.o (symbol from plugin)
chGuardedPoolObjectInit                           build/obj/chmempools.o (symbol from plugin)
                                                  build/obj/test_sequence_010.o (symbol from plugin)
chHeapAllocAligned                                build/obj/chheap.o (symbol from plugin)
                                                  build/obj/test_sequence_011.o (symbol from plugin)
                                                  build/obj/chdynamic.o (symbol from plugin)
chHeapFree                                        build/obj/chheap.o (symbol from plugin)
                                                  build/obj/test_sequence_011.o (symbol from plugin)
                                                  build/obj/chthreads.o (symbol from plugin)
chHeapObjectInit                                  build/obj/chheap.o (symbol from plugin)
                                                  build/obj/test_sequence_012.o (symbol from plugin)
                                                  build/obj/test_sequence_011.o (symbol from plugin)
chHeapStatus                                      build/obj/chheap.o (symbol from plugin)
                                                  build/obj/test_sequence_012.o (symbol from plugin)
                                                  build/obj/test_sequence_011.o (symbol from plugin)
chMBFetch                                         build/obj/chmboxes.o (symbol from plugin)
                                                  build/obj/test_sequence_009.o (symbol from plugin)
chMBFetchI                                        build/obj/chmboxes.o (symbol from plugin)
                                                  build/obj/test_sequence_009.o (symbol from plugin)
chMBFetchS                                        build/obj/chmboxes.o (symbol from plugin)
chMBObjectInit                                    build/obj/chmboxes.o (symbol from plugin)
                                                  build/obj/test_sequence_009.o (symbol from plugin)
chMBPost                                          build/obj/chmboxes.o (symbol from plugin)
                                                  build/obj/test_sequence_009.o (symbol from plugin)
chMBPostAhead                                     build/obj/chmboxes.o (symbol from plugin)
                                                  build/obj/test_sequence_009.o (symbol from plugin)
chMBPostAheadI                                    build/obj/chmboxes.o (symbol from plugin)
                                                  build/obj/test_sequence_009.o (symbol from plugin)
chMBPostAheadS                                    build/obj/chmboxes.o (symbol from plugin)
chMBPostI                                         build/obj/chmboxes.o (symbol from plugin)
                                                  build/obj/test_sequence_009.o (symbol from plugin)
chMBPostS                                         build/obj/chmboxes.o (symbol from plugin)
chMBReset                                         build/obj/chmboxes.o (symbol from plugin)
                                                  build/obj/test_sequence_009.o (symbol from plugin)
chMBResetI                                        build/obj/chmboxes.o (symbol from plugin)
                                                  build/obj/test_sequence_009.o (symbol from plugin)
chMsgRelease                                      build/obj/chmsg.o (symbol from plugin)
                                                  build/obj/test_sequence_013.o (symbol from plugin)
                                                  build/obj/test_sequence_007.o (symbol from plugin)
chMsgSend                                         build/obj/chmsg.o (symbol from plugin)
                                                  build/obj/test_sequence_013.o (symbol from plugin)
                                                  build/obj/test_sequence_007.o (symbol from plugin)
chMsgWait                                         build/obj/chmsg.o (symbol from plugin)
                                                  build/obj/test_sequence_013.o (symbol from plugin)
                                                  build/obj/test_sequence_007.o (symbol from plugin)
chMtxLock                                         build/obj/chmtx.o (symbol from plugin)
                                                  build/obj/test_sequence_013.o (symbol from plugin)
                                                  build/obj/test_sequence_006.o (symbol from plugin)
                                                  build/obj/hal_spi.o (symbol from plugin)
                                                  build/obj/chheap.o (symbol from plugin)
chMtxLockS                                        build/obj/chmtx.o (symbol from plugin)
                                                  build/obj/test_sequence_006.o (symbol from plugin)
                                                  build/obj/chcond.o (symbol from plugin)
chMtxObjectInit                                   build/obj/chmtx.o (symbol from plugin)
                                                  build/obj/test_sequence_013.o (symbol from plugin)
                                                  build/obj/test_sequence_006.o (symbol from plugin)
                                                  build/obj/hal_spi.o (symbol from plugin)
                                                  build/obj/chheap.o (symbol from plugin)
chMtxTryLock                                      build/obj/chmtx.o (symbol from plugin)
                                                  build/obj/test_sequence_006.o (symbol from plugin)
chMtxTryLockS                                     build/obj/chmtx.o (symbol from plugin)
chMtxUnlock                                       build/obj/chmtx.o (symbol from plugin)
                                                  build/obj/test_sequence_013.o (symbol from plugin)
                                                  build/obj/test_sequence_006.o (symbol from plugin)
                                                  build/obj/hal_spi.o (symbol from plugin)
                                                  build/obj/chheap.o (symbol from plugin)
chMtxUnlockAll                                    build/obj/chmtx.o (symbol from plugin)
                                                  build/obj/test_sequence_006.o (symbol from plugin)
chMtxUnlockAllS                                   build/obj/chmtx.o (symbol from plugin)
chMtxUnlockS                                      build/obj/chmtx.o (symbol from plugin)
                                                  build/obj/test_sequence_006.o (symbol from plugin)
                                                  build/obj/chcond.o (symbol from plugin)
chPoolAlloc                                       build/obj/chmempools.o (symbol from plugin)
                                                  build/obj/test_sequence_012.o (symbol from plugin)
                                                  build/obj/test_sequence_010.o (symbol from plugin)
                                                  build/obj/chdynamic.o (symbol from plugin)
chPoolAllocI                                      build/obj/chmempools.o (symbol from plugin)
chPoolFree                                        build/obj/chmempools.o (symbol from plugin)
                                                  build/obj/test_sequence_012.o (symbol from plugin)
                                                  build/obj/test_sequence_010.o (symbol from plugin)
                                                  build/obj/chthreads.o (symbol from plugin)
chPoolFreeI                                       build/obj/chmempools.o (symbol from plugin)
chPoolLoadArray                                   build/obj/chmempools.o (symbol from plugin)
                                                  build/obj/test_sequence_010.o (symbol from plugin)
chPoolObjectInit                                  build/obj/chmempools.o (symbol from plugin)
                                                  build/obj/test_sequence_012.o (symbol from plugin)
                                                  build/obj/test_sequence_010.o (symbol from plugin)
chRegFindThreadByName                             build/obj/chregistry.o (symbol from plugin)
chRegFindThreadByPointer                          build/obj/chregistry.o (symbol from plugin)
chRegFindThreadByWorkingArea                      build/obj/chregistry.o (symbol from plugin)
chRegFirstThread                                  build/obj/chregistry.o (symbol from plugin)
chRegNextThread                                   build/obj/chregistry.o (symbol from plugin)
chSchDoReschedule                                 /tmp/cciLWoDd.ltrans0.ltrans.o
                                                  build/obj/chschd.o (symbol from plugin)
                                                  build/obj/chcoreasm_v7m.o
chSchDoRescheduleAhead                            build/obj/chschd.o (symbol from plugin)
chSchDoRescheduleBehind                           build/obj/chschd.o (symbol from plugin)
                                                  build/obj/chthreads.o (symbol from plugin)
chSchGoSleepS                                     build/obj/chschd.o (symbol from plugin)
                                                  build/obj/test_sequence_013.o (symbol from plugin)
                                                  build/obj/chmsg.o (symbol from plugin)
                                                  build/obj/chevents.o (symbol from plugin)
                                                  build/obj/chcond.o (symbol from plugin)
                                                  build/obj/chmtx.o (symbol from plugin)
                                                  build/obj/chsem.o (symbol from plugin)
                                                  build/obj/chthreads.o (symbol from plugin)
chSchGoSleepTimeoutS                              build/obj/chschd.o (symbol from plugin)
                                                  build/obj/chevents.o (symbol from plugin)
                                                  build/obj/chcond.o (symbol from plugin)
                                                  build/obj/chsem.o (symbol from plugin)
                                                  build/obj/chthreads.o (symbol from plugin)
chSchIsPreemptionRequired                         build/obj/chschd.o (symbol from plugin)
                                                  build/obj/chcore_v7m.o (symbol from plugin)
chSchReadyAheadI                                  build/obj/chschd.o (symbol from plugin)
chSchReadyI                                       build/obj/chschd.o (symbol from plugin)
                                                  build/obj/chmsg.o (symbol from plugin)
                                                  build/obj/chevents.o (symbol from plugin)
                                                  build/obj/chcond.o (symbol from plugin)
                                                  build/obj/chmtx.o (symbol from plugin)
                                                  build/obj/chsem.o (symbol from plugin)
                                                  build/obj/chthreads.o (symbol from plugin)
chSchRescheduleS                                  build/obj/chschd.o (symbol from plugin)
                                                  build/obj/test_sequence_006.o (symbol from plugin)
                                                  build/obj/test_sequence_005.o (symbol from plugin)
                                                  build/obj/test_sequence_004.o (symbol from plugin)
                                                  build/obj/chmempools.o (symbol from plugin)
                                                  build/obj/chmboxes.o (symbol from plugin)
                                                  build/obj/chevents.o (symbol from plugin)
                                                  build/obj/chcond.o (symbol from plugin)
                                                  build/obj/chmtx.o (symbol from plugin)
                                                  build/obj/chsem.o (symbol from plugin)
                                                  build/obj/chthreads.o (symbol from plugin)
                                                  build/obj/chsys.o (symbol from plugin)
chSchWakeupS                                      build/obj/chschd.o (symbol from plugin)
                                                  build/obj/test_sequence_013.o (symbol from plugin)
                                                  build/obj/chdynamic.o (symbol from plugin)
                                                  build/obj/chmsg.o (symbol from plugin)
                                                  build/obj/chcond.o (symbol from plugin)
                                                  build/obj/chsem.o (symbol from plugin)
                                                  build/obj/chthreads.o (symbol from plugin)
chSemAddCounterI                                  build/obj/chsem.o (symbol from plugin)
                                                  build/obj/test_sequence_005.o (symbol from plugin)
chSemObjectInit                                   build/obj/chsem.o (symbol from plugin)
                                                  build/obj/test_sequence_013.o (symbol from plugin)
                                                  build/obj/test_sequence_005.o (symbol from plugin)
                                                  build/obj/chmempools.o (symbol from plugin)
chSemReset                                        build/obj/chsem.o (symbol from plugin)
                                                  build/obj/test_sequence_013.o (symbol from plugin)
                                                  build/obj/test_sequence_005.o (symbol from plugin)
chSemResetI                                       build/obj/chsem.o (symbol from plugin)
chSemSignal                                       build/obj/chsem.o (symbol from plugin)
                                                  build/obj/test_sequence_013.o (symbol from plugin)
                                                  build/obj/test_sequence_005.o (symbol from plugin)
chSemSignalI                                      build/obj/chsem.o (symbol from plugin)
                                                  build/obj/test_sequence_005.o (symbol from plugin)
                                                  build/obj/chmempools.o (symbol from plugin)
chSemSignalWait                                   build/obj/chsem.o (symbol from plugin)
                                                  build/obj/test_sequence_005.o (symbol from plugin)
chSemWait                                         build/obj/chsem.o (symbol from plugin)
                                                  build/obj/test_sequence_013.o (symbol from plugin)
                                                  build/obj/test_sequence_005.o (symbol from plugin)
chSemWaitS                                        build/obj/chsem.o (symbol from plugin)
chSemWaitTimeout                                  build/obj/chsem.o (symbol from plugin)
                                                  build/obj/test_sequence_005.o (symbol from plugin)
chSemWaitTimeoutS                                 build/obj/chsem.o (symbol from plugin)
                                                  build/obj/chmempools.o (symbol from plugin)
chSysGetStatusAndLockX                            build/obj/chsys.o (symbol from plugin)
                                                  build/obj/test_sequence_002.o (symbol from plugin)
chSysHalt                                         build/obj/chsys.o (symbol from plugin)
                                                  build/obj/hal_uart_lld.o (symbol from plugin)
                                                  build/obj/hal_spi_lld.o (symbol from plugin)
chSysInit                                         build/obj/chsys.o (symbol from plugin)
                                                  build/obj/main.o (symbol from plugin)
chSysIntegrityCheckI                              build/obj/chsys.o (symbol from plugin)
                                                  build/obj/test_sequence_002.o (symbol from plugin)
chSysIsCounterWithinX                             build/obj/chsys.o (symbol from plugin)
chSysPolledDelayX                                 build/obj/chsys.o (symbol from plugin)
chSysRestoreStatusX                               build/obj/chsys.o (symbol from plugin)
                                                  build/obj/test_sequence_002.o (symbol from plugin)
chSysTimerHandlerI                                build/obj/chsys.o (symbol from plugin)
                                                  build/obj/hal_st_lld.o (symbol from plugin)
chThdAddRef                                       build/obj/chthreads.o (symbol from plugin)
chThdCreate                                       build/obj/chthreads.o (symbol from plugin)
                                                  build/obj/chsys.o (symbol from plugin)
chThdCreateFromHeap                               build/obj/chdynamic.o (symbol from plugin)
                                                  build/obj/test_sequence_012.o (symbol from plugin)
chThdCreateFromMemoryPool                         build/obj/chdynamic.o (symbol from plugin)
                                                  build/obj/test_sequence_012.o (symbol from plugin)
chThdCreateI                                      build/obj/chthreads.o (symbol from plugin)
chThdCreateStatic                                 build/obj/chthreads.o (symbol from plugin)
                                                  build/obj/main.o (symbol from plugin)
                                                  build/obj/test_sequence_013.o (symbol from plugin)
                                                  build/obj/test_sequence_008.o (symbol from plugin)
                                                  build/obj/test_sequence_007.o (symbol from plugin)
                                                  build/obj/test_sequence_006.o (symbol from plugin)
                                                  build/obj/test_sequence_005.o (symbol from plugin)
                                                  build/obj/test_sequence_004.o (symbol from plugin)
                                                  build/obj/test_sequence_003.o (symbol from plugin)
chThdCreateSuspended                              build/obj/chthreads.o (symbol from plugin)
chThdCreateSuspendedI                             build/obj/chthreads.o (symbol from plugin)
                                                  build/obj/chdynamic.o (symbol from plugin)
chThdDequeueAllI                                  build/obj/chthreads.o (symbol from plugin)
                                                  build/obj/hal_queues.o (symbol from plugin)
                                                  build/obj/hal_buffers.o (symbol from plugin)
                                                  build/obj/chmboxes.o (symbol from plugin)
chThdDequeueNextI                                 build/obj/chthreads.o (symbol from plugin)
                                                  build/obj/hal_queues.o (symbol from plugin)
                                                  build/obj/hal_buffers.o (symbol from plugin)
                                                  build/obj/chmboxes.o (symbol from plugin)
chThdEnqueueTimeoutS                              build/obj/chthreads.o (symbol from plugin)
                                                  build/obj/hal_queues.o (symbol from plugin)
                                                  build/obj/hal_buffers.o (symbol from plugin)
                                                  build/obj/chmboxes.o (symbol from plugin)
chThdExit                                         /tmp/cciLWoDd.ltrans0.ltrans.o
                                                  build/obj/chthreads.o (symbol from plugin)
                                                  build/obj/test_sequence_013.o (symbol from plugin)
                                                  build/obj/chcoreasm_v7m.o
chThdExitS                                        build/obj/chthreads.o (symbol from plugin)
chThdRelease                                      build/obj/chthreads.o (symbol from plugin)
                                                  build/obj/test_sequence_013.o (symbol from plugin)
                                                  build/obj/chregistry.o (symbol from plugin)
chThdResume                                       build/obj/chthreads.o (symbol from plugin)
chThdResumeI                                      build/obj/chthreads.o (symbol from plugin)
                                                  build/obj/test_sequence_004.o (symbol from plugin)
                                                  build/obj/hal_spi_lld.o (symbol from plugin)
chThdResumeS                                      build/obj/chthreads.o (symbol from plugin)
chThdSetPriority                                  build/obj/chthreads.o (symbol from plugin)
                                                  build/obj/test_sequence_003.o (symbol from plugin)
chThdSleep                                        build/obj/chthreads.o (symbol from plugin)
                                                  build/obj/main.o (symbol from plugin)
                                                  build/obj/test_sequence_013.o (symbol from plugin)
                                                  build/obj/test_sequence_008.o (symbol from plugin)
                                                  build/obj/test_sequence_006.o (symbol from plugin)
                                                  build/obj/test_sequence_005.o (symbol from plugin)
                                                  build/obj/test_sequence_003.o (symbol from plugin)
                                                  build/obj/test_sequence_002.o (symbol from plugin)
                                                  build/obj/test_root.o (symbol from plugin)
                                                  build/obj/ch_test.o (symbol from plugin)
chThdSleepUntil                                   build/obj/chthreads.o (symbol from plugin)
                                                  build/obj/test_sequence_003.o (symbol from plugin)
chThdSleepUntilWindowed                           build/obj/chthreads.o (symbol from plugin)
chThdStart                                        build/obj/chthreads.o (symbol from plugin)
chThdSuspendS                                     build/obj/chthreads.o (symbol from plugin)
                                                  build/obj/hal_spi.o (symbol from plugin)
chThdSuspendTimeoutS                              build/obj/chthreads.o (symbol from plugin)
                                                  build/obj/test_sequence_004.o (symbol from plugin)
chThdTerminate                                    build/obj/chthreads.o (symbol from plugin)
                                                  build/obj/test_root.o (symbol from plugin)
chThdWait                                         build/obj/chthreads.o (symbol from plugin)
                                                  build/obj/test_sequence_013.o (symbol from plugin)
                                                  build/obj/test_root.o (symbol from plugin)
chThdYield                                        build/obj/chthreads.o (symbol from plugin)
                                                  build/obj/test_sequence_013.o (symbol from plugin)
chVTDoResetI                                      build/obj/chvt.o (symbol from plugin)
                                                  build/obj/test_sequence_013.o (symbol from plugin)
                                                  build/obj/test_sequence_002.o (symbol from plugin)
                                                  build/obj/chschd.o (symbol from plugin)
chVTDoSetI                                        build/obj/chvt.o (symbol from plugin)
                                                  build/obj/test_sequence_013.o (symbol from plugin)
                                                  build/obj/test_sequence_002.o (symbol from plugin)
                                                  build/obj/chschd.o (symbol from plugin)
ch_debug                                          build/obj/chregistry.o (symbol from plugin)
                                                  build/obj/chsys.o (symbol from plugin)
ch_idle_thread_wa                                 build/obj/chsys.o (symbol from plugin)
ch_memcore                                        build/obj/chmemcore.o (symbol from plugin)
chprintf                                          build/obj/chprintf.o (symbol from plugin)
chsnprintf                                        build/obj/chprintf.o (symbol from plugin)
chvprintf                                         build/obj/chprintf.o (symbol from plugin)
dmaInit                                           build/obj/stm32_dma.o (symbol from plugin)
                                                  build/obj/hal_lld.o (symbol from plugin)
dmaStreamAllocate                                 build/obj/stm32_dma.o (symbol from plugin)
                                                  build/obj/hal_uart_lld.o (symbol from plugin)
                                                  build/obj/hal_spi_lld.o (symbol from plugin)
dmaStreamRelease                                  build/obj/stm32_dma.o (symbol from plugin)
                                                  build/obj/hal_uart_lld.o (symbol from plugin)
                                                  build/obj/hal_spi_lld.o (symbol from plugin)
halInit                                           build/obj/hal.o (symbol from plugin)
                                                  build/obj/main.o (symbol from plugin)
hal_lld_init                                      build/obj/hal_lld.o (symbol from plugin)
                                                  build/obj/hal.o (symbol from plugin)
ibqGetEmptyBufferI                                build/obj/hal_buffers.o (symbol from plugin)
ibqGetFullBufferTimeout                           build/obj/hal_buffers.o (symbol from plugin)
ibqGetFullBufferTimeoutS                          build/obj/hal_buffers.o (symbol from plugin)
ibqGetTimeout                                     build/obj/hal_buffers.o (symbol from plugin)
ibqObjectInit                                     build/obj/hal_buffers.o (symbol from plugin)
ibqPostFullBufferI                                build/obj/hal_buffers.o (symbol from plugin)
ibqReadTimeout                                    build/obj/hal_buffers.o (symbol from plugin)
ibqReleaseEmptyBuffer                             build/obj/hal_buffers.o (symbol from plugin)
ibqReleaseEmptyBufferS                            build/obj/hal_buffers.o (symbol from plugin)
ibqResetI                                         build/obj/hal_buffers.o (symbol from plugin)
iqGetTimeout                                      build/obj/hal_queues.o (symbol from plugin)
iqObjectInit                                      build/obj/hal_queues.o (symbol from plugin)
iqPutI                                            build/obj/hal_queues.o (symbol from plugin)
iqReadTimeout                                     build/obj/hal_queues.o (symbol from plugin)
iqResetI                                          build/obj/hal_queues.o (symbol from plugin)
main                                              /tmp/cciLWoDd.ltrans0.ltrans.o
                                                  build/obj/main.o (symbol from plugin)
                                                  build/obj/crt0_v7m.o
msObjectInit                                      build/obj/chprintf.o (symbol from plugin)
nvicClearPending                                  build/obj/nvic.o (symbol from plugin)
nvicDisableVector                                 build/obj/nvic.o (symbol from plugin)
                                                  build/obj/hal_uart_lld.o (symbol from plugin)
                                                  build/obj/stm32_dma.o (symbol from plugin)
nvicEnableVector                                  build/obj/nvic.o (symbol from plugin)
                                                  build/obj/hal_uart_lld.o (symbol from plugin)
                                                  build/obj/hal_st_lld.o (symbol from plugin)
                                                  build/obj/stm32_dma.o (symbol from plugin)
nvicSetSystemHandlerPriority                      build/obj/nvic.o (symbol from plugin)
obqFlush                                          build/obj/hal_buffers.o (symbol from plugin)
obqGetEmptyBufferTimeout                          build/obj/hal_buffers.o (symbol from plugin)
obqGetEmptyBufferTimeoutS                         build/obj/hal_buffers.o (symbol from plugin)
obqGetFullBufferI                                 build/obj/hal_buffers.o (symbol from plugin)
obqObjectInit                                     build/obj/hal_buffers.o (symbol from plugin)
obqPostFullBuffer                                 build/obj/hal_buffers.o (symbol from plugin)
obqPostFullBufferS                                build/obj/hal_buffers.o (symbol from plugin)
obqPutTimeout                                     build/obj/hal_buffers.o (symbol from plugin)
obqReleaseEmptyBufferI                            build/obj/hal_buffers.o (symbol from plugin)
obqResetI                                         build/obj/hal_buffers.o (symbol from plugin)
obqTryFlushI                                      build/obj/hal_buffers.o (symbol from plugin)
obqWriteTimeout                                   build/obj/hal_buffers.o (symbol from plugin)
oqGetI                                            build/obj/hal_queues.o (symbol from plugin)
oqObjectInit                                      build/obj/hal_queues.o (symbol from plugin)
oqPutTimeout                                      build/obj/hal_queues.o (symbol from plugin)
oqResetI                                          build/obj/hal_queues.o (symbol from plugin)
oqWriteTimeout                                    build/obj/hal_queues.o (symbol from plugin)
palReadBus                                        build/obj/hal_pal.o (symbol from plugin)
palSetBusMode                                     build/obj/hal_pal.o (symbol from plugin)
palWriteBus                                       build/obj/hal_pal.o (symbol from plugin)
pal_default_config                                build/obj/board.o (symbol from plugin)
                                                  build/obj/hal.o (symbol from plugin)
rx                                                build/obj/main.o (symbol from plugin)
samples                                           build/obj/main.o (symbol from plugin)
spiAcquireBus                                     build/obj/hal_spi.o (symbol from plugin)
spiExchange                                       build/obj/hal_spi.o (symbol from plugin)
spiIgnore                                         build/obj/hal_spi.o (symbol from plugin)
spiInit                                           build/obj/hal_spi.o (symbol from plugin)
                                                  build/obj/hal.o (symbol from plugin)
spiObjectInit                                     build/obj/hal_spi.o (symbol from plugin)
                                                  build/obj/hal_spi_lld.o (symbol from plugin)
spiReceive                                        build/obj/hal_spi.o (symbol from plugin)
spiReleaseBus                                     build/obj/hal_spi.o (symbol from plugin)
spiSelect                                         build/obj/hal_spi.o (symbol from plugin)
spiSend                                           build/obj/hal_spi.o (symbol from plugin)
spiStart                                          build/obj/hal_spi.o (symbol from plugin)
spiStartExchange                                  build/obj/hal_spi.o (symbol from plugin)
spiStartIgnore                                    build/obj/hal_spi.o (symbol from plugin)
spiStartReceive                                   build/obj/hal_spi.o (symbol from plugin)
spiStartSend                                      build/obj/hal_spi.o (symbol from plugin)
spiStop                                           build/obj/hal_spi.o (symbol from plugin)
spiUnselect                                       build/obj/hal_spi.o (symbol from plugin)
spi_lld_exchange                                  build/obj/hal_spi_lld.o (symbol from plugin)
                                                  build/obj/hal_spi.o (symbol from plugin)
spi_lld_ignore                                    build/obj/hal_spi_lld.o (symbol from plugin)
                                                  build/obj/hal_spi.o (symbol from plugin)
spi_lld_init                                      build/obj/hal_spi_lld.o (symbol from plugin)
                                                  build/obj/hal_spi.o (symbol from plugin)
spi_lld_polled_exchange                           build/obj/hal_spi_lld.o (symbol from plugin)
spi_lld_receive                                   build/obj/hal_spi_lld.o (symbol from plugin)
                                                  build/obj/hal_spi.o (symbol from plugin)
spi_lld_select                                    build/obj/hal_spi_lld.o (symbol from plugin)
                                                  build/obj/hal_spi.o (symbol from plugin)
spi_lld_send                                      build/obj/hal_spi_lld.o (symbol from plugin)
                                                  build/obj/hal_spi.o (symbol from plugin)
spi_lld_start                                     build/obj/hal_spi_lld.o (symbol from plugin)
                                                  build/obj/hal_spi.o (symbol from plugin)
spi_lld_stop                                      build/obj/hal_spi_lld.o (symbol from plugin)
                                                  build/obj/hal_spi.o (symbol from plugin)
spi_lld_unselect                                  build/obj/hal_spi_lld.o (symbol from plugin)
                                                  build/obj/hal_spi.o (symbol from plugin)
stGetAlarm                                        build/obj/hal_st.o (symbol from plugin)
stInit                                            build/obj/hal_st.o (symbol from plugin)
                                                  build/obj/hal.o (symbol from plugin)
stSetAlarm                                        build/obj/hal_st.o (symbol from plugin)
                                                  build/obj/chvt.o (symbol from plugin)
                                                  build/obj/chsys.o (symbol from plugin)
stStartAlarm                                      build/obj/hal_st.o (symbol from plugin)
                                                  build/obj/chvt.o (symbol from plugin)
stStopAlarm                                       build/obj/hal_st.o (symbol from plugin)
                                                  build/obj/chvt.o (symbol from plugin)
                                                  build/obj/chsys.o (symbol from plugin)
st_lld_init                                       build/obj/hal_st_lld.o (symbol from plugin)
                                                  build/obj/hal_st.o (symbol from plugin)
stm32_clock_init                                  build/obj/hal_lld.o (symbol from plugin)
                                                  build/obj/board.o (symbol from plugin)
test_buffer                                       build/obj/test_root.o (symbol from plugin)
                                                  build/obj/test_sequence_012.o (symbol from plugin)
                                                  build/obj/test_sequence_011.o (symbol from plugin)
test_emit_token                                   build/obj/ch_test.o (symbol from plugin)
                                                  build/obj/test_sequence_012.o (symbol from plugin)
                                                  build/obj/test_sequence_009.o (symbol from plugin)
                                                  build/obj/test_sequence_008.o (symbol from plugin)
                                                  build/obj/test_sequence_007.o (symbol from plugin)
                                                  build/obj/test_sequence_006.o (symbol from plugin)
                                                  build/obj/test_sequence_005.o (symbol from plugin)
                                                  build/obj/test_sequence_004.o (symbol from plugin)